03-24 11:13:46.079 D/QtiRadioIndication( 3028): onNrDcParamChange: slotId = 0
03-24 11:13:46.079 D/QtiRadioIndication( 3028): onNrDcParamChange: DcParam: Endc: 0 Dcnr: 1
03-24 11:13:46.079 D/MainServiceImpl( 3028): onNrDcParam slotId = 0 token = Token: -1 status = Status: 1 DcParam = DcParam: Endc: 0 Dcnr: 1
03-24 11:13:46.079 D/QtiRadioIndication( 3028): onUpperLayerIndInfoChange: slotId = 0
03-24 11:13:46.079 D/QtiRadioIndication( 3028): onUpperLayerIndInfoChange:  upperLayerInfo = UpperLayerIndInfo: PLMN: 0 UpperLayerIndInfo: 0
03-24 11:13:46.079 D/MainServiceImpl( 3028): onUpperLayerIndInfo slotId = 0 UpperLayerIndInfo = UpperLayerIndInfo: PLMN: 0 UpperLayerIndInfo: 0
03-24 11:13:46.079 D/MainServiceImplHandler: ( 3028): handleMessage msg.what = 3
03-24 11:13:46.079 D/MainServiceImplHandler: ( 3028): EVENT_ON_NR_DUAL_CONNECTIVITY_CHANGE_IND
03-24 11:13:46.079 D/MainServiceImpl( 3028): onNrDcParam: Responding back for transaction = null
03-24 11:13:46.079 D/MainServiceImpl( 3028): onNrDcParam: Responding back for transaction = null
03-24 11:13:46.080 D/SYS_EVENT( 4319): send event 16 notification to client
03-24 11:13:46.081 D/DeviceStatisticsService( 2975): Send device is interactive
03-24 11:13:46.082 D/DeviceInfoHidlClient( 2975): getDeviceInfoSupportStatus()=1
03-24 11:13:46.082 D/DeviceInfoHidlClient( 2975): isRadioOn()=true
03-24 11:13:46.082 I/DeviceInfoHidlClient( 2975): deviceState=2
03-24 11:13:46.085 E/NfcService(17494): screen state : android.intent.action.SCREEN_ON
03-24 11:13:46.086 D/NfcService(17494): MSG_APPLY_SCREEN_STATE 4
03-24 11:13:46.086 D/MainServiceImpl( 3028): onNrDcParam: Responding back for transaction = null
03-24 11:13:46.086 I/libnfc_nci(17494): [INFO:NativeNfcManager.cpp(2836)] nfcManager_doSetScreenState: state = 4 prevScreenState= 2, discovry_param = 1
03-24 11:13:46.086 D/MainServiceImplHandler: ( 3028): handleMessage msg.what = 5
03-24 11:13:46.086 D/MainServiceImplHandler: ( 3028): EVENT_ON_UPPER_LAYER_INDICATION_INFO
03-24 11:13:46.086 D/MainServiceImpl( 3028): onUpperLayerIndInfo: Responding back for transaction = null
03-24 11:13:46.086 I/libnfc_nci(17494): [INFO:nfa_dm_api.cc(230)] NFA_SetPowerSubStateForScreenState: state:0x4
03-24 11:13:46.086 D/MainServiceImpl( 3028): onUpperLayerIndInfo: Responding back for transaction = null
03-24 11:13:46.086 I/libnfc_nci(17494): [INFO:nfa_sys_main.cc(77)] NFA got event 0x011A
03-24 11:13:46.086 I/libnfc_nci(17494): [INFO:nfa_dm_main.cc(151)] event: NFA_DM_API_SET_POWER_SUB_STATE_EVT (0x1a)
03-24 11:13:46.086 I/libnfc_nci(17494): [INFO:nfa_dm_act.cc(660)] nfa_dm_set_power_sub_state
03-24 11:13:46.086 I/libnfc_nci(17494): [INFO:nfc_ncif.cc(382)] nfc_ncif_send_cmd()
03-24 11:13:46.086 I/libnfc_nci(17494): [INFO:NfcAdaptation.cc(722)] NfcAdaptation::HalWrite
03-24 11:13:46.086 D/NxpTml  (  942): PN54X - Write requested.....
03-24 11:13:46.086 D/NxpTml  (  942): PN54X - Invoking I2C Write.....
03-24 11:13:46.087 E/NxpTml  (  942): _i2c_write() errno : 5
03-24 11:13:46.087 E/NxpTml  (  942): PN54X - Error in I2C Write.....
03-24 11:13:46.087 D/NxpTml  (  942): PN54X - Posting Fresh Write message.....
03-24 11:13:46.087 D/NxpTml  (  942): PN54X - Tml Writer Thread Running................
03-24 11:13:46.087 E/NxpHal  (  942): write error status = 0x1ff
03-24 11:13:46.087 E/NxpHal  (  942): write_unlocked failed - PN54X Maybe in Standby Mode - Retry
03-24 11:13:46.092 I/QcrilOemhookMsgTunnel( 2903): [0]processOemHookResponse serial no: 1461 error: 0length=4
03-24 11:13:46.092 D/QcrilMsgTunnelIfaceManager( 2903): handleMessage what = 4
03-24 11:13:46.092 D/QcrilMsgTunnelIfaceManager( 2903): OEM_RIL_REQUEST_ASYNC_DONE requestAsync.sub :0
03-24 11:13:46.092 D/ModemServiceMoniter( 3028): onOemHookResponse, mMsg.what: 27, phoneId: 0
03-24 11:13:46.092 D/ModemServiceMoniter( 3028): ret = 0
03-24 11:13:46.093 D/StandbyModeManager(26578): onReceive action: android.intent.action.SCREEN_ON
03-24 11:13:46.096 D/MSF.C.QuickSendManager(26578): sendQuickHeartBeat, timeout = 2000
03-24 11:13:46.096 D/MSF.C.DeepSleepDetector(26578): [hasInDeepSleep] result: true, bgTime: 3891076, mCount: 61, interval: 60000
03-24 11:13:46.096 D/MSF.C.DeepSleepDetector(26578): onScreenOn hasInDeepSleep true
03-24 11:13:46.096 D/MSF.C.NetConnTag.true(26578): pa ok: 52872
03-24 11:13:46.097 D/MSF.C.NetConnTag.DualConnContext.true(26578): tryDualConn
03-24 11:13:46.097 D/NxpTml  (  942): PN54X - Write requested.....
03-24 11:13:46.097 D/NxpTml  (  942): PN54X - Invoking I2C Write.....
03-24 11:13:46.097 D/MSF.C.NetConnTag.true(26578): netSend ssoSeq:52872 uin:0 cmd:AiYxJi46IDs+bQA9ND8 53057 1c9b7d4
03-24 11:13:46.098 D/MSF.C.LogManager(26578): onReceive broadcastreceiver.action = android.intent.action.SCREEN_ON
03-24 11:13:46.098 D/NxpNciX (  942): len =   4 > 20090102
03-24 11:13:46.098 D/NxpTml  (  942): PN54X - I2C Write successful.....
03-24 11:13:46.098 D/NxpTml  (  942): PN54X - Posting Fresh Write message.....
03-24 11:13:46.098 D/NxpTml  (  942): PN54X - Tml Writer Thread Running................
03-24 11:13:46.098 D/NxpHal  (  942): write successful status = 0x0
03-24 11:13:46.099 D/MainServiceImpl( 3028): onUpperLayerIndInfo: Responding back for transaction = null
03-24 11:13:46.099 I/chatty  ( 1824): uid=1000(system) OomAdjuster expire 19 lines
03-24 11:13:46.100 D/NxpTml  (  942): PN54X - I2C Read successful.....len = 4
03-24 11:13:46.100 D/NxpNciR (  942): len =   4 > 40090100
03-24 11:13:46.100 D/NxpTml  (  942): PN54X - Posting read message.....
03-24 11:13:46.100 D/NxpHal  (  942): read successful status = 0x0
03-24 11:13:46.101 I/libnfc_nci(17494): [INFO:nfc_ncif.cc(449)] NFC received rsp gid:0
03-24 11:13:46.101 I/libnfc_nci(17494): [INFO:nci_hrcv.cc(83)] nci_proc_core_rsp opcode:0x9
03-24 11:13:46.101 I/libnfc_nci(17494): [INFO:nfa_dm_act.cc(296)] unknown revt(0x5012)
03-24 11:13:46.101 I/libnfc_nci(17494): [INFO:NativeNfcManager.cpp(1010)] nfaDeviceManagementCallback: enter; event=0xB
03-24 11:13:46.101 I/libnfc_nci(17494): [INFO:NativeNfcManager.cpp(1154)] nfaDeviceManagementCallback: NFA_DM_SET_POWER_SUB_STATE_EVT; status=0x0
03-24 11:13:46.101 I/libnfc_nci(17494): [INFO:nfa_dm_api.cc(288)] param_id:0x2
03-24 11:13:46.102 I/libnfc_nci(17494): [INFO:nfa_sys_main.cc(77)] NFA got event 0x0102
03-24 11:13:46.102 D/NxpTml  (  942): PN54X - Read requested.....
03-24 11:13:46.102 D/NxpTml  (  942): PN54X - Invoking I2C Read.....
03-24 11:13:46.102 I/libnfc_nci(17494): [INFO:nfa_dm_main.cc(151)] event: NFA_DM_API_SET_CONFIG_EVT (0x02)
03-24 11:13:46.102 I/libnfc_nci(17494): [INFO:nfa_dm_main.cc(255)] nfa_dm_check_set_config
03-24 11:13:46.102 I/libnfc_nci(17494): [INFO:nfc_ncif.cc(382)] nfc_ncif_send_cmd()
03-24 11:13:46.102 I/libnfc_nci(17494): [INFO:NfcAdaptation.cc(722)] NfcAdaptation::HalWrite
03-24 11:13:46.102 D/NxpTml  (  942): PN54X - Write requested.....
03-24 11:13:46.102 D/NxpTml  (  942): PN54X - Invoking I2C Write.....
03-24 11:13:46.103 D/ActivityUtils(15957): packageName:ComponentInfo{com.tencent.mm/com.tencent.mm.ui.LauncherUI}
03-24 11:13:46.103 D/AppChangedListener(15957): get package name by top component:com.tencent.mm
03-24 11:13:46.103 D/AppChangedListener(15957): packageName:com.tencent.mm,current:com.tencent.mm
03-24 11:13:46.105 D/NxpNciX (  942): len =   7 > 20020401020100
03-24 11:13:46.105 D/NxpTml  (  942): PN54X - I2C Write successful.....
03-24 11:13:46.105 D/NxpTml  (  942): PN54X - Posting Fresh Write message.....
03-24 11:13:46.105 D/NxpTml  (  942): PN54X - Tml Writer Thread Running................
03-24 11:13:46.105 D/NxpHal  (  942): write successful status = 0x0
03-24 11:13:46.107 D/NxpTml  (  942): PN54X - I2C Read successful.....len = 5
03-24 11:13:46.107 D/NxpNciR (  942): len =   5 > 4002020000
03-24 11:13:46.107 D/NxpTml  (  942): PN54X - Posting read message.....
03-24 11:13:46.107 D/NxpHal  (  942): read successful status = 0x0
03-24 11:13:46.107 D/NxpHal  (  942): phNxpNciHal_print_res_status: response status =STATUS_OK
03-24 11:13:46.107 I/libnfc_nci(17494): [INFO:nfc_ncif.cc(449)] NFC received rsp gid:0
03-24 11:13:46.107 I/libnfc_nci(17494): [INFO:nci_hrcv.cc(83)] nci_proc_core_rsp opcode:0x2
03-24 11:13:46.107 I/libnfc_nci(17494): [INFO:nfa_dm_act.cc(296)] NFC_SET_CONFIG_REVT(0x5002)
03-24 11:13:46.107 I/libnfc_nci(17494): [INFO:NativeNfcManager.cpp(1010)] nfaDeviceManagementCallback: enter; event=0x2
03-24 11:13:46.107 I/libnfc_nci(17494): [INFO:NativeNfcManager.cpp(1035)] nfaDeviceManagementCallback: NFA_DM_SET_CONFIG_EVT
03-24 11:13:46.108 D/NxpTml  (  942): PN54X - Read requested.....
03-24 11:13:46.108 D/NxpTml  (  942): PN54X - Invoking I2C Read.....
03-24 11:13:46.114 I/MiHealth:FlexBeatCountHelper(13891): screen on broadcast onReceive
03-24 11:13:46.117 D/AppChangedListener(15957): get package name by pid:com.tencent.mm
03-24 11:13:46.117 D/AppChangedListener(15957): packageName:com.tencent.mm,current:com.tencent.mm
03-24 11:13:46.120 E/VoiceTrigger:ForceDoze(15957): ACTION_SCREEN_ON:android.intent.action.SCREEN_ON
03-24 11:13:46.120 D/VoiceTrigger:ForceDoze(15957): handleMessage: 0 in Thread[VoiceTrigger:ForceDoze-thread,5,main], cost:1
03-24 11:13:46.121 W/IWlanNetworkService(16137): 254 > Response Processed
03-24 11:13:46.125 D/AppChangedListener(15957): get package name by pid:com.tencent.mm
03-24 11:13:46.125 D/AppChangedListener(15957): packageName:com.tencent.mm,current:com.tencent.mm
03-24 11:13:46.131 D/IdProviderImpl(15445): getOAID
03-24 11:13:46.138 D/IdProviderImpl(15445): getVAID
03-24 11:13:46.143 D/IdProviderImpl(15445): getUDID
03-24 11:13:46.178 W/ActivityManager( 1824): Background start not allowed: service Intent { cmp=com.jingdong.app.mall/com.jingdong.jdpush_new.connect.MessageIntentService } to com.jingdong.app.mall/com.jingdong.jdpush_new.connect.MessageIntentService from pid=27373 uid=10367 pkg=com.jingdong.app.mall startFg?=false
03-24 11:13:46.208 W/Market-ScreenReceiver(14756): Intent { act=android.intent.action.SCREEN_ON flg=0x50200010 }
03-24 11:13:46.209 W/DPMJ    ( 4425): |SERVICE| DPM received unexpected action: android.intent.action.ANY_DATA_STATE
03-24 11:13:46.209 D/QCNEJ/WwanInfoRelay( 2995): Received action: android.intent.action.ANY_DATA_STATE
03-24 11:13:46.209 I/QCNEJ/WwanInfoRelay( 2995): cacheWwanInfo state = DISCONNECTED
03-24 11:13:46.209 I/QCNEJ/WwanInfoRelay( 2995): cacheWwanInfo subId = -1 phoneId = -1 slotId = -1
03-24 11:13:46.210 W/DPMJ    ( 4425): |SERVICE| DPM received unexpected action: android.intent.action.ANY_DATA_STATE
03-24 11:13:46.215 W/DPMJ    ( 4425): |SERVICE| DPM received unexpected action: android.intent.action.ANY_DATA_STATE
03-24 11:13:46.216 I/chatty  ( 4425): uid=1001(radio) .dataservices identical 2 lines
03-24 11:13:46.216 W/DPMJ    ( 4425): |SERVICE| DPM received unexpected action: android.intent.action.ANY_DATA_STATE
03-24 11:13:46.216 D/QCNEJ/WwanInfoRelay( 2995): Received action: android.intent.action.ANY_DATA_STATE
03-24 11:13:46.216 I/QCNEJ/WwanInfoRelay( 2995): cacheWwanInfo state = CONNECTED
03-24 11:13:46.216 I/QCNEJ/WwanInfoRelay( 2995): cacheWwanInfo subId = 1 phoneId = 0 slotId = 0
03-24 11:13:46.217 D/IdProviderImpl( 5862): getOAID
03-24 11:13:46.221 W/IWlanNetworkService(16137): 255 > Response Processed
03-24 11:13:46.229 D/QCNEJ/WwanInfoRelay( 2995): Received action: android.intent.action.ANY_DATA_STATE
03-24 11:13:46.229 D/QCNEJ/WwanInfoRelay( 2995): Received action: android.intent.action.ANY_DATA_STATE
03-24 11:13:46.229 I/QCNEJ/WwanInfoRelay( 2995): cacheWwanInfo state = DISCONNECTED
03-24 11:13:46.229 I/QCNEJ/WwanInfoRelay( 2995): cacheWwanInfo subId = -1 phoneId = -1 slotId = -1
03-24 11:13:46.231 D/IdProviderImpl( 5862): getVAID
03-24 11:13:46.232 I/Market-CmsVideoManager(14756): onScreenOn: cancel fetch video list
03-24 11:13:46.233 D/QCNEJ/WwanInfoRelay( 2995): Received action: android.intent.action.ANY_DATA_STATE
03-24 11:13:46.233 I/QCNEJ/WwanInfoRelay( 2995): cacheWwanInfo state = CONNECTED
03-24 11:13:46.233 I/QCNEJ/WwanInfoRelay( 2995): cacheWwanInfo subId = 1 phoneId = 0 slotId = 0
03-24 11:13:46.233 D/TESDownloadManager(17213): AppSystemReceiver onReceive
03-24 11:13:46.233 D/TESDownloadManager(17213): action:android.intent.action.SCREEN_ON
03-24 11:13:46.235 D/QCNEJ/WwanInfoRelay( 2995): Received action: android.intent.action.ANY_DATA_STATE
03-24 11:13:46.244 D/IdProviderImpl( 5862): getUDID
03-24 11:13:46.244 D/Wadl_GameCenterReceiver(17213): onReceive action=android.intent.action.SCREEN_ON
03-24 11:13:46.314 W/DPMJ    ( 4425): |SERVICE| DPM received unexpected action: android.intent.action.ANY_DATA_STATE
03-24 11:13:46.314 D/QCNEJ/WwanInfoRelay( 2995): Received action: android.intent.action.ANY_DATA_STATE
03-24 11:13:46.314 I/QCNEJ/WwanInfoRelay( 2995): cacheWwanInfo state = DISCONNECTED
03-24 11:13:46.314 I/QCNEJ/WwanInfoRelay( 2995): cacheWwanInfo subId = -1 phoneId = -1 slotId = -1
03-24 11:13:46.315 W/DPMJ    ( 4425): |SERVICE| DPM received unexpected action: android.intent.action.ANY_DATA_STATE
03-24 11:13:46.315 W/DPMJ    ( 4425): |SERVICE| DPM received unexpected action: android.intent.action.ANY_DATA_STATE
03-24 11:13:46.316 D/QCNEJ/WwanInfoRelay( 2995): Received action: android.intent.action.ANY_DATA_STATE
03-24 11:13:46.316 I/QCNEJ/WwanInfoRelay( 2995): cacheWwanInfo state = CONNECTED
03-24 11:13:46.316 I/QCNEJ/WwanInfoRelay( 2995): cacheWwanInfo subId = 1 phoneId = 0 slotId = 0
03-24 11:13:46.318 W/DPMJ    ( 4425): |SERVICE| DPM received unexpected action: android.intent.action.ANY_DATA_STATE
03-24 11:13:46.319 D/QCNEJ/WwanInfoRelay( 2995): Received action: android.intent.action.ANY_DATA_STATE
03-24 11:13:46.319 D/QCNEJ/WwanInfoRelay( 2995): Received action: android.intent.action.ANY_DATA_STATE
03-24 11:13:46.319 I/QCNEJ/WwanInfoRelay( 2995): cacheWwanInfo state = DISCONNECTED
03-24 11:13:46.319 I/QCNEJ/WwanInfoRelay( 2995): cacheWwanInfo subId = -1 phoneId = -1 slotId = -1
03-24 11:13:46.319 W/DPMJ    ( 4425): |SERVICE| DPM received unexpected action: android.intent.action.ANY_DATA_STATE
03-24 11:13:46.319 W/DPMJ    ( 4425): |SERVICE| DPM received unexpected action: android.intent.action.ANY_DATA_STATE
03-24 11:13:46.320 D/QCNEJ/WwanInfoRelay( 2995): Received action: android.intent.action.ANY_DATA_STATE
03-24 11:13:46.320 I/QCNEJ/WwanInfoRelay( 2995): cacheWwanInfo state = CONNECTED
03-24 11:13:46.320 I/QCNEJ/WwanInfoRelay( 2995): cacheWwanInfo subId = 1 phoneId = 0 slotId = 0
03-24 11:13:46.322 D/QCNEJ/WwanInfoRelay( 2995): Received action: android.intent.action.ANY_DATA_STATE
03-24 11:13:46.343 I/chatty  ( 1824): uid=1000(system) InputDispatcher expire 21 lines
03-24 11:13:46.344 W/SchedBoost( 1824): SchedBoost begin: proc: 19178/20650, mode: 2 aff:[4, 5, 6]
03-24 11:13:46.415 W/SchedBoost( 1824): SchedBoost continue: proc: 19178/20650
03-24 11:13:46.415 I/ANDR-PERF-LM(  950): LMPerfGlue: perfmodule_submit_request() 132: perfmodule_submit_request()
03-24 11:13:46.416 I/ANDR-PERF-LM(  950): Core: getInstance() 84: LM getInstance
03-24 11:13:46.416 D/ANDR-PERF-LM(  950): Feature: lookup() 101: Feature Name = AppClassifier, total featuers = 3, featureFound = 1
03-24 11:13:46.416 D/ANDR-PERF-LM(  950): Feature: getData() 112: data.data = 3
03-24 11:13:46.416 I/ANDR-PERF-LM(  950): FeedbackAPI: getFeedback() 60: app:com.tencent.mm feature:AppClassifier feedback = 3
03-24 11:13:46.416 I/ANDR-PERF-LM(  950): LMPerfGlue: perfmodule_submit_request() 132: perfmodule_submit_request()
03-24 11:13:46.416 I/ANDR-PERF-LM(  950): Core: getInstance() 84: LM getInstance
03-24 11:13:46.416 I/ANDR-PERF-LM(  950): WQ: push() 59: LMTriggerQ push() size=0
03-24 11:13:46.416 I/ANDR-PERF-LM(  950): WQ: push() 61: LMTriggerQ push() done size=1
03-24 11:13:46.416 I/ANDR-PERF-LM(  950): LMPerfGlue: perfmodule_submit_request() 132: perfmodule_submit_request()
03-24 11:13:46.416 I/ANDR-PERF-LM(  950): Core: getInstance() 84: LM getInstance
03-24 11:13:46.416 D/ANDR-PERF-LM(  950): Feature: lookup() 101: Feature Name = AppClassifier, total featuers = 3, featureFound = 1
03-24 11:13:46.416 D/ANDR-PERF-LM(  950): Feature: getData() 112: data.data = 3
03-24 11:13:46.416 I/ANDR-PERF-LM(  950): FeedbackAPI: getFeedback() 60: app:com.tencent.mm feature:AppClassifier feedback = 3
03-24 11:13:46.451 W/UriGrantsManagerService( 1824): For security reasons, the system cannot issue a Uri permission grant to content://com.miui.networkassistant.fileprovider/res/tmp.png [user 0]; use startActivityAsCaller() instead
03-24 11:13:46.502 I/ANDR-PERF-LM(  950): LMPerfGlue: perfmodule_submit_request() 132: perfmodule_submit_request()
03-24 11:13:46.502 I/ANDR-PERF-LM(  950): Core: getInstance() 84: LM getInstance
03-24 11:13:46.502 D/ANDR-PERF-LM(  950): Feature: lookup() 101: Feature Name = AppClassifier, total featuers = 3, featureFound = 1
03-24 11:13:46.502 D/ANDR-PERF-LM(  950): Feature: getData() 112: data.data = 3
03-24 11:13:46.502 I/ANDR-PERF-LM(  950): FeedbackAPI: getFeedback() 60: app:com.tencent.mm feature:AppClassifier feedback = 3
03-24 11:13:46.502 I/ANDR-PERF-LM(  950): LMPerfGlue: perfmodule_submit_request() 132: perfmodule_submit_request()
03-24 11:13:46.502 I/ANDR-PERF-LM(  950): Core: getInstance() 84: LM getInstance
03-24 11:13:46.502 I/ANDR-PERF-LM(  950): WQ: push() 59: LMTriggerQ push() size=1
03-24 11:13:46.502 I/ANDR-PERF-LM(  950): WQ: push() 61: LMTriggerQ push() done size=2
03-24 11:13:46.502 I/ANDR-PERF-LM(  950): LMPerfGlue: perfmodule_submit_request() 132: perfmodule_submit_request()
03-24 11:13:46.503 I/ANDR-PERF-LM(  950): Core: getInstance() 84: LM getInstance
03-24 11:13:46.503 I/ANDR-PERF-LM(  950): WQ: push() 59: LMTriggerQ push() size=2
03-24 11:13:46.503 I/ANDR-PERF-LM(  950): WQ: push() 61: LMTriggerQ push() done size=3
03-24 11:13:46.503 I/ANDR-PERF-LM(  950): LMPerfGlue: perfmodule_submit_request() 132: perfmodule_submit_request()
03-24 11:13:46.503 I/ANDR-PERF-LM(  950): Core: getInstance() 84: LM getInstance
03-24 11:13:46.503 D/ANDR-PERF-LM(  950): Feature: lookup() 101: Feature Name = AppClassifier, total featuers = 3, featureFound = 1
03-24 11:13:46.503 W/SchedBoost( 1824): SchedBoost continue: proc: 19178/20650
03-24 11:13:46.503 D/ANDR-PERF-LM(  950): Feature: getData() 112: data.data = 3
03-24 11:13:46.503 I/ANDR-PERF-LM(  950): FeedbackAPI: getFeedback() 60: app:com.tencent.mm feature:AppClassifier feedback = 3
03-24 11:13:46.503 I/ANDR-PERF-LM(  950): LMPerfGlue: perfmodule_submit_request() 132: perfmodule_submit_request()
03-24 11:13:46.503 I/ANDR-PERF-LM(  950): Core: getInstance() 84: LM getInstance
03-24 11:13:46.503 I/ANDR-PERF-LM(  950): WQ: push() 59: LMTriggerQ push() size=3
03-24 11:13:46.503 I/ANDR-PERF-LM(  950): WQ: push() 61: LMTriggerQ push() done size=4
03-24 11:13:46.503 I/ANDR-PERF-LM(  950): LMPerfGlue: perfmodule_submit_request() 132: perfmodule_submit_request()
03-24 11:13:46.503 I/ANDR-PERF-LM(  950): Core: getInstance() 84: LM getInstance
03-24 11:13:46.503 D/ANDR-PERF-LM(  950): Feature: lookup() 101: Feature Name = AppClassifier, total featuers = 3, featureFound = 1
03-24 11:13:46.503 D/ANDR-PERF-LM(  950): Feature: getData() 112: data.data = 3
03-24 11:13:46.503 I/ANDR-PERF-LM(  950): FeedbackAPI: getFeedback() 60: app:com.tencent.mm feature:AppClassifier feedback = 3
03-24 11:13:46.512 I/chatty  ( 2646): uid=1002(bluetooth) Binder:2646_4 expire 11 lines
03-24 11:13:46.512 I/chatty  ( 2646): uid=1002(bluetooth) btu message loo expire 1668 lines
03-24 11:13:46.513 I/chatty  ( 2646): uid=1002(bluetooth) BT Service Call expire 72 lines
03-24 11:13:46.516 I/chatty  ( 1824): uid=1000(system) Binder:1824_B expire 12 lines
03-24 11:13:46.517 W/RecentsImpl( 3048): updateFsgWindowVisibilityState   isEnter=false   typeFrom=typefrom_keyguard   isOpen=true   mIsInAnotherPro=false   mIsStatusBarExpansion=false
03-24 11:13:46.517 D/minus.server( 1996): OverlayBinder.closeOverlay 1
03-24 11:13:46.517 D/minus.server( 1996): OverlayControllerCallback. overlayClose
03-24 11:13:46.517 D/minus.server( 1996): OverlayController.closeOverlay 1
03-24 11:13:46.517 D/RecentsImpl( 3048): showNavStubView
03-24 11:13:46.517 D/RecentsImpl( 3048): showBackStubWindow  mHasNavigationBar=true   mDisabledByDriveMode=false
03-24 11:13:46.517 W/GestureStubView( 3048): adaptRotation   currentRotation=0   mRotation=0
03-24 11:13:46.518 D/GestureStubView( 3048): resetRenderProperty: showGestureStub
03-24 11:13:46.518 D/GestureStubView( 3048): showGestureStub
03-24 11:13:46.518 W/GestureStubView( 3048): adaptRotation   currentRotation=0   mRotation=0
03-24 11:13:46.518 D/GestureStubView( 3048): resetRenderProperty: showGestureStub
03-24 11:13:46.518 D/GestureStubView( 3048): showGestureStub
03-24 11:13:46.528 D/NavStubView( 3048): gatherTransparentRegion: need render w:1080  h:68
03-24 11:13:46.529 D/GestureStubView( 3048): gatherTransparentRegion: need render w:54  h:1440
03-24 11:13:46.529 W/NavStubView( 3048): onComputeInternalInsets  bounds=Rect(0, 0 - 1080, 68)   mHideGestureLine=false   mIsShowNavBar=true
03-24 11:13:46.530 I/chatty  ( 2646): uid=1002(bluetooth) HwBinder:2646_1 expire 1 line
03-24 11:13:46.531 I/chatty  ( 2646): uid=1002(bluetooth) hci_thread expire 1 line
03-24 11:13:46.534 D/GestureStubView( 3048): gatherTransparentRegion: need render w:54  h:1440
03-24 11:13:46.539 D/NavStubView( 3048): gatherTransparentRegion: need render w:1080  h:68
03-24 11:13:46.539 W/NavStubView( 3048): onComputeInternalInsets  bounds=Rect(0, 0 - 1080, 68)   mHideGestureLine=false   mIsShowNavBar=true
03-24 11:13:46.568 E/IDM-BtUtils( 5793): ERROR: uncomplete MiConnect TLV
03-24 11:13:46.604 I/chatty  ( 3467): uid=1002(bluetooth) GattPeripheralF expire 3 lines
03-24 11:13:46.629 I/MiuiBleUnlockHelper( 2717): mBleListener state: 2
03-24 11:13:46.631 W/miui_keyguard( 2717): unlock keyguard by band
03-24 11:13:46.635 D/MiuiKeyguardWallpaperRemoteService( 2668): onKeyguardGoingAway goingAway = true  isFastUnlock  = false
03-24 11:13:46.636 I/ANDR-PERF-LM(  950): LMPerfGlue: perfmodule_submit_request() 132: perfmodule_submit_request()
03-24 11:13:46.636 I/ANDR-PERF-LM(  950): Core: getInstance() 84: LM getInstance
03-24 11:13:46.636 I/ANDR-PERF-LM(  950): WQ: push() 59: LMTriggerQ push() size=4
03-24 11:13:46.636 I/ANDR-PERF-LM(  950): WQ: push() 61: LMTriggerQ push() done size=5
03-24 11:13:46.641 I/Timeline( 1824): Timeline: App_transition_ready time:45703768
03-24 11:13:46.642 I/KeyguardViewMediator( 2717): call fw keyguardGoingAway: flags = 8
03-24 11:13:46.645 I/Timeline( 1824): Timeline: App_transition_ready time:45703772
03-24 11:13:46.646 I/Timeline( 1824): Timeline: App_transition_ready time:45703773
03-24 11:13:46.648 I/Timeline( 1824): Timeline: App_transition_ready time:45703775
03-24 11:13:46.652 I/sensors-hal(  936): batch:180, android.sensor.step_counter/4, period=200000000, max_latency=600000000
03-24 11:13:46.654 I/sensors-hal(  936): batch:189, android.sensor.step_counter/4, period=200000000, max_latency=600000000 request completed
03-24 11:13:46.656 I/Timeline( 1824): Timeline: App_transition_ready time:45703783
03-24 11:13:46.668 I/chatty  ( 1824): uid=1000(system) Binder:1824_15 expire 5 lines
03-24 11:13:46.670 D/NfcService(17494): setForegroundDispatch intent = PendingIntent{65c122a: android.os.BinderProxy@600522}
03-24 11:13:46.670 D/NfcService(17494): setForegroundDispatch filters = [Landroid.content.IntentFilter;@938b81b
03-24 11:13:46.670 D/NfcService(17494): setForegroundDispatch techLists = [[Ljava.lang.String;@520cdb8
03-24 11:13:46.670 D/NfcDispatcher(17494): Set Foreground Dispatch
03-24 11:13:46.681 D/RecentsImpl( 3048): mActivityStateObserver com.tencent.mm.ui.LauncherUI
03-24 11:13:46.681 W/RecentsImpl( 3048): onResumed className=com.tencent.mm.ui.LauncherUI   mIsInAnotherPro=false
03-24 11:13:46.682 I/sensors-hal(  936): batch:180, android.sensor.step_counter/4, period=200000000, max_latency=600000000
03-24 11:13:46.682 I/sensors-hal(  936): batch:189, android.sensor.step_counter/4, period=200000000, max_latency=600000000 request completed
03-24 11:13:46.692 I/StepsProvider( 6964): Steps Provider Query
03-24 11:13:46.700 I/sensors-hal(  936): batch:180, android.sensor.step_counter/4, period=200000000, max_latency=600000000
03-24 11:13:46.700 I/sensors-hal(  936): batch:189, android.sensor.step_counter/4, period=200000000, max_latency=600000000 request completed
03-24 11:13:46.701 D/BluetoothGatt(11332): cancelOpen() - device: 01:7F:B7:1D:B0:4D
03-24 11:13:46.702 D/BluetoothGatt(11332): close()
03-24 11:13:46.702 D/BluetoothGatt(11332): unregisterApp() - mClientIf=10
03-24 11:13:46.705 I/MiuiGxzwOverlayView( 2717): remove overlay view
03-24 11:13:46.706 D/BluetoothGatt(11332): connect() - device: 01:7F:B7:1D:B0:4D, auto: false
03-24 11:13:46.706 D/BluetoothGatt(11332): registerApp()
03-24 11:13:46.706 D/BluetoothGatt(11332): registerApp() - UUID=ba87b5ad-70e0-41f6-9377-3f90dd7d016c
03-24 11:13:46.706 D/DisplayFeatureHal(  966): setFeatureEnable: FeatureId=FOD_MONITOR_ON_STATE modeId=0 cookie=0
03-24 11:13:46.706 D/DisplayFeatureHal(  966): current wcg state 0, setting to 0
03-24 11:13:46.706 D/DisplayFeatureHal(  966): notifySFWcgState enable = 0
03-24 11:13:46.707 D/BluetoothGatt(11332): onClientRegistered() - status=0 clientIf=10
03-24 11:13:46.709 D/DisplayFeatureHal(  966): handleFodScreenOn enter[0]
03-24 11:13:46.709 D/DisplayFeatureHal(  966): HandleEyeCare enter modeId 155
03-24 11:13:46.709 D/DisplayFeatureHal(  966): Query DisplayPostproc service
03-24 11:13:46.710 I/chatty  (  998): uid=1000(system) Binder:998_5 expire 27 lines
03-24 11:13:46.711 D/DisplayFeatureHal(  966): HandleEyeCare exit ret 0
03-24 11:13:46.711 D/DisplayFeatureHal(  966): handleFodScreenOn exit[1], mFodScreenOn 0, mHbmStatus 1
03-24 11:13:46.711 D/DisplayFeatureHal(  966): HandleACNormal enter
03-24 11:13:46.711 I/DisplayFeatureHal(  966): successfully write 0x6000000 into /sys/class/drm/card0-DSI-1/disp_param
03-24 11:13:46.712 D/DisplayFeatureHal(  966): setFeatureEnable: FeatureId=FOD_SCREEN_ON_STATE modeId=0 cookie=1
03-24 11:13:46.712 D/DisplayFeatureHal(  966): current wcg state 0, setting to 0
03-24 11:13:46.712 D/DisplayFeatureHal(  966): notifySFWcgState enable = 0
03-24 11:13:46.712 I/Dpps    (  947): DppsServer::AddNewDppsClient():530 New DPPS client accepted, client fd = 21, poll idx 2
03-24 11:13:46.712 I/Dpps    (  947): DppsServer::HandleDppsClientEvent():1165 Incoming message on client fd 21: 'Ltm:On:Primary:Auto'
03-24 11:13:46.712 I/Dpps    (  947): LtmFeatureImp::GetSwConfig():621 mode_name default
03-24 11:13:46.712 I/SDM     (  947): DisplayBuiltIn::ControlPartialUpdate: partial update is not applicable for display id = 29
03-24 11:13:46.714 W/SDM     (  947): DisplayBuiltIn::DppsProcessOps: failed to disable partial update ret 110
03-24 11:13:46.714 I/Dpps    (  947): DppsPartialUpdateSubject::Register():162 disable partial update timeout
03-24 11:13:46.715 I/sensors-hal(  936): batch:180, android.sensor.light/55, period=500000000, max_latency=0
03-24 11:13:46.715 I/sensors-hal(  936): batch:189, android.sensor.light/55, period=500000000, max_latency=0 request completed
03-24 11:13:46.715 I/sensors-hal(  936): activate:147, android.sensor.light/55 en=1
03-24 11:13:46.715 I/sensors-hal(  936): get_qmi_debug_flag:241, support_qmi_debug : false
03-24 11:13:46.719 I/sensors-hal(  936): activate:158, android.sensor.light/55 en=1 completed
03-24 11:13:46.720 D/DisplayFeatureHal(  966): set mode:42 ppMode:258 over done.... status:0 ret 0
03-24 11:13:46.720 D/DisplayFeatureHal(  966): pcc gabb coeff 0 1.000000
03-24 11:13:46.720 D/DisplayFeatureHal(  966): pcc gabb coeff 1 0.000000
03-24 11:13:46.720 D/DisplayFeatureHal(  966): pcc gabb coeff 2 0.000000
03-24 11:13:46.720 D/DisplayFeatureHal(  966): pcc gabb coeff 3 0.000000
03-24 11:13:46.720 D/DisplayFeatureHal(  966): pcc gabb coeff 4 1.000000
03-24 11:13:46.720 D/DisplayFeatureHal(  966): pcc gabb coeff 5 0.000000
03-24 11:13:46.720 D/DisplayFeatureHal(  966): pcc gabb coeff 6 0.000000
03-24 11:13:46.720 D/DisplayFeatureHal(  966): pcc gabb coeff 7 0.000000
03-24 11:13:46.720 D/DisplayFeatureHal(  966): pcc gabb coeff 8 1.000000
03-24 11:13:46.720 I/Dpps    (  947): DppsServer::HandleDppsClientEvent():1147 Client connection 21 has closed
03-24 11:13:46.720 I/Dpps    (  947): DppsServer::RemoveServerClient():396 closed fd 21 poll_idx 2
03-24 11:13:46.721 D/DisplayFeatureHal(  966): HandleACNormal exit ret -1
03-24 11:13:46.721 D/DisplayFeatureHal(  966): isStartSensorControl ret 1
03-24 11:13:46.734 E/IDM-BleBackGround( 5793): MiConnect bind MiNearby background enter
03-24 11:13:46.738 E/IDM-BleBackGround( 5793): MiConnect bind MiNearby background success
03-24 11:13:46.740 D/skia    ( 5793): --- Failed to create image decoder with message 'unimplemented'
03-24 11:13:46.740 E/IDM-BleBackGround( 5793): MiConnect bind MiNearby: 0
03-24 11:13:46.740 D/Zygote  (  782): Forked child process 20545
03-24 11:13:46.741 I/ActivityManager( 1824): Start proc 20545:com.tencent.mm:appbrand0/u0a275 for service {com.tencent.mm/com.tencent.mm.ipcinvoker.wx_extension.service.Appbrand0IPCService} caller=com.tencent.mm
03-24 11:13:46.741 I/chatty  ( 2717): uid=1000(system) pool-4-thread-1 expire 2 lines
03-24 11:13:46.742 I/MicroMsg.TaskBarAnimController(19178): [:19178, ]:checkClose moveUp:true offset:-60 closeLimit:115
03-24 11:13:46.743 I/MicroMsg.ConversationListView(19178): [:19178, ]:[onLayout] changed:false, isHeaderOpen: false
03-24 11:13:46.745 W/Zygote  (20545): Unable to open libbeluga.so: dlopen failed: library "libbeluga.so" not found.
03-24 11:13:46.745 I/MicroMsg.ChattingMonitoredBanner(19178): [:19178, ]:hy: should not show banner
03-24 11:13:46.746 I/ThreadPool.Execute(19178): [:19178, ]:<<< com.tencent.mm.ui.c.a$1$1@163239376 state=COMPLETE cost=0ms/1ms UIPool start@=1648091626728ms delay=0ms run@=1648091626745
03-24 11:13:46.746 I/MicroMsg.FirstScreenArrangement(19178): [:19178, ]:FirstScreenArrangement tryConsumingWaitingQueue runnable com.tencent.mm.ui.ah$6@77fa717, Vending.UI
03-24 11:13:46.746 I/Vending.Pipeline(19178): [:19178, ]:last one resolved, dequeue next.
03-24 11:13:46.746 I/chatty  (  998): uid=1000(system) Binder:998_2 expire 3 lines
03-24 11:13:46.746 I/MicroMsg.TempAppForegroundNotifyDeprecated(19178): [:19178, ]:Clear level
03-24 11:13:46.746 I/MicroMsg.PermissionUtil(19178): [:19376, ]:isFloatWindowOpAllowed allowed: true
03-24 11:13:46.746 I/MicroMsg.FloatBallService(19178): [:19376, ]:getBallInfo, existed:false
03-24 11:13:46.746 I/MicroMsg.FloatBallService(19178): [:19376, ]:resumeFloatBall not singleBallInfoCondition, withAnimation:true
03-24 11:13:46.746 I/MicroMsg.FloatBallService(19178): [:19376, ]:markWechatInForeground, foreground:true
03-24 11:13:46.746 I/MicroMsg.WebPrefetcherJsEngine(19178): [:19376, ]:jsEngine resume
03-24 11:13:46.747 I/MicroMsg.V8JSRuntimeLooper(19178): [:19376, ]:resume instance:135541196 queue.size:0
03-24 11:13:46.747 I/HandOffService(19178): [:19377, ]:onAppForeground
03-24 11:13:46.747 I/MicroMsg.FirstScreenArrangement(19178): [:19376, ]:FirstScreenArrangement arrange runnable postToMainThread com.tencent.mm.modelimage.r$1$1@40fe256
03-24 11:13:46.747 I/HandOffService(19178): [:19377, ]:onAppForeground, send alllist
03-24 11:13:46.747 I/HandOffService(19178): [:19377, ]:webwx is offline, do not sync!
03-24 11:13:46.747 I/MicroMsg.FirstScreenArrangement(19178): [:19376, ]:FirstScreenArrangement arrange runnable postToMainThread com.tencent.mm.plugin.multitalk.model.ac$1$1@63dc2d7
03-24 11:13:46.747 I/MicroMsg.FileDownloaderService(19178): [:19376, ]:active: true
03-24 11:13:46.747 I/libc    (20545): SetHeapTaggingLevel: tag level set to 0
03-24 11:13:46.747 I/MicroMsg.ConfigStorage(19178): [:19376, ]:SET: USERINFO_WEPKG_FRONT_TRIGGER_DOWNLOAD_TIME_LONG => 1648091626
03-24 11:13:46.747 I/MicroMsg.Wepkg.WepkgListener(19178): [:19376, ]:triggerDownload downloadTriggerType:1
03-24 11:13:46.747 I/MicroMsg.V8JSRuntimeLooper(19178): [:20727, ]:loop notify by reason:RESUME, instance:135541196
03-24 11:13:46.748 I/MicroMsg.ExptService(19178): [:20736, ]:API Got Expt result[1] exptId[7602269] key[clicfg_tools_mp_pss_opt_rule] defStr[] cost[0]
03-24 11:13:46.749 I/MicroMsg.Wepkg.WepkgVersionStorage(19178): [:19376, ]:trigger Predownload size:0, List:[]
03-24 11:13:46.749 E/EdgeComputingMgr(19178): [:19376, ]:[onAppForeground]
03-24 11:13:46.749 I/MicroMsg.FirstScreenArrangement(19178): [:19376, ]:FirstScreenArrangement arrange runnable postToMainThread com.tencent.mm.modelvoice.o$1$1@72cb0a9
03-24 11:13:46.749 I/MicroMsg.NetSceneQueue(19178): [:19376, ]:onAppForeground
03-24 11:13:46.751 I/MicroMsg.NetSceneBgFg(19178): [:20736, ]:summerbgfg setBgFgForMuteRoom isFg[true], accHasReady[true] stack[[.modelsimple.h:hl(34)][.app.ak$3:run(272)][com.tencent.threadpool.i.k:run(8297)][com.tencent.threadpool.j.e:run(52)][com.tencent.threadpool.c.a$3:run(52)]]
03-24 11:13:46.753 E/nt.mm:appbrand(20545): Not starting debugger since process cannot load the jdwp agent.
03-24 11:13:46.753 I/ThreadPool.Execute(19178): [:19560, ]:<<< com.tencent.mm.plugin.appbrand.app.h$$ExternalSyntheticLambda1@52562309 state=COMPLETE cost=19ms/2ms ColdPool start@=1648091626734ms delay=0ms run@=1648091626735
03-24 11:13:46.754 I/MicroMsg.MMReqRespBase(19178): [:20736, ]:summerauths check cgi[0] accHasReady openSwitch[true] 
03-24 11:13:46.754 I/MicroMsg.MMReqRespBase(19178): [:20736, ]:summerauths check cgi list[302,681,138]
03-24 11:13:46.754 I/MicroMsg.PluginLive(19178): [:19376, ]:onAppForeground liveId:0 liveName:null jumpName:null
03-24 11:13:46.754 I/MicroMsg.PluginStory(19178): [:19376, ]:receive a event to stop clean
03-24 11:13:46.755 I/NetWorkCache(19178): [:20736, ]:getActiveNetworkInfoFromCache
03-24 11:13:46.755 I/MicroMsg.FirstScreenArrangement(19178): [:19376, ]:FirstScreenArrangement arrange runnable postToMainThread com.tencent.mm.plugin.voip.SubCoreVoip$1$1@df6ae65
03-24 11:13:46.755 I/MicroMsg.MultiTask.PluginMultiTask(19178): [:19376, ]:onAppForeground, activity:com.tencent.mm.ui.LauncherUI@103314270
03-24 11:13:46.756 I/NetWorkCache(19178): [:19925, ]:UpdateNetWorkCache updateCache, networkType = 0, iosNetworkType = 1
03-24 11:13:46.756 I/ThreadPool.Execute(19178): [:19925, ]:<<< com.tencent.mm.sdk.systemservicecache.NetworkCache$$ExternalSyntheticLambda1@73938383 state=COMPLETE cost=1ms/0ms HotPool start@=1648091626754ms delay=0ms run@=1648091626755
03-24 11:13:46.757 I/MicroMsg.NetSceneQueue(19178): [:20736, ]:doSceneImp start: mmcgi type:0 hash[232663900,0] run:0 wait:0 afterSec:0 canDo:true autoauth:191791583
03-24 11:13:46.758 I/MicroMsg.FirstScreenArrangement(19178): [:19178, ]:FirstScreenArrangement tryConsumingWaitingQueue runnable com.tencent.mm.ui.ah$6@c4974ed, Vending.UI
03-24 11:13:46.760 I/MicroMsg.MultiTask.PluginMultiTask(19178): [:19376, ]:onAppForeground isTopApplication: true
03-24 11:13:46.760 D/Zygote  (  782): Forked child process 20562
03-24 11:13:46.760 I/MicroMsg.TopStory.TopStoryRedDotImpl(19178): [:19366, ]:isShowRecEntry 633902912045056 false false false
03-24 11:13:46.760 I/Vending.Pipeline(19178): [:19178, ]:last one resolved, dequeue next.
03-24 11:13:46.761 E/MicroMsg.CdnTransportService(19178): [:19178, ]:onNotifyChange error obj:0 stg:com.tencent.mm.storage.aq@e1c09bc
03-24 11:13:46.761 E/MicroMsg.LauncherUI.MainTabUnreadMgr(19178): [:19178, ]:onNotifyChange error obj:0 stg:com.tencent.mm.storage.aq@e1c09bc
03-24 11:13:46.761 I/MicroMsg.MultiTask.PluginMultiTask(19178): [:19376, ]:restore data from storage
03-24 11:13:46.761 I/Vending.Pipeline(19178): [:19366, ]:last one resolved, dequeue next.
03-24 11:13:46.761 I/MicroMsg.MultiTask.PluginMultiTask(19178): [:19376, ]:restoreData already done!
03-24 11:13:46.761 I/MicroMsg.WebCanvasJsEngine(19178): [:19376, ]:logicJsEngine resume
03-24 11:13:46.761 I/MicroMsg.V8JSRuntimeLooper(19178): [:19376, ]:resume instance:86968897 queue.size:0
03-24 11:13:46.761 I/MicroMsg.LauncherUI.MainTabUnreadMgr(19178): [:19178, ]:[FinderDiscoveryTab] result=tipId=null type=null isShow=false path=null showType=null title=null isShow=false
03-24 11:13:46.761 I/MicroMsg.LauncherUI.MainTabUnreadMgr(19178): [:19178, ]:result dismiss FinderTextPoint!
03-24 11:13:46.762 I/MicroMsg.WebCanvasRenderJsEngine(19178): [:19376, ]:renderJsEngine resume
03-24 11:13:46.762 I/MicroMsg.V8JSRuntimeLooper(19178): [:19376, ]:resume instance:19685368 queue.size:0
03-24 11:13:46.762 I/MicroMsg.V8JSRuntimeLooper(19178): [:20802, ]:loop notify by reason:RESUME, instance:86968897
03-24 11:13:46.762 E/MicroMsg.NewTips.NewTipsHelper(19178): [:19178, ]:isShowNewTips() getTag(R.id.new_tips_tag_show_type_new) [java.lang.NullPointerException: Attempt to invoke virtual method 'byte java.lang.Byte.byteValue()' on a null object reference]
03-24 11:13:46.762 I/MicroMsg.TopStory.TopStoryRedDotImpl(19178): [:19366, ]:isShowRecEntry 633902912045056 false false false
03-24 11:13:46.762 I/MicroMsg.V8JSRuntimeLooper(19178): [:20738, ]:loop notify by reason:RESUME, instance:19685368
03-24 11:13:46.762 I/MicroMsg.ActiveDetector(19178): [:20736, ]:onActive() active:true
03-24 11:13:46.762 I/MicroMsg.NewTips.NewTipsHelper(19178): [:19178, ]:isShowNewTips() path:discovery state:0
03-24 11:13:46.762 I/MicroMsg.LauncherUITabView(19178): [:19178, ]:showFriendTextPoint show:false text: isShowFinderTextPoint 锛歠alse
03-24 11:13:46.762 I/MicroMsg.LauncherUITabView(19178): [:19178, ]:setTextBold: isBold:false
03-24 11:13:46.762 I/ThreadPool.Execute(19178): [:19178, ]:||| com.tencent.mm.plugin.ai.data.business.global.AiRedDotData$2$1@89824945 state=CANCEL start@=1648091626720ms delay=499ms run@=0
03-24 11:13:46.762 I/Finder.FinderNetworkStatusStatistic(19178): [:19376, ]:startRecordNetWorkStatus delayMs:5000 recordNetworkStatusRunnable:com.tencent.mm.plugin.finder.video.f$$ExternalSyntheticLambda0@631238c
03-24 11:13:46.762 I/MicroMsg.WxaStarAndHistoryPushingReceiver(19178): [:19376, ]:onAppForeground
03-24 11:13:46.762 E/MicroMsg.NewTips.NewTipsHelper(19178): [:19178, ]:isShowNewTips() getTag(R.id.new_tips_tag_show_type_new) [java.lang.NullPointerException: Attempt to invoke virtual method 'byte java.lang.Byte.byteValue()' on a null object reference]
03-24 11:13:46.762 I/MicroMsg.NewTips.NewTipsHelper(19178): [:19178, ]:isShowNewTips() path:discovery state:0
03-24 11:13:46.762 I/MicroMsg.FirstScreenArrangement(19178): [:19376, ]:FirstScreenArrangement arrange runnable postToMainThread com.tencent.mm.plugin.subapp.modelvoiceremind.d$3$1@d92ec78
03-24 11:13:46.762 I/MicroMsg.NetSceneBase(19178): [:19377, ]:initilized security limit count to 1
03-24 11:13:46.762 I/MicroMsg.LauncherUITabView(19178): [:19178, ]:setFriendUnreadMargin: leftMargin:-29
03-24 11:13:46.762 I/WxIme.PluginHld(19178): [:19376, ]:onAppForeground com.tencent.mm.ui.LauncherUI@103314270
03-24 11:13:46.763 I/MicroMsg.LauncherUITabView(19178): [:19178, ]:setTextBold: isBold:false
03-24 11:13:46.763 I/ThreadPool.Execute(19178): [:19178, ]:||| com.tencent.mm.plugin.ai.data.business.global.AiRedDotData$2$1@101251797 state=CANCEL start@=1648091626762ms delay=499ms run@=0
03-24 11:13:46.763 I/MicroMsg.ActiveDetector(19178): [:20736, ]:[oneliang]active, time1648091626763, pid:19178
03-24 11:13:46.763 I/MicroMsg.ActiveDetector(19178): [:20736, ]:active, interrupt end, time 1648091626763
03-24 11:13:46.763 E/MicroMsg.NewTips.NewTipsHelper(19178): [:19178, ]:isShowNewTips() getTag(R.id.new_tips_tag_show_type_new) [java.lang.NullPointerException: Attempt to invoke virtual method 'byte java.lang.Byte.byteValue()' on a null object reference]
03-24 11:13:46.763 I/MicroMsg.NewTips.NewTipsHelper(19178): [:19178, ]:isShowNewTips() path:discovery state:0
03-24 11:13:46.763 I/ThreadPool.Profiler(19178): [:20736, ]:[onInterrupt] name=[GT]ColdPool#6 id=5766
03-24 11:13:46.763 I/MicroMsg.LauncherUITabView(19178): [:19178, ]:setFriendUnreadMargin: leftMargin:-29
03-24 11:13:46.763 I/MicroMsg.LauncherUITabView(19178): [:19178, ]:setTextBold: isBold:false
03-24 11:13:46.763 I/MicroMsg.ActiveDetector.ProcessDetector(19178): [:19507, ]:process detector thread interrupt.thread id:19507
03-24 11:13:46.763 I/ThreadPool.Execute(19178): [:19178, ]:||| com.tencent.mm.plugin.ai.data.business.global.AiRedDotData$2$1@141258577 state=CANCEL start@=1648091626763ms delay=499ms run@=0
03-24 11:13:46.763 I/ThreadPool.Profiler(19178): [:19507, ]:[onInterrupt] name=[GT]ColdPool#6 id=5766
03-24 11:13:46.763 I/MicroMsg.ExptManager(19178): [:19507, ]:140976587 get mulit expt result[1] key[clicfg_android_process_detect_sw] def[1] cost[0]
03-24 11:13:46.763 I/MicroMsg.TopStory.TopStoryRedDotImpl(19178): [:19178, ]:isShowRecEntry 633902912045056 false false false
03-24 11:13:46.764 I/LabAppLifeService(19178): [:19178, ]:hitExp labs_nearbylife, false
03-24 11:13:46.764 I/MicroMsg.ConfigStorage(19178): [:19178, ]:SET: USERFINO_IPCALL_HAS_ENTRY_BOOLEAN => false
03-24 11:13:46.764 I/MicroMsg.ConfigStorage(19178): [:19178, ]:SET: USERFINO_IPCALL_HAS_ENTRY_BOOLEAN => false
03-24 11:13:46.764 I/Vending.Pipeline(19178): [:19178, ]:last one resolved, dequeue next.
03-24 11:13:46.764 I/MicroMsg.MagicBrush.MBRuntime(19178): [:19178, ]:MBRuntime.resume 
03-24 11:13:46.765 I/AnimationFrameHandler(19178): [:20802, ]:AnimationFrameHandler[NativeLocker] resume
03-24 11:13:46.765 I/AnimationFrameHandler(19178): [:20802, ]:hy: start native raf looper
03-24 11:13:46.766 W/Zygote  (20562): Unable to open libbeluga.so: dlopen failed: library "libbeluga.so" not found.
03-24 11:13:46.767 I/MicroMsg.GameEventListener(19178): [:19376, ]:appForegroundListener, onAppForeground(com.tencent.mm.ui.LauncherUI@103314270)
03-24 11:13:46.767 I/GameChatRoom.GetMyChatRoomKeepAliveService(19178): [:19376, ]:resumeKeepAlive
03-24 11:13:46.767 I/PageEventMonitor(19178): [:19376, ]:[onAppForeground]
03-24 11:13:46.767 I/MicroMsg.Fav.PluginFav(19178): [:19376, ]:runService
03-24 11:13:46.767 I/MicroMsg.Fav.FavCdnService(19178): [:19376, ]:run fav cdn server
03-24 11:13:46.768 I/MicroMsg.SecInfoReporterImpl(19178): [:19376, ]:[+] isTimeToReport2 called, res: false
03-24 11:13:46.768 I/PageEventMonitor(19178): [:19887, ]:[appBackToFront] time : 1648091626767
03-24 11:13:46.768 I/MicroMsg.SyncService(19178): [:19376, ]:SyncService onAppForeground com.tencent.mm.ui.LauncherUI@103314270
03-24 11:13:46.768 I/StandardEventMonitor(19178): [:19887, ]:[onAppIn] time : 1648091626767
03-24 11:13:46.768 I/MicroMsg.SyncService(19178): [:19376, ]:triggerSync checkUse:true scene:3 [[.modelmulti.v:wG(183)][.modelmulti.v$1:onAppForeground(80)][.app.q$a$1:onAppForeground(34)][.app.AppForegroundDelegate$2:run(200)]]
03-24 11:13:46.768 I/ThreadPool.Execute(19178): [:19887, ]:<<< DataReportService#ThreadUtils#ASYNC_HANDLER@8#0x3e9@58975554 state=COMPLETE cost=1ms/0ms HotPool start@=1648091626767ms delay=0ms run@=1648091626767
03-24 11:13:46.768 I/MicroMsg.NewSyncMgr(19178): [:19376, ]:summerinit needInit ret[false]
03-24 11:13:46.768 I/MicroMsg.FirstScreenArrangement(19178): [:19376, ]:FirstScreenArrangement tryConsumingWaitingQueue runnable com.tencent.mm.pluginsdk.model.app.as$4$1@d7eb901, Looper (AppForegroundDelegate, tid 5729) {be27acf}
03-24 11:13:46.768 I/Vending.Pipeline(19178): [:19376, ]:last one resolved, dequeue next.
03-24 11:13:46.769 I/MicroMsg.FirstScreenArrangement(19178): [:19376, ]:FirstScreenArrangement tryConsumingWaitingQueue runnable com.tencent.mm.modelvideo.v$1$1@d9ce43d, Looper (AppForegroundDelegate, tid 5729) {be27acf}
03-24 11:13:46.769 I/Vending.Pipeline(19178): [:19376, ]:last one resolved, dequeue next.
03-24 11:13:46.769 I/MicroMsg.FirstScreenArrangement(19178): [:19376, ]:FirstScreenArrangement tryConsumingWaitingQueue runnable com.tencent.mm.modelimage.r$1$1@40fe256, Looper (AppForegroundDelegate, tid 5729) {be27acf}
03-24 11:13:46.769 I/Vending.Pipeline(19178): [:19376, ]:last one resolved, dequeue next.
03-24 11:13:46.769 I/MicroMsg.FirstScreenArrangement(19178): [:19376, ]:FirstScreenArrangement tryConsumingWaitingQueue runnable com.tencent.mm.plugin.multitalk.model.ac$1$1@63dc2d7, Looper (AppForegroundDelegate, tid 5729) {be27acf}
03-24 11:13:46.769 I/MicroMsg.SubCoreMultiTalk(19178): [:19376, ]:do not need resume multitalk 
03-24 11:13:46.769 I/Vending.Pipeline(19178): [:19376, ]:last one resolved, dequeue next.
03-24 11:13:46.769 I/MicroMsg.FirstScreenArrangement(19178): [:19376, ]:FirstScreenArrangement tryConsumingWaitingQueue runnable com.tencent.mm.modelvoice.o$1$1@72cb0a9, Looper (AppForegroundDelegate, tid 5729) {be27acf}
03-24 11:13:46.769 I/MicroMsg.SubCoreVoice(19178): [:19376, ]:getVoiceService com.tencent.mm.audio.b.i@cf62854
03-24 11:13:46.769 I/MicroMsg.SceneVoiceService(19178): [:19376, ]:run() com.tencent.mm.audio.b.i@cf62854
03-24 11:13:46.769 I/Vending.Pipeline(19178): [:19376, ]:last one resolved, dequeue next.
03-24 11:13:46.769 I/MicroMsg.FirstScreenArrangement(19178): [:19376, ]:FirstScreenArrangement tryConsumingWaitingQueue runnable com.tencent.mm.plugin.voip.SubCoreVoip$1$1@df6ae65, Looper (AppForegroundDelegate, tid 5729) {be27acf}
03-24 11:13:46.770 I/ThreadPool.Execute(19178): [:19855, ]:<<< VideoService_runThread@34#com.tencent.mm.modelvideo.ag$a$3@110481089 state=COMPLETE cost=1ms/0ms HotPool start@=1648091626769ms delay=0ms run@=1648091626769
03-24 11:13:46.770 I/ThreadPool.Execute(19178): [:19507, ]:<<< com.tencent.mm.aq.c@81616314 state=COMPLETE cost=103176ms/3ms ColdPool start@=nullms delay=nullms run@=null
03-24 11:13:46.770 I/MicroMsg.NetSceneBase(19178): [:19377, ]:dispatcher send, 0
03-24 11:13:46.770 I/MicroMsg.NetSceneQueue(19178): [:19377, ]:On doscene  mmcgi type:0 hash[232663900,65282802] run:1 wait:0 ret:0 autoauth:191791583
03-24 11:13:46.771 I/MicroMsg.Fav.FavCdnService(19178): [:19377, ]:do run cdn job, wait time 110068
03-24 11:13:46.771 I/Vending.Pipeline(19178): [:19376, ]:last one resolved, dequeue next.
03-24 11:13:46.771 I/MicroMsg.FirstScreenArrangement(19178): [:19376, ]:FirstScreenArrangement tryConsumingWaitingQueue runnable com.tencent.mm.plugin.subapp.modelvoiceremind.d$3$1@d92ec78, Looper (AppForegroundDelegate, tid 5729) {be27acf}
03-24 11:13:46.771 I/ThreadPool.Execute(19178): [:20736, ]:||| com.tencent.mm.aq.c@81616314 state=CANCEL start@=1648091523594ms delay=0ms run@=1648091523594
03-24 11:13:46.771 I/MicroMsg.ActiveDetector(19178): [:20736, ]:active, processDetector.clear end, time 1648091626771
03-24 11:13:46.771 I/MicroMsg.SubCoreVoiceRemind(19178): [:19376, ]:summervoice SubCoreVoiceRemind getCore subCoreSubapp[com.tencent.mm.plugin.subapp.SubCoreSubapp@d3454cb], theCore[com.tencent.mm.plugin.subapp.modelvoiceremind.d@6c5205f], stack[[.plugin.subapp.modelvoiceremind.d:hAY(228)][.plugin.subapp.modelvoiceremind.d:hBa(347)][.plugin.subapp.modelvoiceremind.d:bCm(215)][.plugin.subapp.modelvoiceremind.d$3$1:run(397)][.blink.b$a:call(116)][.vending.h.f$1:run(1012)]]
03-24 11:13:46.771 I/MicroMsg.NetSceneSendMsg(19178): [:20736, ]:empty msg sender created
03-24 11:13:46.771 I/MicroMsg.SubCoreVoiceRemind(19178): [:19376, ]:summervoice SubCoreVoiceRemind getCore subCoreSubapp[com.tencent.mm.plugin.subapp.SubCoreSubapp@d3454cb], theCore[com.tencent.mm.plugin.subapp.modelvoiceremind.d@6c5205f], stack[[.plugin.subapp.modelvoiceremind.d:hAY(228)][.plugin.subapp.modelvoiceremind.d:hBa(350)][.plugin.subapp.modelvoiceremind.d:bCm(215)][.plugin.subapp.modelvoiceremind.d$3$1:run(397)][.blink.b$a:call(116)][.vending.h.f$1:run(1012)]]
03-24 11:13:46.771 I/MicroMsg.Fav.FavEditInfoStorage(19178): [:19377, ]:get all edit infos, count 0
03-24 11:13:46.771 I/MicroMsg.NetSceneQueue(19178): [:20736, ]:doSceneImp start: mmcgi type:522 hash[258419874,0] run:1 wait:0 afterSec:0 canDo:true autoauth:191791583
03-24 11:13:46.772 I/MicroMsg.OplogService(19178): [:20736, ]:summeroplog dealWith option null
03-24 11:13:46.772 I/MicroMsg.SyncOfflineTokenListener(19178): [:20736, ]:SyncOfflineTokenListener -> updateToken()
03-24 11:13:46.772 I/MicroMsg.Fav.FavEditService(19178): [:19377, ]:infos size 0
03-24 11:13:46.772 I/MicroMsg.SyncService(19178): [:19377, ]:doLoop null
03-24 11:13:46.773 I/MicroMsg.ImgService(19178): [:19377, ]:run from run
03-24 11:13:46.773 I/MicroMsg.ConfigStorage(19178): [:20736, ]:SET: 8215 => 0a0d08131202313818d8e2c6c7fb2f0a1008af81d7ee0112013018b7c38bbcfa2f0a1008b081d7ee0112013018eeb9d89aeb2f0a0c082612013018d89c9ce2fa2f
03-24 11:13:46.773 I/MicroMsg.SceneVoiceService(19178): [:19377, ]:Try Run service runningFlag:false timeWait:110074 sending:false recving:false[com.tencent.mm.audio.b.i@cf62854]
03-24 11:13:46.773 I/MicroMsg.WearBaseWorkerTask(19178): [:20736, ]:Create WearCancelNotificationTask
03-24 11:13:46.773 I/MicroMsg.AppBrand.AppBrandBackgroundFetchDataHandler(19178): [:20736, ]:periodFetchDataWhenAppEnterForeground, too frequent
03-24 11:13:46.773 I/MicroMsg.ABTestUpdater(19178): [:20736, ]:Need Update: false, Last Update Time: 1648039174, Update Interval: 86400, Current Time: 1648091626
03-24 11:13:46.774 E/libprocessgroup(19178): set_timerslack_ns write failed: Operation not permitted
03-24 11:13:46.774 I/MicroMsg.FTS.FTSTaskDaemon(19178): [:20736, ]:*** Switch priority: foreground
03-24 11:13:46.774 I/ThreadPool.Execute(19178): [:19751, ]:<<< com.tencent.mm.plugin.emoji.sync.BKGLoaderManager$2$$ExternalSyntheticLambda0@76797661 state=COMPLETE cost=0ms/0ms HotPool start@=1648091626774ms delay=0ms run@=1648091626774
03-24 11:13:46.774 I/MicroMsg.StayTimeReport(19178): [:20736, ]:onAppResume chatUser:24473525895@chatroom, class:com.tencent.mm.ui.LauncherUI@103314270
03-24 11:13:46.775 I/MicroMsg.BatteryUtil(19178): [:20736, ]:getIgnoreBatteryOptimizationsDialogTime() time=0
03-24 11:13:46.775 I/MMKernel.CoreStorage(19178): [:20736, ]:isSDCardAvail:true uin:2092703011 toNow:110252 sysPath:[/storage/emulated/0/Android/data/com.tencent.mm/MicroMsg/] sdRoot:[/storage/emulated/0/Android/data/com.tencent.mm], acc init:[true]
03-24 11:13:46.775 I/MicroMsg.LauncherUI.MainTabUnreadMgr(19178): [:19178, ]:[FinderDiscoveryTab] result=tipId=null type=null isShow=false path=null showType=null title=null isShow=false
