03-24 11:14:19.013 D/CompositionEngine(  998): writeOutputDependentGeometryStateToHWC layer[RoundCorner#0] set Z 134217734 miFodLayer 134217728
03-24 11:14:19.013 D/CompositionEngine(  998): writeOutputDependentGeometryStateToHWC layer[RoundCorner#1] set Z 134217735 miFodLayer 134217728
03-24 11:14:19.028 E/BlurUtils( 3048): fastBlurDirectly ratio=0.8376665   win=com.android.internal.policy.MiuiPhoneWindow@850d6e3
03-24 11:14:19.028 W/SurfaceFlinger(  998): eEarlyWakeup is deprecated. Use eExplicitEarlyWakeup[Start|End]
03-24 11:14:19.028 W/SurfaceFlinger(  998): eEarlyWakeup is deprecated. Use eExplicitEarlyWakeup[Start|End]
03-24 11:14:19.030 D/CompositionEngine(  998): writeOutputDependentGeometryStateToHWC layer[com.miui.miwallpaper.wallpaperservice.ImageWallpaper#0] set Z 134217728 miFodLayer 134217728
03-24 11:14:19.030 D/CompositionEngine(  998): writeOutputDependentGeometryStateToHWC layer[com.miui.home/com.miui.home.launcher.Launcher#0] set Z 134217729 miFodLayer 134217728
03-24 11:14:19.030 D/CompositionEngine(  998): writeOutputDependentGeometryStateToHWC layer[Launcher Dim#0] set Z 134217730 miFodLayer 134217728
03-24 11:14:19.030 D/CompositionEngine(  998): writeOutputDependentGeometryStateToHWC layer[Splash Screen com.netease.cloudmusic#0] set Z 134217731 miFodLayer 134217728
03-24 11:14:19.030 D/CompositionEngine(  998): writeOutputDependentGeometryStateToHWC layer[StatusBar#0] set Z 134217732 miFodLayer 134217728
03-24 11:14:19.030 D/CompositionEngine(  998): writeOutputDependentGeometryStateToHWC layer[NavigationBar0#0] set Z 134217733 miFodLayer 134217728
03-24 11:14:19.030 D/CompositionEngine(  998): writeOutputDependentGeometryStateToHWC layer[RoundCorner#0] set Z 134217734 miFodLayer 134217728
03-24 11:14:19.030 D/CompositionEngine(  998): writeOutputDependentGeometryStateToHWC layer[RoundCorner#1] set Z 134217735 miFodLayer 134217728
03-24 11:14:19.030 D/ImageWallpaperRenderer( 2668): OFFSET  x: 0.5  y: 0.0
03-24 11:14:19.037 W/System  ( 3048): A resource failed to call release. 
03-24 11:14:19.037 W/System  ( 3048): A resource failed to call release. 
03-24 11:14:19.045 W/SurfaceFlinger(  998): eEarlyWakeup is deprecated. Use eExplicitEarlyWakeup[Start|End]
03-24 11:14:19.045 W/SurfaceFlinger(  998): eEarlyWakeup is deprecated. Use eExplicitEarlyWakeup[Start|End]
03-24 11:14:19.046 D/ImageWallpaperRenderer( 2668): OFFSET  x: 0.5  y: 0.0
03-24 11:14:19.046 D/CompositionEngine(  998): writeOutputDependentGeometryStateToHWC layer[com.miui.miwallpaper.wallpaperservice.ImageWallpaper#0] set Z 134217728 miFodLayer 134217728
03-24 11:14:19.047 D/CompositionEngine(  998): writeOutputDependentGeometryStateToHWC layer[com.miui.home/com.miui.home.launcher.Launcher#0] set Z 134217729 miFodLayer 134217728
03-24 11:14:19.047 D/CompositionEngine(  998): writeOutputDependentGeometryStateToHWC layer[Launcher Dim#0] set Z 134217730 miFodLayer 134217728
03-24 11:14:19.047 D/CompositionEngine(  998): writeOutputDependentGeometryStateToHWC layer[Splash Screen com.netease.cloudmusic#0] set Z 134217731 miFodLayer 134217728
03-24 11:14:19.047 D/CompositionEngine(  998): writeOutputDependentGeometryStateToHWC layer[StatusBar#0] set Z 134217732 miFodLayer 134217728
03-24 11:14:19.047 D/CompositionEngine(  998): writeOutputDependentGeometryStateToHWC layer[NavigationBar0#0] set Z 134217733 miFodLayer 134217728
03-24 11:14:19.047 D/CompositionEngine(  998): writeOutputDependentGeometryStateToHWC layer[RoundCorner#0] set Z 134217734 miFodLayer 134217728
03-24 11:14:19.047 D/CompositionEngine(  998): writeOutputDependentGeometryStateToHWC layer[RoundCorner#1] set Z 134217735 miFodLayer 134217728
03-24 11:14:19.051 D/vendor.qti.bluetooth@1.0-wake_lock(  922): Release wakelock is released 
03-24 11:14:19.058 W/System.err(21170): java.lang.ClassNotFoundException: com.netease.cloudmusic.common.ViewHolderResourceConfig
03-24 11:14:19.059 W/System.err(21170): 	at java.lang.Class.classForName(Native Method)
03-24 11:14:19.059 W/System.err(21170): 	at java.lang.Class.forName(Class.java:454)
03-24 11:14:19.059 W/System.err(21170): 	at java.lang.Class.forName(Class.java:379)
03-24 11:14:19.059 W/System.err(21170): 	at com.netease.cloudmusic.core.vhbinding.a.a.c(ProGuard:1)
03-24 11:14:19.059 W/System.err(21170): 	at com.netease.cloudmusic.common.nova.autobind.k.d(ProGuard:1)
03-24 11:14:19.059 W/System.err(21170): 	at com.netease.cloudmusic.process.ProcessTasks.i(ProGuard:23)
03-24 11:14:19.059 W/System.err(21170): 	at com.netease.cloudmusic.process.h.a(ProGuard:3)
03-24 11:14:19.059 W/System.err(21170): 	at com.netease.cloudmusic.NeteaseMusicApplication.onCreate(ProGuard:11)
03-24 11:14:19.059 W/System.err(21170): 	at com.netease.cloudmusic.core.patch.PatchApplicationLike.onCreate(ProGuard:3)
03-24 11:14:19.059 W/System.err(21170): 	at com.tencent.tinker.entry.TinkerApplicationInlineFence.handleMessageImpl(ProGuard:14)
03-24 11:14:19.059 W/System.err(21170): 	at com.tencent.tinker.entry.TinkerApplicationInlineFence.handleMessage_$noinline$(ProGuard:2)
03-24 11:14:19.059 W/System.err(21170): 	at com.tencent.tinker.entry.TinkerApplicationInlineFence.handleMessage(ProGuard:1)
03-24 11:14:19.059 W/System.err(21170): 	at com.tencent.tinker.loader.app.TinkerInlineFenceAction.callOnCreate(ProGuard:2)
03-24 11:14:19.059 W/System.err(21170): 	at com.tencent.tinker.loader.app.TinkerApplication.onCreate(ProGuard:3)
03-24 11:14:19.059 W/System.err(21170): 	at com.netease.nis.wrapper.MyApplication.onCreate(MyApplication.java:121)
03-24 11:14:19.059 W/System.err(21170): 	at android.app.Instrumentation.callApplicationOnCreate(Instrumentation.java:1193)
03-24 11:14:19.059 W/System.err(21170): 	at android.app.ActivityThread.handleBindApplication(ActivityThread.java:6848)
03-24 11:14:19.059 W/System.err(21170): 	at android.app.ActivityThread.access$1400(ActivityThread.java:246)
03-24 11:14:19.059 W/System.err(21170): 	at android.app.ActivityThread$H.handleMessage(ActivityThread.java:1955)
03-24 11:14:19.059 W/System.err(21170): 	at android.os.Handler.dispatchMessage(Handler.java:106)
03-24 11:14:19.059 W/System.err(21170): 	at android.os.Looper.loop(Looper.java:236)
03-24 11:14:19.059 W/System.err(21170): 	at android.app.ActivityThread.main(ActivityThread.java:7876)
03-24 11:14:19.059 W/System.err(21170): 	at java.lang.reflect.Method.invoke(Native Method)
03-24 11:14:19.059 W/System.err(21170): 	at com.android.internal.os.RuntimeInit$MethodAndArgsCaller.run(RuntimeInit.java:656)
03-24 11:14:19.059 W/System.err(21170): 	at com.android.internal.os.ZygoteInit.main(ZygoteInit.java:967)
03-24 11:14:19.059 W/System.err(21170): Caused by: java.lang.ClassNotFoundException: com.netease.cloudmusic.common.ViewHolderResourceConfig
03-24 11:14:19.059 W/System.err(21170): 	... 25 more
03-24 11:14:19.061 E/BlurUtils( 3048): fastBlurDirectly ratio=0.9601159   win=com.android.internal.policy.MiuiPhoneWindow@850d6e3
03-24 11:14:19.062 W/SurfaceFlinger(  998): eEarlyWakeup is deprecated. Use eExplicitEarlyWakeup[Start|End]
03-24 11:14:19.062 W/SurfaceFlinger(  998): eEarlyWakeup is deprecated. Use eExplicitEarlyWakeup[Start|End]
03-24 11:14:19.062 D/ImageWallpaperRenderer( 2668): OFFSET  x: 0.5  y: 0.0
03-24 11:14:19.063 D/CompositionEngine(  998): writeOutputDependentGeometryStateToHWC layer[com.miui.miwallpaper.wallpaperservice.ImageWallpaper#0] set Z 134217728 miFodLayer 134217728
03-24 11:14:19.063 D/CompositionEngine(  998): writeOutputDependentGeometryStateToHWC layer[com.miui.home/com.miui.home.launcher.Launcher#0] set Z 134217729 miFodLayer 134217728
03-24 11:14:19.063 D/CompositionEngine(  998): writeOutputDependentGeometryStateToHWC layer[Launcher Dim#0] set Z 134217730 miFodLayer 134217728
03-24 11:14:19.063 D/CompositionEngine(  998): writeOutputDependentGeometryStateToHWC layer[Splash Screen com.netease.cloudmusic#0] set Z 134217731 miFodLayer 134217728
03-24 11:14:19.063 D/CompositionEngine(  998): writeOutputDependentGeometryStateToHWC layer[StatusBar#0] set Z 134217732 miFodLayer 134217728
03-24 11:14:19.063 D/CompositionEngine(  998): writeOutputDependentGeometryStateToHWC layer[NavigationBar0#0] set Z 134217733 miFodLayer 134217728
03-24 11:14:19.063 D/CompositionEngine(  998): writeOutputDependentGeometryStateToHWC layer[RoundCorner#0] set Z 134217734 miFodLayer 134217728
03-24 11:14:19.063 D/CompositionEngine(  998): writeOutputDependentGeometryStateToHWC layer[RoundCorner#1] set Z 134217735 miFodLayer 134217728
03-24 11:14:19.066 I/ActivityManager( 1824): Process com.tencent.mm:appbrand0 (pid 20545) has died: cch+10 CACC
03-24 11:14:19.066 I/Process ( 1824): PerfMonitor : current process killing process group. PID: 20545
03-24 11:14:19.066 I/ANDR-PERF-LM(  950): LMPerfGlue: perfmodule_submit_request() 132: perfmodule_submit_request()
03-24 11:14:19.066 I/ANDR-PERF-LM(  950): Core: getInstance() 84: LM getInstance
03-24 11:14:19.066 I/ANDR-PERF-LM(  950): WQ: push() 59: LMTriggerQ push() size=8
03-24 11:14:19.066 I/ANDR-PERF-LM(  950): WQ: push() 61: LMTriggerQ push() done size=9
03-24 11:14:19.066 E/MiuiBoosterServer( 1313): [LocalSocket.h,loop:229]"recv error , fd:12 ret:0 errno:30"
03-24 11:14:19.066 E/MiuiBoosterServer( 1313): [server.h,recvEvent:43]"LocalSocketServer EVENT_ERROR: uid:10275 path:"
03-24 11:14:19.067 W/ActivityManager( 1824): Scheduling restart of crashed service com.tencent.mm/.ipcinvoker.wx_extension.service.Appbrand0IPCService in 1000ms for connection
03-24 11:14:19.068 I/com.xiaomi.xms( 5156): oneway function results will be dropped but finished with status UNKNOWN_TRANSACTION and parcel size 0
03-24 11:14:19.068 I/Zygote  (  782): Process 20545 exited due to signal 9 (Killed)
03-24 11:14:19.071 I/libprocessgroup( 1824): Successfully killed process cgroup uid 10275 pid 20545 in 5ms
03-24 11:14:19.077 D/Launcher_UnlockAnimationStateMachine( 3048): mResetIdleStateRunnable
03-24 11:14:19.080 D/CompositionEngine(  998): writeOutputDependentGeometryStateToHWC layer[com.miui.miwallpaper.wallpaperservice.ImageWallpaper#0] set Z 134217728 miFodLayer 134217728
03-24 11:14:19.080 D/CompositionEngine(  998): writeOutputDependentGeometryStateToHWC layer[com.miui.home/com.miui.home.launcher.Launcher#0] set Z 134217729 miFodLayer 134217728
03-24 11:14:19.080 D/CompositionEngine(  998): writeOutputDependentGeometryStateToHWC layer[Launcher Dim#0] set Z 134217730 miFodLayer 134217728
03-24 11:14:19.080 D/CompositionEngine(  998): writeOutputDependentGeometryStateToHWC layer[Splash Screen com.netease.cloudmusic#0] set Z 134217731 miFodLayer 134217728
03-24 11:14:19.080 D/CompositionEngine(  998): writeOutputDependentGeometryStateToHWC layer[StatusBar#0] set Z 134217732 miFodLayer 134217728
03-24 11:14:19.080 D/CompositionEngine(  998): writeOutputDependentGeometryStateToHWC layer[NavigationBar0#0] set Z 134217733 miFodLayer 134217728
03-24 11:14:19.080 D/CompositionEngine(  998): writeOutputDependentGeometryStateToHWC layer[RoundCorner#0] set Z 134217734 miFodLayer 134217728
03-24 11:14:19.080 D/CompositionEngine(  998): writeOutputDependentGeometryStateToHWC layer[RoundCorner#1] set Z 134217735 miFodLayer 134217728
03-24 11:14:19.080 W/SurfaceFlinger(  998): eEarlyWakeup is deprecated. Use eExplicitEarlyWakeup[Start|End]
03-24 11:14:19.081 W/SurfaceFlinger(  998): eEarlyWakeup is deprecated. Use eExplicitEarlyWakeup[Start|End]
03-24 11:14:19.083 I/TetheringManager(21170): registerTetheringEventCallback:com.netease.cloudmusic
03-24 11:14:19.083 D/ImageWallpaperRenderer( 2668): OFFSET  x: 0.5  y: 0.0
03-24 11:14:19.089 E/MiuiBoosterServer( 1313): [LocalSocket.h,loop:229]"recv error , fd:14 ret:0 errno:30"
03-24 11:14:19.089 E/MiuiBoosterServer( 1313): [server.h,recvEvent:43]"LocalSocketServer EVENT_ERROR: uid:10275 path:"
03-24 11:14:19.090 I/ActivityManager( 1824): Process com.tencent.mm:appbrand2 (pid 20562) has died: cch CACC
03-24 11:14:19.090 I/Process ( 1824): PerfMonitor : current process killing process group. PID: 20562
03-24 11:14:19.091 I/ANDR-PERF-LM(  950): LMPerfGlue: perfmodule_submit_request() 132: perfmodule_submit_request()
03-24 11:14:19.091 I/ANDR-PERF-LM(  950): Core: getInstance() 84: LM getInstance
03-24 11:14:19.091 I/ANDR-PERF-LM(  950): WQ: push() 59: LMTriggerQ push() size=9
03-24 11:14:19.091 I/ANDR-PERF-LM(  950): WQ: push() 61: LMTriggerQ push() done size=10
03-24 11:14:19.091 I/Zygote  (  782): Process 20562 exited due to signal 9 (Killed)
03-24 11:14:19.092 W/ActivityManager( 1824): Scheduling restart of crashed service com.tencent.mm/.ipcinvoker.wx_extension.service.Appbrand2IPCService in 1000ms for connection
03-24 11:14:19.092 I/com.xiaomi.xms( 5156): oneway function results will be dropped but finished with status UNKNOWN_TRANSACTION and parcel size 0
03-24 11:14:19.095 E/BlurUtils( 3048): fastBlurDirectly ratio=1.0   win=com.android.internal.policy.MiuiPhoneWindow@850d6e3
03-24 11:14:19.096 I/libprocessgroup( 1824): Successfully killed process cgroup uid 10275 pid 20562 in 5ms
03-24 11:14:19.096 D/CompositionEngine(  998): writeOutputDependentGeometryStateToHWC layer[com.miui.miwallpaper.wallpaperservice.ImageWallpaper#0] set Z 134217728 miFodLayer 134217728
03-24 11:14:19.096 D/CompositionEngine(  998): writeOutputDependentGeometryStateToHWC layer[com.miui.home/com.miui.home.launcher.Launcher#0] set Z 134217729 miFodLayer 134217728
03-24 11:14:19.096 D/CompositionEngine(  998): writeOutputDependentGeometryStateToHWC layer[Launcher Dim#0] set Z 134217730 miFodLayer 134217728
03-24 11:14:19.096 D/CompositionEngine(  998): writeOutputDependentGeometryStateToHWC layer[Splash Screen com.netease.cloudmusic#0] set Z 134217731 miFodLayer 134217728
03-24 11:14:19.096 D/CompositionEngine(  998): writeOutputDependentGeometryStateToHWC layer[StatusBar#0] set Z 134217732 miFodLayer 134217728
03-24 11:14:19.096 D/CompositionEngine(  998): writeOutputDependentGeometryStateToHWC layer[NavigationBar0#0] set Z 134217733 miFodLayer 134217728
03-24 11:14:19.096 D/CompositionEngine(  998): writeOutputDependentGeometryStateToHWC layer[RoundCorner#0] set Z 134217734 miFodLayer 134217728
03-24 11:14:19.096 D/CompositionEngine(  998): writeOutputDependentGeometryStateToHWC layer[RoundCorner#1] set Z 134217735 miFodLayer 134217728
03-24 11:14:19.096 D/ImageWallpaperRenderer( 2668): OFFSET  x: 0.5  y: 0.0
03-24 11:14:19.097 W/SurfaceFlinger(  998): eEarlyWakeup is deprecated. Use eExplicitEarlyWakeup[Start|End]
03-24 11:14:19.097 W/SurfaceFlinger(  998): eEarlyWakeup is deprecated. Use eExplicitEarlyWakeup[Start|End]
03-24 11:14:19.107 W/System.err(21170): java.lang.ClassCastException: java.util.HashSet cannot be cast to java.lang.String
03-24 11:14:19.108 W/System.err(21170): 	at android.app.SharedPreferencesImpl.getString(SharedPreferencesImpl.java:302)
03-24 11:14:19.108 W/System.err(21170): 	at com.netease.cloudmusic.b1.h.b.p(ProGuard:3)
03-24 11:14:19.108 W/System.err(21170): 	at com.netease.cloudmusic.datareport.provider.n.a(ProGuard:1)
03-24 11:14:19.108 W/System.err(21170): 	at com.netease.cloudmusic.datareport.provider.ProcessProvider.update(ProGuard:25)
03-24 11:14:19.108 W/System.err(21170): 	at com.netease.cloudmusic.datareport.provider.m.p(ProGuard:5)
03-24 11:14:19.108 W/System.err(21170): 	at com.netease.cloudmusic.datareport.provider.m.g(ProGuard:1)
03-24 11:14:19.108 W/System.err(21170): 	at com.netease.cloudmusic.datareport.provider.m$c.b(ProGuard:28)
03-24 11:14:19.108 W/System.err(21170): 	at com.netease.cloudmusic.datareport.provider.m$c.apply(ProGuard:1)
03-24 11:14:19.108 W/System.err(21170): 	at com.netease.cloudmusic.b1.h.b.r(ProGuard:6)
03-24 11:14:19.108 W/System.err(21170): 	at com.netease.cloudmusic.b1.j.a.r(ProGuard:2)
03-24 11:14:19.108 W/System.err(21170): 	at com.netease.cloudmusic.b1.j.a.J(ProGuard:2)
03-24 11:14:19.108 W/System.err(21170): 	at com.netease.cloudmusic.bilog.k.a$a.b(ProGuard:1)
03-24 11:14:19.108 W/System.err(21170): 	at com.netease.cloudmusic.j.c(ProGuard:21)
03-24 11:14:19.108 W/System.err(21170): 	at com.netease.cloudmusic.j.a(ProGuard:14)
03-24 11:14:19.108 W/System.err(21170): 	at com.netease.cloudmusic.process.ProcessTasks.e(ProGuard:11)
03-24 11:14:19.108 W/System.err(21170): 	at com.netease.cloudmusic.process.ProcessTasks.i(ProGuard:24)
03-24 11:14:19.108 W/System.err(21170): 	at com.netease.cloudmusic.process.h.a(ProGuard:3)
03-24 11:14:19.108 W/System.err(21170): 	at com.netease.cloudmusic.NeteaseMusicApplication.onCreate(ProGuard:11)
03-24 11:14:19.108 W/System.err(21170): 	at com.netease.cloudmusic.core.patch.PatchApplicationLike.onCreate(ProGuard:3)
03-24 11:14:19.108 W/System.err(21170): 	at com.tencent.tinker.entry.TinkerApplicationInlineFence.handleMessageImpl(ProGuard:14)
03-24 11:14:19.108 W/System.err(21170): 	at com.tencent.tinker.entry.TinkerApplicationInlineFence.handleMessage_$noinline$(ProGuard:2)
03-24 11:14:19.108 W/System.err(21170): 	at com.tencent.tinker.entry.TinkerApplicationInlineFence.handleMessage(ProGuard:1)
03-24 11:14:19.108 W/System.err(21170): 	at com.tencent.tinker.loader.app.TinkerInlineFenceAction.callOnCreate(ProGuard:2)
03-24 11:14:19.108 W/System.err(21170): 	at com.tencent.tinker.loader.app.TinkerApplication.onCreate(ProGuard:3)
03-24 11:14:19.108 W/System.err(21170): 	at com.netease.nis.wrapper.MyApplication.onCreate(MyApplication.java:121)
03-24 11:14:19.108 W/System.err(21170): 	at android.app.Instrumentation.callApplicationOnCreate(Instrumentation.java:1193)
03-24 11:14:19.108 W/System.err(21170): 	at android.app.ActivityThread.handleBindApplication(ActivityThread.java:6848)
03-24 11:14:19.108 W/System.err(21170): 	at android.app.ActivityThread.access$1400(ActivityThread.java:246)
03-24 11:14:19.108 W/System.err(21170): 	at android.app.ActivityThread$H.handleMessage(ActivityThread.java:1955)
03-24 11:14:19.108 W/System.err(21170): 	at android.os.Handler.dispatchMessage(Handler.java:106)
03-24 11:14:19.108 W/System.err(21170): 	at android.os.Looper.loop(Looper.java:236)
03-24 11:14:19.108 W/System.err(21170): 	at android.app.ActivityThread.main(ActivityThread.java:7876)
03-24 11:14:19.108 W/System.err(21170): 	at java.lang.reflect.Method.invoke(Native Method)
03-24 11:14:19.108 W/System.err(21170): 	at com.android.internal.os.RuntimeInit$MethodAndArgsCaller.run(RuntimeInit.java:656)
03-24 11:14:19.108 W/System.err(21170): 	at com.android.internal.os.ZygoteInit.main(ZygoteInit.java:967)
03-24 11:14:19.112 W/SurfaceFlinger(  998): eEarlyWakeup is deprecated. Use eExplicitEarlyWakeup[Start|End]
03-24 11:14:19.112 W/SurfaceFlinger(  998): eEarlyWakeup is deprecated. Use eExplicitEarlyWakeup[Start|End]
03-24 11:14:19.113 D/CompositionEngine(  998): writeOutputDependentGeometryStateToHWC layer[com.miui.miwallpaper.wallpaperservice.ImageWallpaper#0] set Z 134217728 miFodLayer 134217728
03-24 11:14:19.113 D/CompositionEngine(  998): writeOutputDependentGeometryStateToHWC layer[com.miui.home/com.miui.home.launcher.Launcher#0] set Z 134217729 miFodLayer 134217728
03-24 11:14:19.113 D/CompositionEngine(  998): writeOutputDependentGeometryStateToHWC layer[Launcher Dim#0] set Z 134217730 miFodLayer 134217728
03-24 11:14:19.113 D/CompositionEngine(  998): writeOutputDependentGeometryStateToHWC layer[Splash Screen com.netease.cloudmusic#0] set Z 134217731 miFodLayer 134217728
03-24 11:14:19.114 D/CompositionEngine(  998): writeOutputDependentGeometryStateToHWC layer[StatusBar#0] set Z 134217732 miFodLayer 134217728
03-24 11:14:19.114 D/CompositionEngine(  998): writeOutputDependentGeometryStateToHWC layer[NavigationBar0#0] set Z 134217733 miFodLayer 134217728
03-24 11:14:19.114 D/CompositionEngine(  998): writeOutputDependentGeometryStateToHWC layer[RoundCorner#0] set Z 134217734 miFodLayer 134217728
03-24 11:14:19.114 D/CompositionEngine(  998): writeOutputDependentGeometryStateToHWC layer[RoundCorner#1] set Z 134217735 miFodLayer 134217728
03-24 11:14:19.114 D/ImageWallpaperRenderer( 2668): OFFSET  x: 0.5  y: 0.0
03-24 11:14:19.118 D/NBLOG   (21170): open with cache dir /storage/emulated/0/Android/data/com.netease.cloudmusic/files/nblog, single file 2097152, single day 20971520, valid life 604800, total size 146800640
03-24 11:14:19.118 D/NBLOG   (21170): working dir is /storage/emulated/0/Android/data/com.netease.cloudmusic/files/nblog/cache/log_1
03-24 11:14:19.118 D/NBLOG   (21170): output dir is /storage/emulated/0/Android/data/com.netease.cloudmusic/files/nblog/output/log_1
03-24 11:14:19.120 D/NBLOG   (21170): has log locker true
03-24 11:14:19.129 W/SurfaceFlinger(  998): eEarlyWakeup is deprecated. Use eExplicitEarlyWakeup[Start|End]
03-24 11:14:19.129 W/SurfaceFlinger(  998): eEarlyWakeup is deprecated. Use eExplicitEarlyWakeup[Start|End]
03-24 11:14:19.130 D/CompositionEngine(  998): writeOutputDependentGeometryStateToHWC layer[com.miui.miwallpaper.wallpaperservice.ImageWallpaper#0] set Z 134217728 miFodLayer 134217728
03-24 11:14:19.130 D/CompositionEngine(  998): writeOutputDependentGeometryStateToHWC layer[com.miui.home/com.miui.home.launcher.Launcher#0] set Z 134217729 miFodLayer 134217728
03-24 11:14:19.130 D/CompositionEngine(  998): writeOutputDependentGeometryStateToHWC layer[Launcher Dim#0] set Z 134217730 miFodLayer 134217728
03-24 11:14:19.130 D/CompositionEngine(  998): writeOutputDependentGeometryStateToHWC layer[Splash Screen com.netease.cloudmusic#0] set Z 134217731 miFodLayer 134217728
03-24 11:14:19.131 D/CompositionEngine(  998): writeOutputDependentGeometryStateToHWC layer[StatusBar#0] set Z 134217732 miFodLayer 134217728
03-24 11:14:19.131 D/CompositionEngine(  998): writeOutputDependentGeometryStateToHWC layer[NavigationBar0#0] set Z 134217733 miFodLayer 134217728
03-24 11:14:19.131 D/CompositionEngine(  998): writeOutputDependentGeometryStateToHWC layer[RoundCorner#0] set Z 134217734 miFodLayer 134217728
03-24 11:14:19.131 D/CompositionEngine(  998): writeOutputDependentGeometryStateToHWC layer[RoundCorner#1] set Z 134217735 miFodLayer 134217728
03-24 11:14:19.131 D/ImageWallpaperRenderer( 2668): OFFSET  x: 0.5  y: 0.0
03-24 11:14:19.132 D/NBLOG   (21170): flush async via file name /storage/emulated/0/Android/data/com.netease.cloudmusic/files/nblog/cache/log_1/_1648089066_1648089066_5_47166
03-24 11:14:19.132 D/NBLOG   (21170): flush async via file name /storage/emulated/0/Android/data/com.netease.cloudmusic/files/nblog/cache/log_1/_1648091659_1648091659_0_50734
03-24 11:14:19.132 D/NBLOG   (21170): flush async via file name /storage/emulated/0/Android/data/com.netease.cloudmusic/files/nblog/cache/log_1/_1648091659_1648091659_1_22198
03-24 11:14:19.132 D/NBLOG   (21170): flush async via file name /storage/emulated/0/Android/data/com.netease.cloudmusic/files/nblog/cache/log_1/_1648089063_1648089063_1_49327
03-24 11:14:19.134 D/NBLOG   (21170): delete cache file which length is 0 /storage/emulated/0/Android/data/com.netease.cloudmusic/files/nblog/cache/log_1/_1648089066_1648089066_5_47166
03-24 11:14:19.134 D/NBLOG   (21170): auto clean cache async
03-24 11:14:19.134 D/NBLOG   (21170): file in use, skip flush /storage/emulated/0/Android/data/com.netease.cloudmusic/files/nblog/cache/log_1/_1648091659_1648091659_0_50734
03-24 11:14:19.134 D/NBLOG   (21170): file in use, skip flush /storage/emulated/0/Android/data/com.netease.cloudmusic/files/nblog/cache/log_1/_1648091659_1648091659_1_22198
03-24 11:14:19.135 D/NBLOG   (21170): cache /storage/emulated/0/Android/data/com.netease.cloudmusic/files/nblog/cache/log_1/_1648089063_1648089063_1_49327 flush to /storage/emulated/0/Android/data/com.netease.cloudmusic/files/nblog/output/log_1/_1648089063_1648091659_3_6529, flush size: 821
03-24 11:14:19.135 D/NBLOG   (21170): auto clean cache async
03-24 11:14:19.135 D/NBLOG   (21170): trigger auto clean in dir /storage/emulated/0/Android/data/com.netease.cloudmusic/files/nblog/output for logger log_1
03-24 11:14:19.135 D/NBLOG   (21170): get directory file lock? yes
03-24 11:14:19.135 D/NBLOG   (21170): begin auto clean
03-24 11:14:19.135 D/NBLOG   (21170): auto clean for single day limit, max size is 20971520
03-24 11:14:19.135 D/NBLOG   (21170): auto clean for max life, max life in sec is 604800
03-24 11:14:19.136 D/NBLOG   (21170): auto clean for total max size, max size is 146800640
03-24 11:14:19.137 D/NBLOG   (21170): trigger auto clean in dir /storage/emulated/0/Android/data/com.netease.cloudmusic/files/nblog/output for logger log_1
03-24 11:14:19.137 D/NBLOG   (21170): get directory file lock? yes
03-24 11:14:19.137 D/NBLOG   (21170): begin auto clean
03-24 11:14:19.137 D/NBLOG   (21170): auto clean for single day limit, max size is 20971520
03-24 11:14:19.137 D/NBLOG   (21170): auto clean for max life, max life in sec is 604800
03-24 11:14:19.137 D/NBLOG   (21170): auto clean for total max size, max size is 146800640
03-24 11:14:19.145 W/SurfaceFlinger(  998): eEarlyWakeup is deprecated. Use eExplicitEarlyWakeup[Start|End]
03-24 11:14:19.146 W/SurfaceFlinger(  998): eEarlyWakeup is deprecated. Use eExplicitEarlyWakeup[Start|End]
03-24 11:14:19.147 D/ImageWallpaperRenderer( 2668): OFFSET  x: 0.5  y: 0.0
03-24 11:14:19.147 D/CompositionEngine(  998): writeOutputDependentGeometryStateToHWC layer[com.miui.miwallpaper.wallpaperservice.ImageWallpaper#0] set Z 134217728 miFodLayer 134217728
03-24 11:14:19.147 D/CompositionEngine(  998): writeOutputDependentGeometryStateToHWC layer[com.miui.home/com.miui.home.launcher.Launcher#0] set Z 134217729 miFodLayer 134217728
03-24 11:14:19.147 D/CompositionEngine(  998): writeOutputDependentGeometryStateToHWC layer[Launcher Dim#0] set Z 134217730 miFodLayer 134217728
03-24 11:14:19.147 D/CompositionEngine(  998): writeOutputDependentGeometryStateToHWC layer[Splash Screen com.netease.cloudmusic#0] set Z 134217731 miFodLayer 134217728
03-24 11:14:19.147 D/CompositionEngine(  998): writeOutputDependentGeometryStateToHWC layer[StatusBar#0] set Z 134217732 miFodLayer 134217728
03-24 11:14:19.147 D/CompositionEngine(  998): writeOutputDependentGeometryStateToHWC layer[NavigationBar0#0] set Z 134217733 miFodLayer 134217728
03-24 11:14:19.147 D/CompositionEngine(  998): writeOutputDependentGeometryStateToHWC layer[RoundCorner#0] set Z 134217734 miFodLayer 134217728
03-24 11:14:19.147 D/CompositionEngine(  998): writeOutputDependentGeometryStateToHWC layer[RoundCorner#1] set Z 134217735 miFodLayer 134217728
03-24 11:14:19.162 W/SurfaceFlinger(  998): eEarlyWakeup is deprecated. Use eExplicitEarlyWakeup[Start|End]
03-24 11:14:19.162 W/SurfaceFlinger(  998): eEarlyWakeup is deprecated. Use eExplicitEarlyWakeup[Start|End]
03-24 11:14:19.162 D/ImageWallpaperRenderer( 2668): OFFSET  x: 0.5  y: 0.0
03-24 11:14:19.163 D/CompositionEngine(  998): writeOutputDependentGeometryStateToHWC layer[com.miui.miwallpaper.wallpaperservice.ImageWallpaper#0] set Z 134217728 miFodLayer 134217728
03-24 11:14:19.163 D/CompositionEngine(  998): writeOutputDependentGeometryStateToHWC layer[com.miui.home/com.miui.home.launcher.Launcher#0] set Z 134217729 miFodLayer 134217728
03-24 11:14:19.163 D/CompositionEngine(  998): writeOutputDependentGeometryStateToHWC layer[Launcher Dim#0] set Z 134217730 miFodLayer 134217728
03-24 11:14:19.163 D/CompositionEngine(  998): writeOutputDependentGeometryStateToHWC layer[Splash Screen com.netease.cloudmusic#0] set Z 134217731 miFodLayer 134217728
03-24 11:14:19.163 D/CompositionEngine(  998): writeOutputDependentGeometryStateToHWC layer[NavigationBar0#0] set Z 134217732 miFodLayer 134217728
03-24 11:14:19.163 D/CompositionEngine(  998): writeOutputDependentGeometryStateToHWC layer[RoundCorner#0] set Z 134217733 miFodLayer 134217728
03-24 11:14:19.163 D/CompositionEngine(  998): writeOutputDependentGeometryStateToHWC layer[RoundCorner#1] set Z 134217734 miFodLayer 134217728
03-24 11:14:19.178 W/SurfaceFlinger(  998): eEarlyWakeup is deprecated. Use eExplicitEarlyWakeup[Start|End]
03-24 11:14:19.179 W/SurfaceFlinger(  998): eEarlyWakeup is deprecated. Use eExplicitEarlyWakeup[Start|End]
03-24 11:14:19.179 I/chatty  (  998): uid=1000(system) Binder:998_4 identical 2 lines
03-24 11:14:19.180 W/SurfaceFlinger(  998): eEarlyWakeup is deprecated. Use eExplicitEarlyWakeup[Start|End]
03-24 11:14:19.180 D/CompositionEngine(  998): writeOutputDependentGeometryStateToHWC layer[com.miui.miwallpaper.wallpaperservice.ImageWallpaper#0] set Z 134217728 miFodLayer 134217728
03-24 11:14:19.180 D/CompositionEngine(  998): writeOutputDependentGeometryStateToHWC layer[com.miui.home/com.miui.home.launcher.Launcher#0] set Z 134217729 miFodLayer 134217728
03-24 11:14:19.180 D/CompositionEngine(  998): writeOutputDependentGeometryStateToHWC layer[Launcher Dim#0] set Z 134217730 miFodLayer 134217728
03-24 11:14:19.180 D/CompositionEngine(  998): writeOutputDependentGeometryStateToHWC layer[Splash Screen com.netease.cloudmusic#0] set Z 134217731 miFodLayer 134217728
03-24 11:14:19.180 D/CompositionEngine(  998): writeOutputDependentGeometryStateToHWC layer[NavigationBar0#0] set Z 134217732 miFodLayer 134217728
03-24 11:14:19.180 D/CompositionEngine(  998): writeOutputDependentGeometryStateToHWC layer[RoundCorner#0] set Z 134217733 miFodLayer 134217728
03-24 11:14:19.180 D/CompositionEngine(  998): writeOutputDependentGeometryStateToHWC layer[RoundCorner#1] set Z 134217734 miFodLayer 134217728
03-24 11:14:19.180 W/SurfaceFlinger(  998): eEarlyWakeup is deprecated. Use eExplicitEarlyWakeup[Start|End]
03-24 11:14:19.180 D/ImageWallpaperRenderer( 2668): OFFSET  x: 0.5  y: 0.0
03-24 11:14:19.190 D/[ui-mini]AppDir(21170): 2/DATA /data/user/0/com.netease.cloudmusic/688ebe2a6a7da3d1125936d9ee8b0966/DEFAULT
03-24 11:14:19.190 D/[ui-mini]AppDir(21170): 2/CACHE /data/user/0/com.netease.cloudmusic/cache/688ebe2a6a7da3d1125936d9ee8b0966/DEFAULT
03-24 11:14:19.190 I/[ui-mini]ui(21170): 2/********** SDK UI Module Start **** Version: 1.2.0/4/1/bce57a4af **** APPKEY: 688ebe2a6a7da3d1125936d9ee8b0966/null **** BUILD Version:30/29/Xiaomi/Redmi K30 Pro **** reduced IM:false **** SDK Name:nim-mini **********
03-24 11:14:19.191 I/[ui-mini]ui(21170): 2/ResponseFactoryUI register handlers done
03-24 11:14:19.191 I/[ui-mini]ui(21170): 2/ResponseFactoryUI register handlers done
03-24 11:14:19.192 D/[ui-mini]AppForegroundWatcher(21170): 2/app register activity lifecycle callbacks success
03-24 11:14:19.194 I/[ui-mini]TransExec(21170): 2/register service completed, total size=2
03-24 11:14:19.194 I/[ui-mini]ui(21170): 2/main process init done!
03-24 11:14:19.194 I/[ui-mini]ui(21170): 2/ObserverManager add MsgServiceObserve/observeCustomNotification
03-24 11:14:19.195 W/SurfaceFlinger(  998): eEarlyWakeup is deprecated. Use eExplicitEarlyWakeup[Start|End]
03-24 11:14:19.196 W/SurfaceFlinger(  998): eEarlyWakeup is deprecated. Use eExplicitEarlyWakeup[Start|End]
03-24 11:14:19.196 D/ImageWallpaperRenderer( 2668): OFFSET  x: 0.5  y: 0.0
03-24 11:14:19.196 D/CompositionEngine(  998): writeOutputDependentGeometryStateToHWC layer[com.miui.miwallpaper.wallpaperservice.ImageWallpaper#0] set Z 134217728 miFodLayer 134217728
03-24 11:14:19.196 D/CompositionEngine(  998): writeOutputDependentGeometryStateToHWC layer[com.miui.home/com.miui.home.launcher.Launcher#0] set Z 134217729 miFodLayer 134217728
03-24 11:14:19.196 D/CompositionEngine(  998): writeOutputDependentGeometryStateToHWC layer[Launcher Dim#0] set Z 134217730 miFodLayer 134217728
03-24 11:14:19.196 D/CompositionEngine(  998): writeOutputDependentGeometryStateToHWC layer[Splash Screen com.netease.cloudmusic#0] set Z 134217731 miFodLayer 134217728
03-24 11:14:19.196 D/CompositionEngine(  998): writeOutputDependentGeometryStateToHWC layer[NavigationBar0#0] set Z 134217732 miFodLayer 134217728
03-24 11:14:19.196 D/CompositionEngine(  998): writeOutputDependentGeometryStateToHWC layer[RoundCorner#0] set Z 134217733 miFodLayer 134217728
03-24 11:14:19.196 D/CompositionEngine(  998): writeOutputDependentGeometryStateToHWC layer[RoundCorner#1] set Z 134217734 miFodLayer 134217728
03-24 11:14:19.205 D/CompatibilityChangeReporter(21170): Compat change id reported: 147600208; UID 10294; state: ENABLED
03-24 11:14:19.212 W/SurfaceFlinger(  998): eEarlyWakeup is deprecated. Use eExplicitEarlyWakeup[Start|End]
03-24 11:14:19.213 W/SurfaceFlinger(  998): eEarlyWakeup is deprecated. Use eExplicitEarlyWakeup[Start|End]
03-24 11:14:19.213 D/CompositionEngine(  998): writeOutputDependentGeometryStateToHWC layer[com.miui.miwallpaper.wallpaperservice.ImageWallpaper#0] set Z 134217728 miFodLayer 134217728
03-24 11:14:19.213 D/CompositionEngine(  998): writeOutputDependentGeometryStateToHWC layer[com.miui.home/com.miui.home.launcher.Launcher#0] set Z 134217729 miFodLayer 134217728
03-24 11:14:19.213 D/CompositionEngine(  998): writeOutputDependentGeometryStateToHWC layer[Launcher Dim#0] set Z 134217730 miFodLayer 134217728
03-24 11:14:19.213 D/CompositionEngine(  998): writeOutputDependentGeometryStateToHWC layer[Splash Screen com.netease.cloudmusic#0] set Z 134217731 miFodLayer 134217728
03-24 11:14:19.213 D/CompositionEngine(  998): writeOutputDependentGeometryStateToHWC layer[NavigationBar0#0] set Z 134217732 miFodLayer 134217728
03-24 11:14:19.213 D/CompositionEngine(  998): writeOutputDependentGeometryStateToHWC layer[RoundCorner#0] set Z 134217733 miFodLayer 134217728
03-24 11:14:19.213 D/CompositionEngine(  998): writeOutputDependentGeometryStateToHWC layer[RoundCorner#1] set Z 134217734 miFodLayer 134217728
03-24 11:14:19.214 D/ImageWallpaperRenderer( 2668): OFFSET  x: 0.5  y: 0.0
03-24 11:14:19.228 V/fb-UnpackingSoSource(21170): locked dso store /data/user/0/com.netease.cloudmusic/lib-main
03-24 11:14:19.229 W/SurfaceFlinger(  998): eEarlyWakeup is deprecated. Use eExplicitEarlyWakeup[Start|End]
03-24 11:14:19.229 W/SurfaceFlinger(  998): eEarlyWakeup is deprecated. Use eExplicitEarlyWakeup[Start|End]
03-24 11:14:19.229 V/fb-UnpackingSoSource(21170): releasing dso store lock for /data/user/0/com.netease.cloudmusic/lib-main
03-24 11:14:19.230 D/ImageWallpaperRenderer( 2668): OFFSET  x: 0.5  y: 0.0
03-24 11:14:19.230 D/CompositionEngine(  998): writeOutputDependentGeometryStateToHWC layer[com.miui.miwallpaper.wallpaperservice.ImageWallpaper#0] set Z 134217728 miFodLayer 134217728
03-24 11:14:19.230 D/CompositionEngine(  998): writeOutputDependentGeometryStateToHWC layer[com.miui.home/com.miui.home.launcher.Launcher#0] set Z 134217729 miFodLayer 134217728
03-24 11:14:19.230 D/CompositionEngine(  998): writeOutputDependentGeometryStateToHWC layer[Launcher Dim#0] set Z 134217730 miFodLayer 134217728
03-24 11:14:19.230 D/CompositionEngine(  998): writeOutputDependentGeometryStateToHWC layer[Splash Screen com.netease.cloudmusic#0] set Z 134217731 miFodLayer 134217728
03-24 11:14:19.230 D/CompositionEngine(  998): writeOutputDependentGeometryStateToHWC layer[NavigationBar0#0] set Z 134217732 miFodLayer 134217728
03-24 11:14:19.230 D/CompositionEngine(  998): writeOutputDependentGeometryStateToHWC layer[RoundCorner#0] set Z 134217733 miFodLayer 134217728
03-24 11:14:19.230 D/CompositionEngine(  998): writeOutputDependentGeometryStateToHWC layer[RoundCorner#1] set Z 134217734 miFodLayer 134217728
03-24 11:14:19.233 D/IdProviderImpl(21170): getOAID
03-24 11:14:19.237 W/ActivityManager( 1824): Receiver with filter android.content.IntentFilter@d37f5f already registered for pid 21170, callerPackage is com.netease.cloudmusic
03-24 11:14:19.246 W/SurfaceFlinger(  998): eEarlyWakeup is deprecated. Use eExplicitEarlyWakeup[Start|End]
03-24 11:14:19.246 D/ImageWallpaperRenderer( 2668): OFFSET  x: 0.5  y: 0.0
03-24 11:14:19.246 W/SurfaceFlinger(  998): eEarlyWakeup is deprecated. Use eExplicitEarlyWakeup[Start|End]
03-24 11:14:19.247 D/CompositionEngine(  998): writeOutputDependentGeometryStateToHWC layer[com.miui.miwallpaper.wallpaperservice.ImageWallpaper#0] set Z 134217728 miFodLayer 134217728
03-24 11:14:19.247 D/CompositionEngine(  998): writeOutputDependentGeometryStateToHWC layer[com.miui.home/com.miui.home.launcher.Launcher#0] set Z 134217729 miFodLayer 134217728
03-24 11:14:19.247 D/CompositionEngine(  998): writeOutputDependentGeometryStateToHWC layer[Launcher Dim#0] set Z 134217730 miFodLayer 134217728
03-24 11:14:19.247 D/CompositionEngine(  998): writeOutputDependentGeometryStateToHWC layer[Splash Screen com.netease.cloudmusic#0] set Z 134217731 miFodLayer 134217728
03-24 11:14:19.247 D/CompositionEngine(  998): writeOutputDependentGeometryStateToHWC layer[NavigationBar0#0] set Z 134217732 miFodLayer 134217728
03-24 11:14:19.247 D/CompositionEngine(  998): writeOutputDependentGeometryStateToHWC layer[RoundCorner#0] set Z 134217733 miFodLayer 134217728
03-24 11:14:19.247 D/CompositionEngine(  998): writeOutputDependentGeometryStateToHWC layer[RoundCorner#1] set Z 134217734 miFodLayer 134217728
03-24 11:14:19.253 I/TrafficManageService( 4735): mina mTrafficStatsReceiver onReceive
03-24 11:14:19.260 I/ANDR-PERF-LM(  950): LMPerfGlue: perfmodule_submit_request() 132: perfmodule_submit_request()
03-24 11:14:19.260 I/ANDR-PERF-LM(  950): Core: getInstance() 84: LM getInstance
03-24 11:14:19.260 D/ANDR-PERF-LM(  950): Feature: lookup() 101: Feature Name = AppClassifier, total featuers = 3, featureFound = 1
03-24 11:14:19.260 D/ANDR-PERF-LM(  950): Feature: getData() 112: data.data = 1
03-24 11:14:19.260 I/ANDR-PERF-LM(  950): FeedbackAPI: getFeedback() 60: app:com.netease.cloudmusic feature:AppClassifier feedback = 1
03-24 11:14:19.262 W/SurfaceFlinger(  998): eEarlyWakeup is deprecated. Use eExplicitEarlyWakeup[Start|End]
03-24 11:14:19.263 W/SurfaceFlinger(  998): eEarlyWakeup is deprecated. Use eExplicitEarlyWakeup[Start|End]
03-24 11:14:19.264 D/CompositionEngine(  998): writeOutputDependentGeometryStateToHWC layer[com.miui.miwallpaper.wallpaperservice.ImageWallpaper#0] set Z 134217728 miFodLayer 134217728
03-24 11:14:19.264 D/CompositionEngine(  998): writeOutputDependentGeometryStateToHWC layer[com.miui.home/com.miui.home.launcher.Launcher#0] set Z 134217729 miFodLayer 134217728
03-24 11:14:19.264 D/CompositionEngine(  998): writeOutputDependentGeometryStateToHWC layer[Launcher Dim#0] set Z 134217730 miFodLayer 134217728
03-24 11:14:19.264 D/CompositionEngine(  998): writeOutputDependentGeometryStateToHWC layer[Splash Screen com.netease.cloudmusic#0] set Z 134217731 miFodLayer 134217728
03-24 11:14:19.264 D/CompositionEngine(  998): writeOutputDependentGeometryStateToHWC layer[NavigationBar0#0] set Z 134217732 miFodLayer 134217728
03-24 11:14:19.264 D/CompositionEngine(  998): writeOutputDependentGeometryStateToHWC layer[RoundCorner#0] set Z 134217733 miFodLayer 134217728
03-24 11:14:19.264 D/CompositionEngine(  998): writeOutputDependentGeometryStateToHWC layer[RoundCorner#1] set Z 134217734 miFodLayer 134217728
03-24 11:14:19.264 D/ImageWallpaperRenderer( 2668): OFFSET  x: 0.5  y: 0.0
03-24 11:14:19.265 W/DisplayIdentification(  998): Invalid EDID: falling back to serial number due to missing display name.
03-24 11:14:19.265 W/DisplayIdentification(  998): Invalid EDID: falling back to ASCII text due to missing serial number.
03-24 11:14:19.272 D/DecorView[](21170): getWindowModeFromSystem  windowmode is 1
03-24 11:14:19.272 D/DecorView(21170): createDecorCaptionView windowingMode:1 mWindowMode 1 isFullscreen: true
03-24 11:14:19.276 D/Zygote  (  782): Forked child process 21265
03-24 11:14:19.277 I/ActivityManager( 1824): Start proc 21265:com.netease.cloudmusic:videoplay/u0a294 for service {com.netease.cloudmusic/com.netease.cloudmusic.video.service.VideoPlayService} caller=com.netease.cloudmusic
03-24 11:14:19.279 W/SurfaceFlinger(  998): eEarlyWakeup is deprecated. Use eExplicitEarlyWakeup[Start|End]
03-24 11:14:19.280 W/SurfaceFlinger(  998): eEarlyWakeup is deprecated. Use eExplicitEarlyWakeup[Start|End]
03-24 11:14:19.280 D/CompatibilityInfo( 1824): mCompatibilityFlags - 0
03-24 11:14:19.280 D/CompatibilityInfo( 1824): applicationDensity - 440
03-24 11:14:19.280 D/CompatibilityInfo( 1824): applicationScale - 1.0
03-24 11:14:19.280 D/CompositionEngine(  998): writeOutputDependentGeometryStateToHWC layer[com.miui.miwallpaper.wallpaperservice.ImageWallpaper#0] set Z 134217728 miFodLayer 134217728
03-24 11:14:19.280 D/CompositionEngine(  998): writeOutputDependentGeometryStateToHWC layer[com.miui.home/com.miui.home.launcher.Launcher#0] set Z 134217729 miFodLayer 134217728
03-24 11:14:19.280 D/CompositionEngine(  998): writeOutputDependentGeometryStateToHWC layer[Launcher Dim#0] set Z 134217730 miFodLayer 134217728
03-24 11:14:19.280 D/CompositionEngine(  998): writeOutputDependentGeometryStateToHWC layer[Splash Screen com.netease.cloudmusic#0] set Z 134217731 miFodLayer 134217728
03-24 11:14:19.280 D/CompositionEngine(  998): writeOutputDependentGeometryStateToHWC layer[NavigationBar0#0] set Z 134217732 miFodLayer 134217728
03-24 11:14:19.280 D/CompositionEngine(  998): writeOutputDependentGeometryStateToHWC layer[RoundCorner#0] set Z 134217733 miFodLayer 134217728
03-24 11:14:19.280 D/CompositionEngine(  998): writeOutputDependentGeometryStateToHWC layer[RoundCorner#1] set Z 134217734 miFodLayer 134217728
03-24 11:14:19.280 D/ImageWallpaperRenderer( 2668): OFFSET  x: 0.5  y: 0.0
03-24 11:14:19.282 W/Zygote  (21265): Unable to open libbeluga.so: dlopen failed: library "libbeluga.so" not found.
03-24 11:14:19.284 I/libc    (21265): SetHeapTaggingLevel: tag level set to 0
03-24 11:14:19.289 E/libc    (21170): Access denied finding property "ro.serialno"
03-24 11:14:19.290 E/music:videopla(21265): Not starting debugger since process cannot load the jdwp agent.
03-24 11:14:19.282 W/Binder:intercep(21170): type=1400 audit(0.0:2538421): avc: denied { getattr } for path="/data/user/0/com.miui.contentcatcher" dev="dm-10" ino=6880 scontext=u:r:untrusted_app_29:s0:c38,c257,c512,c768 tcontext=u:object_r:system_app_data_file:s0 tclass=dir permissive=0 app=com.netease.cloudmusic
03-24 11:14:19.297 D/ImageWallpaperRenderer( 2668): OFFSET  x: 0.5  y: 0.0
03-24 11:14:19.297 D/CompositionEngine(  998): writeOutputDependentGeometryStateToHWC layer[com.miui.miwallpaper.wallpaperservice.ImageWallpaper#0] set Z 134217728 miFodLayer 134217728
03-24 11:14:19.297 D/CompositionEngine(  998): writeOutputDependentGeometryStateToHWC layer[com.miui.home/com.miui.home.launcher.Launcher#0] set Z 134217729 miFodLayer 134217728
03-24 11:14:19.297 D/CompositionEngine(  998): writeOutputDependentGeometryStateToHWC layer[Launcher Dim#0] set Z 134217730 miFodLayer 134217728
03-24 11:14:19.297 D/CompositionEngine(  998): writeOutputDependentGeometryStateToHWC layer[Splash Screen com.netease.cloudmusic#0] set Z 134217731 miFodLayer 134217728
03-24 11:14:19.297 D/CompositionEngine(  998): writeOutputDependentGeometryStateToHWC layer[NavigationBar0#0] set Z 134217732 miFodLayer 134217728
03-24 11:14:19.297 D/CompositionEngine(  998): writeOutputDependentGeometryStateToHWC layer[RoundCorner#0] set Z 134217733 miFodLayer 134217728
03-24 11:14:19.297 D/CompositionEngine(  998): writeOutputDependentGeometryStateToHWC layer[RoundCorner#1] set Z 134217734 miFodLayer 134217728
03-24 11:14:19.286 W/pool-11-thread-(21170): type=1400 audit(0.0:2538423): avc: denied { read } for name="u:object_r:serialno_prop:s0" dev="tmpfs" ino=20056 scontext=u:r:untrusted_app_29:s0:c38,c257,c512,c768 tcontext=u:object_r:serialno_prop:s0 tclass=file permissive=0 app=com.netease.cloudmusic
03-24 11:14:19.301 D/CompatibilityInfo( 1824): mCompatibilityFlags - 0
03-24 11:14:19.301 D/CompatibilityInfo( 1824): applicationDensity - 440
03-24 11:14:19.301 D/CompatibilityInfo( 1824): applicationScale - 1.0
03-24 11:14:19.290 W/Binder:intercep(21170): type=1400 audit(0.0:2538424): avc: denied { getattr } for path="/data/user/0/com.miui.contentcatcher" dev="dm-10" ino=6880 scontext=u:r:untrusted_app_29:s0:c38,c257,c512,c768 tcontext=u:object_r:system_app_data_file:s0 tclass=dir permissive=0 app=com.netease.cloudmusic
03-24 11:14:19.303 D/CompatibilityInfo( 1824): mCompatibilityFlags - 0
03-24 11:14:19.303 D/CompatibilityInfo( 1824): applicationDensity - 440
03-24 11:14:19.303 D/CompatibilityInfo( 1824): applicationScale - 1.0
03-24 11:14:19.303 E/ease.cloudmusi(21170): Dex checksum does not match for dex: /system/app/MiuiContentCatcher/MiuiContentCatcher.apk.Expected: 2132010402, actual: 2457315699
03-24 11:14:19.306 I/CameraManagerGlobal(21170): Connecting to camera service
03-24 11:14:19.290 W/Binder:intercep(21170): type=1400 audit(0.0:2538425): avc: denied { getattr } for path="/data/user/0/com.miui.contentcatcher" dev="dm-10" ino=6880 scontext=u:r:untrusted_app_29:s0:c38,c257,c512,c768 tcontext=u:object_r:system_app_data_file:s0 tclass=dir permissive=0 app=com.netease.cloudmusic
03-24 11:14:19.310 D/Zygote  (  782): Forked child process 21293
03-24 11:14:19.311 I/ActivityManager( 1824): Start proc 21293:com.netease.cloudmusic:browser/u0a294 for service {com.netease.cloudmusic/com.netease.cloudmusic.module.webview.BrowserPreService} caller=com.netease.cloudmusic
03-24 11:14:19.312 W/System.err(21170): android.content.pm.PackageManager$NameNotFoundException: com.huawei.hwid
03-24 11:14:19.312 W/Zygote  (21293): Unable to open libbeluga.so: dlopen failed: library "libbeluga.so" not found.
03-24 11:14:19.313 W/SurfaceFlinger(  998): eEarlyWakeup is deprecated. Use eExplicitEarlyWakeup[Start|End]
03-24 11:14:19.313 W/System.err(21170): 	at android.app.ApplicationPackageManager.getPackageInfoAsUser(ApplicationPackageManager.java:207)
03-24 11:14:19.313 W/System.err(21170): 	at android.app.ApplicationPackageManager.getPackageInfo(ApplicationPackageManager.java:179)
03-24 11:14:19.313 W/System.err(21170): 	at com.netease.cloudmusic.module.ad.g.x(ProGuard:1)
03-24 11:14:19.313 W/System.err(21170): 	at com.netease.cloudmusic.module.ad.a.apply(Unknown Source:2)
03-24 11:14:19.313 W/System.err(21170): 	at com.netease.cloudmusic.module.ad.g.t(ProGuard:2)
03-24 11:14:19.313 W/System.err(21170): 	at com.netease.cloudmusic.module.ad.g.k(Unknown Source:186)
03-24 11:14:19.313 W/SurfaceFlinger(  998): eEarlyWakeup is deprecated. Use eExplicitEarlyWakeup[Start|End]
03-24 11:14:19.313 W/System.err(21170): 	at com.netease.cloudmusic.module.ad.g.l(ProGuard:3)
03-24 11:14:19.313 I/libc    (21293): SetHeapTaggingLevel: tag level set to 0
03-24 11:14:19.313 W/System.err(21170): 	at com.netease.cloudmusic.module.ad.g.n(ProGuard:2)
03-24 11:14:19.313 W/System.err(21170): 	at com.netease.cloudmusic.utils.k0.g0(ProGuard:1)
03-24 11:14:19.313 W/System.err(21170): 	at com.netease.cloudmusic.utils.k0.d0(ProGuard:1)
03-24 11:14:19.313 W/System.err(21170): 	at com.netease.cloudmusic.utils.k0.c0(ProGuard:1)
03-24 11:14:19.313 W/System.err(21170): 	at com.netease.cloudmusic.module.ad.secondfloor.a$b.run(ProGuard:1)
03-24 11:14:19.313 W/System.err(21170): 	at java.util.concurrent.Executors$RunnableAdapter.call(Executors.java:462)
03-24 11:14:19.313 W/System.err(21170): 	at java.util.concurrent.FutureTask.run(FutureTask.java:266)
03-24 11:14:19.313 W/System.err(21170): 	at java.util.concurrent.ThreadPoolExecutor.runWorker(ThreadPoolExecutor.java:1167)
03-24 11:14:19.313 W/System.err(21170): 	at java.util.concurrent.ThreadPoolExecutor$Worker.run(ThreadPoolExecutor.java:641)
03-24 11:14:19.313 W/System.err(21170): 	at java.lang.Thread.run(Thread.java:923)
03-24 11:14:19.314 W/ServiceManager( 1278): Permission failure: android.permission.CAMERA_OPEN_CLOSE_LISTENER from uid=10294 pid=21170
03-24 11:14:19.314 D/ImageWallpaperRenderer( 2668): OFFSET  x: 0.5  y: 0.0
03-24 11:14:19.314 D/CompositionEngine(  998): writeOutputDependentGeometryStateToHWC layer[com.miui.miwallpaper.wallpaperservice.ImageWallpaper#0] set Z 134217728 miFodLayer 134217728
03-24 11:14:19.314 D/CompositionEngine(  998): writeOutputDependentGeometryStateToHWC layer[com.miui.home/com.miui.home.launcher.Launcher#0] set Z 134217729 miFodLayer 134217728
03-24 11:14:19.314 D/CompositionEngine(  998): writeOutputDependentGeometryStateToHWC layer[Launcher Dim#0] set Z 134217730 miFodLayer 134217728
03-24 11:14:19.314 D/CompositionEngine(  998): writeOutputDependentGeometryStateToHWC layer[Splash Screen com.netease.cloudmusic#0] set Z 134217731 miFodLayer 134217728
03-24 11:14:19.314 D/CompositionEngine(  998): writeOutputDependentGeometryStateToHWC layer[NavigationBar0#0] set Z 134217732 miFodLayer 134217728
03-24 11:14:19.314 D/CompositionEngine(  998): writeOutputDependentGeometryStateToHWC layer[RoundCorner#0] set Z 134217733 miFodLayer 134217728
03-24 11:14:19.314 D/CompositionEngine(  998): writeOutputDependentGeometryStateToHWC layer[RoundCorner#1] set Z 134217734 miFodLayer 134217728
03-24 11:14:19.315 D/ApplicationLoaders(21265): Returning zygote-cached class loader: /system/framework/android.test.base.jar
03-24 11:14:19.315 W/System.err(21170): android.content.pm.PackageManager$NameNotFoundException: com.huawei.appmarket
03-24 11:14:19.315 W/System.err(21170): 	at android.app.ApplicationPackageManager.getPackageInfoAsUser(ApplicationPackageManager.java:207)
03-24 11:14:19.315 W/System.err(21170): 	at android.app.ApplicationPackageManager.getPackageInfo(ApplicationPackageManager.java:179)
03-24 11:14:19.315 W/System.err(21170): 	at com.netease.cloudmusic.module.ad.g.x(ProGuard:1)
03-24 11:14:19.315 W/System.err(21170): 	at com.netease.cloudmusic.module.ad.a.apply(Unknown Source:2)
03-24 11:14:19.315 W/System.err(21170): 	at com.netease.cloudmusic.module.ad.g.t(ProGuard:3)
03-24 11:14:19.315 W/System.err(21170): 	at com.netease.cloudmusic.module.ad.g.k(Unknown Source:186)
03-24 11:14:19.315 W/System.err(21170): 	at com.netease.cloudmusic.module.ad.g.l(ProGuard:3)
03-24 11:14:19.315 W/System.err(21170): 	at com.netease.cloudmusic.module.ad.g.n(ProGuard:2)
03-24 11:14:19.315 W/System.err(21170): 	at com.netease.cloudmusic.utils.k0.g0(ProGuard:1)
03-24 11:14:19.315 W/System.err(21170): 	at com.netease.cloudmusic.utils.k0.d0(ProGuard:1)
03-24 11:14:19.315 W/System.err(21170): 	at com.netease.cloudmusic.utils.k0.c0(ProGuard:1)
03-24 11:14:19.315 W/System.err(21170): 	at com.netease.cloudmusic.module.ad.secondfloor.a$b.run(ProGuard:1)
03-24 11:14:19.315 W/System.err(21170): 	at java.util.concurrent.Executors$RunnableAdapter.call(Executors.java:462)
