03-24 11:13:46.904 I/libnfc_nci(17494): [INFO:NativeNfcManager.cpp(461)] nfaConnectionCallback: NFA_POLL_DISABLED_EVT: status = 0
03-24 11:13:46.904 I/libnfc_nci(17494): [INFO:NativeNfcTag.cpp(2097)] nativeNfcTag_releaseRfInterfaceMutexLock: sRfInterfaceMutex unlock
03-24 11:13:46.905 I/libnfc_nci(17494): [INFO:NativeNfcTag.cpp(2079)] nativeNfcTag_acquireRfInterfaceMutexLock: try to acquire lock
03-24 11:13:46.905 I/libnfc_nci(17494): [INFO:NativeNfcTag.cpp(2082)] nativeNfcTag_acquireRfInterfaceMutexLock: sRfInterfaceMutex lock
03-24 11:13:46.905 I/libnfc_nci(17494): [INFO:NativeNfcManager.cpp(3398)] startPolling_rfDiscoveryDisabled: enable polling
03-24 11:13:46.905 I/libnfc_nci(17494): [INFO:nfa_dm_api.cc(575)] 0x4F
03-24 11:13:46.905 I/libnfc_nci(17494): [INFO:NativeNfcManager.cpp(3402)] startPolling_rfDiscoveryDisabled: wait for enable event
03-24 11:13:46.905 I/libnfc_nci(17494): [INFO:nfa_sys_main.cc(77)] NFA got event 0x0106
03-24 11:13:46.905 I/libnfc_nci(17494): [INFO:nfa_dm_main.cc(151)] event: NFA_DM_API_ENABLE_POLLING_EVT (0x06)
03-24 11:13:46.905 I/libnfc_nci(17494): [INFO:nfa_dm_act.cc(1051)] nfa_dm_act_enable_polling
03-24 11:13:46.905 I/libnfc_nci(17494): [INFO:nfa_dm_act.cc(979)] nfa_dm_start_polling
03-24 11:13:46.905 I/libnfc_nci(17494): [INFO:nfa_dm_discover.cc(2853)] disc_mask=0xe97f
03-24 11:13:46.905 I/libnfc_nci(17494): [INFO:nfa_dm_discover.cc(2862)] requested_disc_mask=0x0000e97f
03-24 11:13:46.905 I/libnfc_nci(17494): [INFO:NativeNfcManager.cpp(443)] nfaConnectionCallback: event= 0
03-24 11:13:46.905 I/libnfc_nci(17494): [INFO:NativeNfcManager.cpp(452)] nfaConnectionCallback: NFA_POLL_ENABLED_EVT: status = 0
03-24 11:13:46.905 I/libnfc_nci(17494): [INFO:NativeNfcTag.cpp(2097)] nativeNfcTag_releaseRfInterfaceMutexLock: sRfInterfaceMutex unlock
03-24 11:13:46.905 I/libnfc_nci(17494): [INFO:NativeNfcManager.cpp(1743)] nfcManager_enableDiscovery: Enable p2pListening
03-24 11:13:46.905 I/libnfc_nci(17494): [INFO:NativeNfcManager.cpp(3216)] startRfDiscovery: is start=1
03-24 11:13:46.905 I/libnfc_nci(17494): [INFO:NativeNfcTag.cpp(2079)] nativeNfcTag_acquireRfInterfaceMutexLock: try to acquire lock
03-24 11:13:46.905 I/libnfc_nci(17494): [INFO:NativeNfcTag.cpp(2082)] nativeNfcTag_acquireRfInterfaceMutexLock: sRfInterfaceMutex lock
03-24 11:13:46.905 I/libnfc_nci(17494): [INFO:nfa_dm_api.cc(864)] NFA_StartRfDiscovery
03-24 11:13:46.905 I/libnfc_nci(17494): [INFO:nfa_sys_main.cc(77)] NFA got event 0x010E
03-24 11:13:46.905 I/libnfc_nci(17494): [INFO:nfa_dm_main.cc(151)] event: NFA_DM_API_START_RF_DISCOVERY_EVT (0x0e)
03-24 11:13:46.905 I/libnfc_nci(17494): [INFO:nfa_dm_act.cc(1359)] nfa_dm_act_start_rf_discovery
03-24 11:13:46.905 I/libnfc_nci(17494): [INFO:nfa_dm_discover.cc(1029)] nfa_dm_start_rf_discover
03-24 11:13:46.905 I/libnfc_nci(17494): [INFO:nfa_ee_act.cc(3298)] 1
03-24 11:13:46.905 I/libnfc_nci(17494): [INFO:nfa_ee_act.cc(3322)] 0xc0, 0xc0, 0xc0, 0x0
03-24 11:13:46.905 E/libnfc_nci(17494): [ERROR:nfa_dm_discover.cc(1162)] nfa_dm_cb.disc_cb.entry[0].selected_disc_mask = 0x140000
03-24 11:13:46.905 E/libnfc_nci(17494): [ERROR:nfa_dm_discover.cc(1162)] nfa_dm_cb.disc_cb.entry[1].selected_disc_mask = 0x340000
03-24 11:13:46.905 E/libnfc_nci(17494): [ERROR:nfa_dm_discover.cc(1162)] nfa_dm_cb.disc_cb.entry[2].selected_disc_mask = 0x340000
03-24 11:13:46.905 E/libnfc_nci(17494): [ERROR:nfa_dm_discover.cc(1162)] nfa_dm_cb.disc_cb.entry[3].selected_disc_mask = 0xe97f
03-24 11:13:46.905 I/libnfc_nci(17494): [INFO:nfa_ee_main.cc(438)] nfa_ee_find_ecb
03-24 11:13:46.905 I/libnfc_nci(17494): [INFO:nfa_ee_act.cc(2528)] Cannot find cb for given nfcee_id: 0x2
03-24 11:13:46.905 I/libnfc_nci(17494): [INFO:nfa_ee_act.cc(2531)] supported tech list is 0x00 for given nfcee_id: 0x2 
03-24 11:13:46.905 I/libnfc_nci(17494): [INFO:nfa_dm_discover.cc(1266)] fwdEnable:1,hostEnable:7
03-24 11:13:46.906 I/libnfc_nci(17494): [INFO:nfa_dm_discover.cc(1269)] tech_list:0x0,dm_disc_mask:0x34e97f
03-24 11:13:46.906 I/libnfc_nci(17494): [INFO:nfa_dm_discover.cc(1283)] dm_disc_mask : 0x34e97f
03-24 11:13:46.906 I/libnfc_nci(17494): [INFO:nfa_p2p_main.cc(533)] nfa_p2p_set_config
03-24 11:13:46.906 I/libnfc_nci(17494): [INFO:llcp_api.cc(252)] LLCP_GetDiscoveryConfig
03-24 11:13:46.906 I/libnfc_nci(17494): [INFO:nfa_dm_main.cc(255)] nfa_dm_check_set_config
03-24 11:13:46.906 I/libnfc_nci(17494): [INFO:nfa_dm_discover.cc(1205)] nfa_dm_start_rf_discover: finally dm_disc_mask = 0x0034e97f
03-24 11:13:46.906 I/libnfc_nci(17494): [INFO:nfa_dm_discover.cc(383)] tech_proto_mask = 0x0034E97F
03-24 11:13:46.906 I/libnfc_nci(17494): [INFO:nfa_dm_main.cc(255)] nfa_dm_check_set_config
03-24 11:13:46.906 I/libnfc_nci(17494): [INFO:nfa_dm_discover.cc(473)] nfa_dm_set_total_duration
03-24 11:13:46.906 I/libnfc_nci(17494): [INFO:nfa_dm_main.cc(255)] nfa_dm_check_set_config
03-24 11:13:46.906 I/libnfc_nci(17494): [INFO:nfc_main.cc(1020)] NFC_DiscoveryStart
03-24 11:13:46.906 I/libnfc_nci(17494): [INFO:NfcAdaptation.cc(973)] NfcAdaptation::HalPrediscover
03-24 11:13:46.906 I/libnfc_nci(17494): [INFO:nfc_ncif.cc(382)] nfc_ncif_send_cmd()
03-24 11:13:46.906 I/libnfc_nci(17494): [INFO:NfcAdaptation.cc(722)] NfcAdaptation::HalWrite
03-24 11:13:46.906 D/NxpHal  (  942): > Polling Loop Started
03-24 11:13:46.906 D/NxpTml  (  942): PN54X - Write requested.....
03-24 11:13:46.906 D/NxpTml  (  942): PN54X - Invoking I2C Write.....
03-24 11:13:46.908 D/NxpNciX (  942): len =  20 > 2103110800010101020103018001810182010601
03-24 11:13:46.908 D/NxpTml  (  942): PN54X - I2C Write successful.....
03-24 11:13:46.908 D/NxpTml  (  942): PN54X - Posting Fresh Write message.....
03-24 11:13:46.908 D/NxpTml  (  942): PN54X - Tml Writer Thread Running................
03-24 11:13:46.908 D/NxpHal  (  942): write successful status = 0x0
03-24 11:13:46.908 I/libnfc_nci(17494): [INFO:nfc_main.cc(1040)] NFC_DiscoveryStart status: 0xe3
03-24 11:13:46.911 D/NxpTml  (  942): PN54X - I2C Read successful.....len = 4
03-24 11:13:46.911 D/NxpNciR (  942): len =   4 > 41030100
03-24 11:13:46.911 D/NxpTml  (  942): PN54X - Posting read message.....
03-24 11:13:46.912 D/NxpHal  (  942): read successful status = 0x0
03-24 11:13:46.912 I/libnfc_nci(17494): [INFO:nfc_ncif.cc(449)] NFC received rsp gid:1
03-24 11:13:46.912 I/libnfc_nci(17494): [INFO:nfa_dm_discover.cc(3146)] p2p priority is running under bail out mode ONLY.
03-24 11:13:46.912 I/libnfc_nci(17494): [INFO:nfa_dm_discover.cc(801)] event:0x4000
03-24 11:13:46.912 I/libnfc_nci(17494): [INFO:nfa_dm_discover.cc(2780)] state: IDLE (0), event: DISCOVER_RSP(1) disc_flags: 0x31
03-24 11:13:46.912 I/libnfc_nci(17494): [INFO:nfa_dm_discover.cc(1915)] old_state: IDLE (0), new_state: DISCOVERY (1) disc_flags: 0x11
03-24 11:13:46.912 I/libnfc_nci(17494): [INFO:nfa_dm_act.cc(1686)] event:0x00
03-24 11:13:46.912 I/libnfc_nci(17494): [INFO:NativeNfcManager.cpp(443)] nfaConnectionCallback: event= 30
03-24 11:13:46.912 I/libnfc_nci(17494): [INFO:NativeNfcManager.cpp(471)] nfaConnectionCallback: NFA_RF_DISCOVERY_STARTED_EVT: status = 0
03-24 11:13:46.912 I/libnfc_nci(17494): [INFO:nfa_dm_discover.cc(2833)] new state: DISCOVERY (1), disc_flags: 0x1
03-24 11:13:46.912 D/NxpTml  (  942): PN54X - Read requested.....
03-24 11:13:46.912 D/NxpTml  (  942): PN54X - Invoking I2C Read.....
03-24 11:13:46.912 I/libnfc_nci(17494): [INFO:NativeNfcTag.cpp(2097)] nativeNfcTag_releaseRfInterfaceMutexLock: sRfInterfaceMutex unlock
03-24 11:13:46.913 I/libnfc_nci(17494): [INFO:PowerSwitch.cpp(258)] PowerSwitch::setModeOn(activated=0x1) : mCurrActivity=0x1
03-24 11:13:46.913 I/libnfc_nci(17494): [INFO:NativeNfcManager.cpp(1799)] nfcManager_enableDiscovery: exit
03-24 11:13:46.913 I/libnfc_nci(17494): [INFO:NativeNfcManager.cpp(2830)] Screen state is not changed.
03-24 11:13:46.921 W/minus.server( 1996): onUnbind OverlaysController
03-24 11:13:46.921 D/minus.server( 1996): OverlayControllerCallback. destroy
03-24 11:13:46.923 D/DisplayFeatureHal(  966): fod ui ready 0
03-24 11:13:46.923 D/DisplayFeatureHal(  966): FOD HBM off
03-24 11:13:46.923 W/DisplayFeatureHal(  966): ---skip setting acl feature currently, return!
03-24 11:13:46.924 D/DisplayFeatureHal(  966): HandleEyeCare enter modeId 155
03-24 11:13:46.934 D/Lks     ( 1996): StandardModePresenter:clean
03-24 11:13:46.934 D/Lks     ( 1996): CategorySubscribedManager:unRegisterCategoryChangedListener
03-24 11:13:46.935 D/Lks     ( 1996): CategorySubscribedManager:unRegisterEnableLockscreenMagazineListener
03-24 11:13:46.935 D/Lks     ( 1996): LksLoadFeedTaskManager:stopPreLoadTask2
03-24 11:13:46.935 D/Lks     ( 1996): LksLoadFeedTaskManager:stopInitialLoadTask
03-24 11:13:46.935 D/Lks     ( 1996): LksLoadFeedTaskManager:stopLoadMoreTask
03-24 11:13:46.935 D/Lks     ( 1996): LksLoadFeedTaskManager:stopLoadNewestTask
03-24 11:13:46.935 D/Lks     ( 1996): LksLoadFeedTaskManager:stopRefreshTask
03-24 11:13:46.935 D/Lks     ( 1996): LksLoadFeedTaskManager:stopDataFilterTask
03-24 11:13:46.935 D/minus.server( 1996): OverlayController. onDestroy
03-24 11:13:46.945 W/RecentsImpl( 3048): updateFsgWindowVisibilityState   isEnter=false   typeFrom=typefrom_keyguard   isOpen=true   mIsInAnotherPro=false   mIsStatusBarExpansion=false
03-24 11:13:46.945 D/DisplayFeatureHal(  966): HandleEyeCare exit ret 0
03-24 11:13:46.945 D/DisplayFeatureHal(  966): HandleACNormal enter
03-24 11:13:46.946 I/DisplayFeatureHal(  966): successfully write 0x6000000 into /sys/class/drm/card0-DSI-1/disp_param
03-24 11:13:46.946 W/RecentsImpl( 3048): getTopActivity from observer.   cn=ComponentInfo{com.tencent.mm/com.tencent.mm.ui.LauncherUI}
03-24 11:13:46.946 W/RecentsImpl( 3048): adaptToTopActivity   cn=ComponentInfo{com.tencent.mm/com.tencent.mm.ui.LauncherUI}
03-24 11:13:46.946 W/RecentsImpl( 3048): onResumed className=com.tencent.mm.ui.LauncherUI   mIsInAnotherPro=false
03-24 11:13:46.946 W/RecentsImpl( 3048): disableBackStubWindow    disableTouch=false
03-24 11:13:46.946 D/RecentsImpl( 3048): showBackStubWindow  mHasNavigationBar=true   mDisabledByDriveMode=false
03-24 11:13:46.946 W/GestureStubView( 3048): adaptRotation   currentRotation=0   mRotation=0
03-24 11:13:46.946 D/RecentsImpl( 3048): showNavStubView
03-24 11:13:46.946 D/GestureStubView( 3048): resetRenderProperty: showGestureStub
03-24 11:13:46.946 D/GestureStubView( 3048): showGestureStub
03-24 11:13:46.946 W/GestureStubView( 3048): adaptRotation   currentRotation=0   mRotation=0
03-24 11:13:46.946 D/GestureStubView( 3048): resetRenderProperty: showGestureStub
03-24 11:13:46.946 D/GestureStubView( 3048): showGestureStub
03-24 11:13:46.955 D/DisplayFeatureHal(  966): set mode:42 ppMode:258 over done.... status:0 ret 0
03-24 11:13:46.955 D/DisplayFeatureHal(  966): pcc gabb coeff 0 1.000000
03-24 11:13:46.955 D/DisplayFeatureHal(  966): pcc gabb coeff 1 0.000000
03-24 11:13:46.955 D/DisplayFeatureHal(  966): pcc gabb coeff 2 0.000000
03-24 11:13:46.955 D/DisplayFeatureHal(  966): pcc gabb coeff 3 0.000000
03-24 11:13:46.955 D/DisplayFeatureHal(  966): pcc gabb coeff 4 1.000000
03-24 11:13:46.955 D/DisplayFeatureHal(  966): pcc gabb coeff 5 0.000000
03-24 11:13:46.955 D/DisplayFeatureHal(  966): pcc gabb coeff 6 0.000000
03-24 11:13:46.955 D/DisplayFeatureHal(  966): pcc gabb coeff 7 0.000000
03-24 11:13:46.955 D/DisplayFeatureHal(  966): pcc gabb coeff 8 1.000000
03-24 11:13:46.961 D/MSF.C.NetConnTag.true(26578): netRecv ssoSeq:52872 uin:0 cmd:AiYxJi46IDs+bQA9ND8 52947 cross:0
03-24 11:13:46.961 D/MSF.C.QuickSendManager(26578): recv Quick heart resp.now conn is alive.
03-24 11:13:46.963 I/Timeline( 1824): Timeline: Activity_windows_visible id: ActivityRecord{5c2dab8 u0 com.tencent.mm/.ui.LauncherUI t15224} time:45704090
03-24 11:13:46.964 D/DisplayFeatureHal(  966): HandleACNormal exit ret -1
03-24 11:13:46.964 D/DisplayFeatureHal(  966): isStartSensorControl ret 1
03-24 11:13:46.966 I/Timeline( 1824): Timeline: App_transition_stopped time:45704093
03-24 11:13:46.969 I/mars::stn(12886): [longlink_connect_monitor.cc:470, OnHeartbeatAlarmSet]:longlink_progress on_heartbeat_set, time: 129969889, time interval:210000
03-24 11:13:46.973 D/GestureStubView( 3048): gatherTransparentRegion: need render w:54  h:1440
03-24 11:13:46.979 D/GestureStubView( 3048): gatherTransparentRegion: need render w:54  h:1440
03-24 11:13:46.995 W/Looper  ( 1824): Slow dispatch took 120ms main h=android.app.ActivityThread$H c=android.app.-$$Lambda$LoadedApk$ReceiverDispatcher$Args$_BumDX2UKsnxLVrE6UJsJZkotuA@78a032c m=0
03-24 11:13:47.004 W/NotificationHistory( 1824): Attempted to add notif for locked/gone/disabled user 0
03-24 11:13:47.007 I/NotificationController( 3474): onNotificationPosted: mSmartTravelNotificationMap 0
03-24 11:13:47.122 V/LegacyVoiceTriggerUtil:BSPVendor(15957): voicetrigger prop: 1
03-24 11:13:47.122 D/LegacyVoiceTriggerUtil:BSPVendor(15957): isVoiceTriggerAvailable: version:2021092914, type:1
03-24 11:13:47.122 D/LegacyVoiceTriggerUtil(15957): isVoiceTriggerSupport: device support:false, voice trigger:true
03-24 11:13:47.122 E/VoiceTrigger:ForceDoze(15957): SecurityCenterHelper.getUserId:0
03-24 11:13:47.217 I/NotificationController( 3474): getSortedKey: size 2
03-24 11:13:47.217 I/NotificationController( 3474): getSortedKey: -1|android|26|null|1000__0|android|17303714|HOTSPOT_NOTIFICATION|1000__
03-24 11:13:47.221 I/NotificationController( 3474): printNotificationData: notificationDataList 2
03-24 11:13:47.221 I/NotificationController( 3474): { mPackageName: android mClassName  mIsForegroundService false}
03-24 11:13:47.221 I/NotificationController( 3474): { mPackageName: android mClassName  mIsForegroundService false}
03-24 11:13:47.222 W/nt.mm:appbrand2(20562): type=1400 audit(0.0:2538407): avc: granted { execute } for path="/data/user/0/com.tencent.mm/tinker/patch-41a35f14/dex/oat/arm64/tinker_classN.odex" dev="dm-10" ino=448227 scontext=u:r:untrusted_app_29:s0:c19,c257,c512,c768 tcontext=u:object_r:app_data_file:s0:c19,c257,c512,c768 tclass=file app=com.tencent.mm
03-24 11:13:47.270 W/nt.mm:appbrand0(20545): type=1400 audit(0.0:2538408): avc: granted { execute } for path="/data/user/0/com.tencent.mm/tinker/patch-41a35f14/dex/oat/arm64/tinker_classN.odex" dev="dm-10" ino=448227 scontext=u:r:untrusted_app_29:s0:c19,c257,c512,c768 tcontext=u:object_r:app_data_file:s0:c19,c257,c512,c768 tclass=file app=com.tencent.mm
03-24 11:13:47.288 I/chatty  ( 1824): uid=1000(system) first_use_threa expire 6 lines
03-24 11:13:47.288 D/installd( 1294): Getting dex paths for context DLC[];PCL[]
03-24 11:13:47.301 D/installd( 1294): Processing secondary dex path /data/user/0/com.tencent.mm/tinker/patch-41a35f14/dex/tinker_classN.apk
03-24 11:13:47.309 W/nt.mm:appbrand(20562): Accessing hidden field Landroid/app/ActivityThread$H;->APPLICATION_INFO_CHANGED:I (greylist-max-o, reflection, denied)
03-24 11:13:47.319 W/profman (20631): Profile data size exceeds 500000 bytes. It has 732686 bytes.
03-24 11:13:47.334 W/System.err( 8830): java.lang.RuntimeException: java.lang.RuntimeException: Update should be in wifi network.
03-24 11:13:47.335 W/System.err( 8830): 	at com.uc.webview.export.extension.o.onReceiveValue(U4Source:100029)
03-24 11:13:47.335 W/System.err( 8830): 	at com.uc.webview.export.utility.download.e.onReceiveValue(U4Source:100008)
03-24 11:13:47.335 W/System.err( 8830): 	at com.uc.webview.export.utility.download.DownloadTask.__run_stub_private(U4Source:100223)
03-24 11:13:47.335 W/System.err( 8830): 	at com.uc.webview.export.utility.download.DownloadTask.__run_stub(Unknown Source:0)
03-24 11:13:47.335 W/System.err( 8830): 	at com.alipay.dexaop.perf.RunnableRunChain.proceed0(RunnableRunChain.java:100012)
03-24 11:13:47.335 W/System.err( 8830): 	at com.alipay.mobile.framework.aop.TaskMonitorPerfInterceptor.intercept0(TaskMonitorPerfInterceptor.java:100057)
03-24 11:13:47.335 W/System.err( 8830): 	at com.alipay.dexaop.perf.RunnableRunChain.proceed0(RunnableRunChain.java:100023)
03-24 11:13:47.335 W/System.err( 8830): 	at com.alipay.dexaop.monitor.chain.interceptors.RunningObjectInterceptor.intercept0(RunningObjectInterceptor.java:100065)
03-24 11:13:47.335 W/System.err( 8830): 	at com.alipay.dexaop.perf.RunnableRunChain.proceed0(RunnableRunChain.java:100023)
03-24 11:13:47.335 W/System.err( 8830): 	at com.alipay.dexaop.power.interceptors.RunningSippersInterceptor.bgIntercept0(RunningSippersInterceptor.java:100067)
03-24 11:13:47.335 W/System.err( 8830): 	at com.alipay.dexaop.power.interceptors.BgOnlyInterceptor.intercept0(BgOnlyInterceptor.java:100063)
03-24 11:13:47.335 W/System.err( 8830): 	at com.alipay.dexaop.perf.RunnableRunChain.proceed0(RunnableRunChain.java:100023)
03-24 11:13:47.335 W/System.err( 8830): 	at com.alipay.dexaop.DexAOPEntrySettings.bg_java_lang_Runnable_run_proxy(DexAOPEntrySettings.java:100011)
03-24 11:13:47.335 W/System.err( 8830): 	at com.alipay.dexaop.DexAOPEntry.bg_java_lang_Runnable_run_proxy(DexAOPEntry.java:100000)
03-24 11:13:47.335 W/System.err( 8830): 	at com.uc.webview.export.utility.download.DownloadTask.run(Unknown Source:18)
03-24 11:13:47.335 W/System.err( 8830): 	at java.lang.Thread.run(Thread.java:923)
03-24 11:13:47.335 W/System.err( 8830): Caused by: java.lang.RuntimeException: Update should be in wifi network.
03-24 11:13:47.335 W/System.err( 8830): 	at com.uc.webview.export.extension.o.onReceiveValue(U4Source:100022)
03-24 11:13:47.335 W/System.err( 8830): 	... 15 more
03-24 11:13:47.342 I/MMKV    (20562): <native-bridge.cpp:104::JNI_OnLoad> current API level = 30, libc++_shared=0
03-24 11:13:47.342 I/MMKV    (20562): <MMKV.cpp:165::initialize> version v1.2.11, page size 4096, arch arm64-v8a
03-24 11:13:47.342 I/MMKV    (20562): <MMKV.cpp:176::initialize> armv8 AES instructions is supported
03-24 11:13:47.342 I/MMKV    (20562): <MMKV.cpp:184::initialize> armv8 CRC32 instructions is supported
03-24 11:13:47.342 I/MMKV    (20562): <MMKV.cpp:207::initializeMMKV> root dir: /data/user/0/com.tencent.mm/files/mmkv
03-24 11:13:47.349 W/SQLiteCompatibilityWalFlags(20562): Cannot read global setting sqlite_compatibility_wal_flags - Application state not available
03-24 11:13:47.351 W/nt.mm:appbrand(20545): Accessing hidden field Landroid/app/ActivityThread$H;->APPLICATION_INFO_CHANGED:I (greylist-max-o, reflection, denied)
03-24 11:13:47.359 D/CompatibilityChangeReporter(20562): Compat change id reported: 147600208; UID 10275; state: ENABLED
03-24 11:13:47.363 I/chatty  ( 2646): uid=1002(bluetooth) Binder:2646_6 expire 3 lines
03-24 11:13:47.376 I/MMKV    (20545): <native-bridge.cpp:104::JNI_OnLoad> current API level = 30, libc++_shared=0
03-24 11:13:47.377 I/MMKV    (20545): <MMKV.cpp:165::initialize> version v1.2.11, page size 4096, arch arm64-v8a
03-24 11:13:47.377 I/MMKV    (20545): <MMKV.cpp:176::initialize> armv8 AES instructions is supported
03-24 11:13:47.377 I/MMKV    (20545): <MMKV.cpp:184::initialize> armv8 CRC32 instructions is supported
03-24 11:13:47.377 I/MMKV    (20545): <MMKV.cpp:207::initializeMMKV> root dir: /data/user/0/com.tencent.mm/files/mmkv
03-24 11:13:47.383 W/SQLiteCompatibilityWalFlags(20545): Cannot read global setting sqlite_compatibility_wal_flags - Application state not available
03-24 11:13:47.390 D/CompatibilityChangeReporter(20545): Compat change id reported: 147600208; UID 10275; state: ENABLED
03-24 11:13:47.401 I/cr.sandbox( 8830): BrowserIOThread heartbeat, interval/index: 30s/138, render: 11(NORMAL_WITHOUT_SECCOMP), gpu: 2(FULL)
03-24 11:13:47.417 V/NativeCrash(20562): Alternative stack installed.
03-24 11:13:47.417 V/NativeCrash(20562): Signal handler installed.
03-24 11:13:47.419 I/cr.sandbox.render(10542): RenderIOThread heartbeat, interval/index: 30s/138, render: 11(NORMAL_WITHOUT_SECCOMP), gpu: -1(INVALID)
03-24 11:13:47.437 I/nt.mm:appbrand(20562): Thread[1,tid=20562,Native,Thread*=0xb400007babfeec00,peer=0x71fef3d0,"main"] recursive attempt to load library "/data/app/~~ONlaomnWXSgPvSVV6lZwdQ==/com.tencent.mm-yoNbGmFoL8tKYwsyNFvbEw==/lib/arm64/libtrace-canary.so"
03-24 11:13:47.438 I/nt.mm:appbrand(20562): Thread[1,tid=20562,Native,Thread*=0xb400007babfeec00,peer=0x71fef3d0,"main"] recursive attempt to load library "/data/app/~~ONlaomnWXSgPvSVV6lZwdQ==/com.tencent.mm-yoNbGmFoL8tKYwsyNFvbEw==/lib/arm64/libtrace-canary.so"
03-24 11:13:47.438 W/dexoptanalyzer(20630): Required dex checksums not found. Assuming dex checksums are up to date.
03-24 11:13:47.438 W/dexoptanalyzer(20630): Current thread not detached in Runtime shutdown
03-24 11:13:47.442 V/NativeCrash(20545): Alternative stack installed.
03-24 11:13:47.442 V/NativeCrash(20545): Signal handler installed.
03-24 11:13:47.445 D/installd( 1294): Processed secondary dex file /data/user/0/com.tencent.mm/tinker/patch-41a35f14/dex/tinker_classN.apk result=0
03-24 11:13:47.446 D/installd( 1294): Getting dex paths for context DLC[];PCL[]
03-24 11:13:47.453 D/installd( 1294): Processing secondary dex path /data/user/0/com.tencent.mm/tinker/patch-41a35f14/dex/tinker_classN.apk
03-24 11:13:47.454 I/nt.mm:appbrand(20545): Thread[1,tid=20545,Native,Thread*=0xb400007babfeec00,peer=0x71fef3d0,"main"] recursive attempt to load library "/data/app/~~ONlaomnWXSgPvSVV6lZwdQ==/com.tencent.mm-yoNbGmFoL8tKYwsyNFvbEw==/lib/arm64/libtrace-canary.so"
03-24 11:13:47.454 I/nt.mm:appbrand(20545): Thread[1,tid=20545,Native,Thread*=0xb400007babfeec00,peer=0x71fef3d0,"main"] recursive attempt to load library "/data/app/~~ONlaomnWXSgPvSVV6lZwdQ==/com.tencent.mm-yoNbGmFoL8tKYwsyNFvbEw==/lib/arm64/libtrace-canary.so"
03-24 11:13:47.461 I/cr.sandbox.lite2(11533): BrowserIOThread heartbeat, interval/index: 30s/138, render: 0(NONE), gpu: 1(IN_PROCESS)
03-24 11:13:47.461 I/cr.sandbox.lite2(11533): RenderIOThread heartbeat, interval/index: 30s/138, render: 0(NONE), gpu: 1(IN_PROCESS)
03-24 11:13:47.462 W/nt.mm:appbrand2(20562): type=1400 audit(0.0:2538409): avc: granted { execute } for path="/data/user/0/com.tencent.mm/app_xwalk_3195/apk/oat/arm64/base.odex" dev="dm-10" ino=415079 scontext=u:r:untrusted_app_29:s0:c19,c257,c512,c768 tcontext=u:object_r:app_data_file:s0:c19,c257,c512,c768 tclass=file app=com.tencent.mm
03-24 11:13:47.469 W/profman (20778): Profile data size exceeds 500000 bytes. It has 732686 bytes.
03-24 11:13:47.471 I/XWeb.Core.XWalkCoreBridge(20562): setStandAloneMode:false
03-24 11:13:47.473 D/XWeb.Core.XWalkViewDelegate(20562): [XWalkViewDelegate.java:518] load :/data/user/0/com.tencent.mm/app_xwalk_3195/extracted_xwalkcore/libxwalkcore.so
03-24 11:13:47.466 W/nt.mm:appbrand0(20545): type=1400 audit(0.0:2538410): avc: granted { execute } for path="/data/user/0/com.tencent.mm/app_xwalk_3195/apk/oat/arm64/base.odex" dev="dm-10" ino=415079 scontext=u:r:untrusted_app_29:s0:c19,c257,c512,c768 tcontext=u:object_r:app_data_file:s0:c19,c257,c512,c768 tclass=file app=com.tencent.mm
03-24 11:13:47.470 W/nt.mm:appbrand2(20562): type=1400 audit(0.0:2538411): avc: granted { execute } for path="/data/user/0/com.tencent.mm/app_xwalk_3195/extracted_xwalkcore/libxwalkcore.so" dev="dm-10" ino=337702 scontext=u:r:untrusted_app_29:s0:c19,c257,c512,c768 tcontext=u:object_r:app_data_file:s0:c19,c257,c512,c768 tclass=file app=com.tencent.mm
03-24 11:13:47.477 I/XWeb.Core.XWalkCoreBridge(20545): setStandAloneMode:false
03-24 11:13:47.478 D/XWeb.Core.XWalkViewDelegate(20545): [XWalkViewDelegate.java:518] load :/data/user/0/com.tencent.mm/app_xwalk_3195/extracted_xwalkcore/libxwalkcore.so
03-24 11:13:47.480 I/XWeb.Core(20562): [0324/111347.480773:INFO:webview_entry_point.cc(25)] JNI_OnLoad
03-24 11:13:47.481 D/XWeb.Core.XWalkViewDelegate(20562): [XWalkViewDelegate.java:530] Native library is built for ARM
03-24 11:13:47.481 D/XWeb.Core.XWalkViewDelegate(20562): [XWalkViewDelegate.java:718] Device ABI: arm64-v8a
03-24 11:13:47.482 I/XWeb.Core.XWebCallBackChannel(20562): SetNotifyCallBackChannel, callback:org.xwalk.core.internal.XWalkNotifyChannelListenerBridge@c02134d
03-24 11:13:47.483 I/XWeb.Core(20545): [0324/111347.483619:INFO:webview_entry_point.cc(25)] JNI_OnLoad
03-24 11:13:47.483 D/XWeb.Core.XWalkViewDelegate(20545): [XWalkViewDelegate.java:530] Native library is built for ARM
03-24 11:13:47.484 D/XWeb.Core.XWalkViewDelegate(20545): [XWalkViewDelegate.java:718] Device ABI: arm64-v8a
03-24 11:13:47.484 I/XWeb.Core.XWalkViewDelegate(20562): setLogCallBack:org.xwalk.core.internal.XWalkLogMessageListenerBridge@951de02
03-24 11:13:47.484 I/XWeb.Core.XWebCallBackChannel(20545): SetNotifyCallBackChannel, callback:org.xwalk.core.internal.XWalkNotifyChannelListenerBridge@c02134d
03-24 11:13:47.485 I/XWeb.Core.XWalkViewDelegate(20545): setLogCallBack:org.xwalk.core.internal.XWalkLogMessageListenerBridge@951de02
03-24 11:13:47.487 E/nt.mm:appbrand(20562): Invalid ID 0x00000000.
03-24 11:13:47.487 E/nt.mm:appbrand(20545): Invalid ID 0x00000000.
03-24 11:13:47.494 I/XWeb.Core(20545): [0324/111347.494583:INFO:hevc_and_hls_switcher.cc(21)] [XWEB_HEVC_HLS_SUPPORT] enable hevc and hls
03-24 11:13:47.495 I/XWeb.Core(20562): [0324/111347.495493:INFO:hevc_and_hls_switcher.cc(21)] [XWEB_HEVC_HLS_SUPPORT] enable hevc and hls
03-24 11:13:47.497 I/XWeb.Core.fake_dlfcn(20545): 7a9e5d2000-7a9e68a000 r-xp 00000000 fc:0a 249829                         /data/app/~~ONlaomnWXSgPvSVV6lZwdQ==/com.tencent.mm-yoNbGmFoL8tKYwsyNFvbEw==/lib/arm64/libwechatxlog.so
03-24 11:13:47.497 I/XWeb.Core.fake_dlfcn(20545): /data/app/~~ONlaomnWXSgPvSVV6lZwdQ==/com.tencent.mm-yoNbGmFoL8tKYwsyNFvbEw==/lib/arm64/libwechatxlog.so loaded in Android at 0x7a9e5d2000
03-24 11:13:47.497 I/XWeb.Core.fake_dlfcn(20545): xlogger_IsEnabledFor found at 0x7a9e5efaf0
03-24 11:13:47.497 I/XWeb.Core.fake_dlfcn(20545): xlogger_VPrint found at 0x7a9e5efbe4
03-24 11:13:47.497 I/XWeb.Core(20545): [0324/111347.497985:INFO:xweb_common_logic.cc(78)] [XWEB] initNativeXlog success
03-24 11:13:47.499 I/XWeb.Core.fake_dlfcn(20562): 7a9e6e2000-7a9e79a000 r-xp 00000000 fc:0a 249829                         /data/app/~~ONlaomnWXSgPvSVV6lZwdQ==/com.tencent.mm-yoNbGmFoL8tKYwsyNFvbEw==/lib/arm64/libwechatxlog.so
03-24 11:13:47.499 I/XWeb.Core.fake_dlfcn(20562): /data/app/~~ONlaomnWXSgPvSVV6lZwdQ==/com.tencent.mm-yoNbGmFoL8tKYwsyNFvbEw==/lib/arm64/libwechatxlog.so loaded in Android at 0x7a9e6e2000
03-24 11:13:47.499 I/XWeb.Core.fake_dlfcn(20562): xlogger_IsEnabledFor found at 0x7a9e6ffaf0
03-24 11:13:47.499 I/XWeb.Core.fake_dlfcn(20562): xlogger_VPrint found at 0x7a9e6ffbe4
03-24 11:13:47.499 I/XWeb.Core(20562): [0324/111347.499195:INFO:xweb_common_logic.cc(78)] [XWEB] initNativeXlog success
03-24 11:13:47.504 I/TetheringManager(20545): registerTetheringEventCallback:com.tencent.mm
03-24 11:13:47.504 I/TetheringManager(20562): registerTetheringEventCallback:com.tencent.mm
03-24 11:13:47.518 I/SysUtils(20545): setLocalStoragePatthSuffix = com.tencent.mm.appbrand0.3586
03-24 11:13:47.519 I/SysUtils(20562): setLocalStoragePatthSuffix = com.tencent.mm.appbrand2.3586
03-24 11:13:47.529 I/cr.sandbox.gpu(10522): GpuMainThread heartbeat, interval/index: 30/138
03-24 11:13:47.557 I/cr.sandbox.lite1(10807): RenderIOThread heartbeat, interval/index: 30s/138, render: 0(NONE), gpu: 1(IN_PROCESS)
03-24 11:13:47.564 D/HARDCODER(20545): [com_tencent_mm_hardcoder_HardCoderJNI.cpp,Java_com_tencent_mm_hardcoder_HardCoderJNI_setDebug:415]"setDebug: 1"
03-24 11:13:47.566 D/HARDCODER(20545): [com_tencent_mm_hardcoder_HardCoderJNI.cpp,Java_com_tencent_mm_hardcoder_HardCoderJNI_setHCEnable:400]"setEnable: 1"
03-24 11:13:47.566 D/HARDCODER(20545): [client.h,setEnable:422]"setEnable 1 to 1, restart:0"
03-24 11:13:47.569 I/chromium(20545): [0324/111347.569716:INFO:com_tencent_mars_cdn_CronetLogic_Java2C.cc(42)] cronet vfs init rv 0
03-24 11:13:47.574 D/HARDCODER(20562): [com_tencent_mm_hardcoder_HardCoderJNI.cpp,Java_com_tencent_mm_hardcoder_HardCoderJNI_setDebug:415]"setDebug: 1"
03-24 11:13:47.574 I/chromium(20562): [0324/111347.574529:INFO:com_tencent_mars_cdn_CronetLogic_Java2C.cc(42)] cronet vfs init rv 0
03-24 11:13:47.574 D/HARDCODER(20562): [com_tencent_mm_hardcoder_HardCoderJNI.cpp,Java_com_tencent_mm_hardcoder_HardCoderJNI_setHCEnable:400]"setEnable: 1"
03-24 11:13:47.574 D/HARDCODER(20562): [client.h,setEnable:422]"setEnable 1 to 1, restart:0"
03-24 11:13:47.575 D/HARDCODER(20545): [com_tencent_mm_hardcoder_HardCoderJNI.cpp,Java_com_tencent_mm_hardcoder_HardCoderJNI_initHardCoder:152]"initHardCoder, start."
03-24 11:13:47.575 D/HARDCODER(20545): [client.h,init:476]"init m_remote:miui_booster, HEADER_VERSION:4"
03-24 11:13:47.575 D/HARDCODER(20545): [client.h,tryStartEngine:370]"tryStartEngine, TimeDiff:-1175814089, remote:miui_booster, running:-1"
03-24 11:13:47.575 W/HARDCODER(20545): [localsocket.h,uninit:218]"uninit, pipe:[0,0], m_fd:0, queue:0, flag:1"
03-24 11:13:47.575 D/HARDCODER(20545): [localsocket.h,createSocket:252]"createSocket, localPath: com.tencent.mm.hardcoder.client.sock, remotePath: miui_booster"
03-24 11:13:47.575 W/HARDCODER(20545): [localsocket.h,createSocket:313]"createSocket, connect socket, ret:0, local:com.tencent.mm.hardcoder.client.sock, remote:miui_booster"
03-24 11:13:47.575 W/HARDCODER(20545): [localsocket.h,createSocket:355]"create ClientProtocal socket:173 local:com.tencent.mm.hardcoder.client.sock remote:miui_booster"
03-24 11:13:47.576 D/HARDCODER(20545): [com_tencent_mm_hardcoder_HardCoderJNI.cpp,Java_com_tencent_mm_hardcoder_HardCoderJNI_initHardCoder:157]"initHardCoder, end."
03-24 11:13:47.576 D/NavStubView( 3048): onTouchEvent: action=0, count=1
03-24 11:13:47.576 D/NavStubView( 3048): onTouch ACTION_DOWN sendMessageDelayed MSG_CHECK_GESTURE_STUB_TOUCHABLE
03-24 11:13:47.576 W/SchedBoost( 1824): SchedBoost continue: proc: 19178/20650
03-24 11:13:47.577 W/MiuiBoosterServer( 1313): [LocalSocket.h,is_uid_authorized:85]"is_uid_authorized uid: 10275, auth_uid_str:10275"
03-24 11:13:47.577 W/MiuiBoosterServer( 1313): [LocalSocket.h,socketAccept:124]"Accept fd:6 acceptFd:12 uid:10275 path: "
03-24 11:13:47.577 W/MiuiBoosterServer( 1313): [server.h,recvEvent:47]"Connect By uid:10275  fd:12"
03-24 11:13:47.578 D/HARDCODER(20545): [localsocket.h,loop:128]"loop, m_fd:173, maxfd:173, isServer:0"
03-24 11:13:47.580 D/HARDCODER(20562): [com_tencent_mm_hardcoder_HardCoderJNI.cpp,Java_com_tencent_mm_hardcoder_HardCoderJNI_initHardCoder:152]"initHardCoder, start."
03-24 11:13:47.580 D/HARDCODER(20562): [client.h,init:476]"init m_remote:miui_booster, HEADER_VERSION:4"
03-24 11:13:47.580 D/HARDCODER(20562): [client.h,tryStartEngine:370]"tryStartEngine, TimeDiff:-1175814084, remote:miui_booster, running:-1"
03-24 11:13:47.580 W/HARDCODER(20562): [localsocket.h,uninit:218]"uninit, pipe:[0,0], m_fd:0, queue:0, flag:1"
03-24 11:13:47.580 D/HARDCODER(20562): [localsocket.h,createSocket:252]"createSocket, localPath: com.tencent.mm.hardcoder.client.sock, remotePath: miui_booster"
03-24 11:13:47.580 W/HARDCODER(20562): [localsocket.h,createSocket:313]"createSocket, connect socket, ret:0, local:com.tencent.mm.hardcoder.client.sock, remote:miui_booster"
03-24 11:13:47.580 W/HARDCODER(20562): [localsocket.h,createSocket:355]"create ClientProtocal socket:172 local:com.tencent.mm.hardcoder.client.sock remote:miui_booster"
03-24 11:13:47.580 D/HARDCODER(20562): [com_tencent_mm_hardcoder_HardCoderJNI.cpp,Java_com_tencent_mm_hardcoder_HardCoderJNI_initHardCoder:157]"initHardCoder, end."
03-24 11:13:47.580 D/HARDCODER(20562): [localsocket.h,loop:128]"loop, m_fd:172, maxfd:172, isServer:0"
03-24 11:13:47.581 W/MiuiBoosterServer( 1313): [LocalSocket.h,is_uid_authorized:85]"is_uid_authorized uid: 10275, auth_uid_str:10275"
03-24 11:13:47.581 W/MiuiBoosterServer( 1313): [LocalSocket.h,socketAccept:124]"Accept fd:6 acceptFd:14 uid:10275 path: "
03-24 11:13:47.581 W/MiuiBoosterServer( 1313): [server.h,recvEvent:47]"Connect By uid:10275  fd:14"
03-24 11:13:47.582 W/dexoptanalyzer(20774): Required dex checksums not found. Assuming dex checksums are up to date.
03-24 11:13:47.583 W/dexoptanalyzer(20774): Current thread not detached in Runtime shutdown
03-24 11:13:47.588 D/installd( 1294): Processed secondary dex file /data/user/0/com.tencent.mm/tinker/patch-41a35f14/dex/tinker_classN.apk result=0
03-24 11:13:47.589 D/installd( 1294): Getting dex paths for context PCL[];PCL[]
03-24 11:13:47.590 I/cr.sandbox.render(10542): RenderMainThread heartbeat, interval/index: 30s/138, render: 11(NORMAL_WITHOUT_SECCOMP), gpu: -1(INVALID)
03-24 11:13:47.595 D/installd( 1294): Processing secondary dex path /data/user/0/com.tencent.mm/app_xwalk_3195/apk/base.apk
03-24 11:13:47.606 D/NavStubView( 3048): onTouchEvent: action=2, count=1
03-24 11:13:47.606 I/ANDR-PERF-LM(  950): LMPerfGlue: perfmodule_submit_request() 132: perfmodule_submit_request()
03-24 11:13:47.606 I/ANDR-PERF-LM(  950): Core: getInstance() 84: LM getInstance
03-24 11:13:47.606 D/ANDR-PERF-LM(  950): Feature: lookup() 101: Feature Name = AppClassifier, total featuers = 3, featureFound = 1
03-24 11:13:47.607 D/ANDR-PERF-LM(  950): Feature: getData() 112: data.data = 3
03-24 11:13:47.607 I/ANDR-PERF-LM(  950): FeedbackAPI: getFeedback() 60: app:com.tencent.mm feature:AppClassifier feedback = 3
03-24 11:13:47.607 D/NavStubView( 3048): onPointEvent: rawX=370.0   rawY=2399.0   action=0   mIsInFsMode=false
03-24 11:13:47.607 E/RotationHelper( 3048): setCurrentTransitionRequest: request=2
03-24 11:13:47.607 E/RotationHelper( 3048): notifyChange activityFlags=1, mMultiWindowRotationRequest=3, mCurrentTransitionRequest=2, mCurrentStateRequest=0
03-24 11:13:47.607 I/ANDR-PERF-LM(  950): LMPerfGlue: perfmodule_submit_request() 132: perfmodule_submit_request()
03-24 11:13:47.607 I/ANDR-PERF-LM(  950): Core: getInstance() 84: LM getInstance
03-24 11:13:47.607 I/ANDR-PERF-LM(  950): WQ: push() 59: LMTriggerQ push() size=5
03-24 11:13:47.607 I/ANDR-PERF-LM(  950): WQ: push() 61: LMTriggerQ push() done size=6
03-24 11:13:47.607 I/ANDR-PERF-LM(  950): LMPerfGlue: perfmodule_submit_request() 132: perfmodule_submit_request()
03-24 11:13:47.607 I/ANDR-PERF-LM(  950): Core: getInstance() 84: LM getInstance
03-24 11:13:47.607 D/ANDR-PERF-LM(  950): Feature: lookup() 101: Feature Name = AppClassifier, total featuers = 3, featureFound = 1
03-24 11:13:47.607 D/ANDR-PERF-LM(  950): Feature: getData() 112: data.data = 3
03-24 11:13:47.607 I/ANDR-PERF-LM(  950): FeedbackAPI: getFeedback() 60: app:com.tencent.mm feature:AppClassifier feedback = 3
03-24 11:13:47.607 W/RecentsModel( 3048): getRunningTaskContainHome
03-24 11:13:47.607 I/Launcher( 3048): notifyPowerKeeperGesture status: gesture_start
03-24 11:13:47.608 W/RecentsModel( 3048): getRunningTask   taskInfo=TaskInfo{userId=0 pcFlags:0 stackId=15224 taskId=15224 displayId=0 isRunning=true baseIntent=Intent { act=android.intent.action.MAIN cat=[android.intent.category.LAUNCHER] flg=0x10200000 cmp=com.tencent.mm/.ui.LauncherUI } baseActivity=ComponentInfo{com.tencent.mm/com.tencent.mm.ui.LauncherUI} topActivity=ComponentInfo{com.tencent.mm/com.tencent.mm.ui.LauncherUI} origActivity=null realActivity=ComponentInfo{com.tencent.mm/com.tencent.mm.ui.LauncherUI} numActivities=1 lastActiveTime=129970527 supportsSplitScreenMultiWindow=true resizeMode=1 isResizeable=true token=android.window.WindowContainerToken@4eb94bb topActivityType=1 pictureInPictureParams=null topActivityInfo=ActivityInfo{3417dd8 com.tencent.mm.ui.LauncherUI}
03-24 11:13:47.608 W/RecentsModel( 3048): getTaskInfoIgnoreFreeform   taskInfo=ComponentInfo{com.tencent.mm/com.tencent.mm.ui.LauncherUI}
03-24 11:13:47.608 D/NavStubView( 3048): current window mode:2 (1:home, 2:app, 3:recent-task, 4:keyguard)
03-24 11:13:47.608 W/NavStubView( 3048): mIsBlockedAfterExitSmallWindowMode=false
03-24 11:13:47.609 D/RecentsSmallWindowCrop( 3048): resetSmallWindowCrop
03-24 11:13:47.609 D/EventBus( 3048): No subscribers registered for event class com.miui.home.launcher.common.messages.CloseAllOverLauncherWindowMessage
03-24 11:13:47.609 D/EventBus( 3048): No subscribers registered for event class org.greenrobot.eventbus.NoSubscriberEvent
03-24 11:13:47.609 D/NavStubView( 3048): onPointEvent: rawX=359.0   rawY=2323.0   action=2   mIsInFsMode=false
03-24 11:13:47.609 W/GestureStateMachine( 3048): InitState msg=1
03-24 11:13:47.609 W/GestureStateMachine( 3048): AppDragState msg=3
03-24 11:13:47.609 W/GestureStateMachine( 3048): AppDragState msg=2
03-24 11:13:47.609 E/Launcher( 3048): changeViewByFsGestureState,  view=ShortcutMenuLayer,  alpha=0.0,  scale=0.75
03-24 11:13:47.610 E/BlurUtils( 3048): fastBlur ratio=1.0   withAnim=false   sBlurRatioValue=0.0
03-24 11:13:47.610 E/BlurUtils( 3048): fastBlurDirectly ratio=1.0   win=com.android.internal.policy.MiuiPhoneWindow@850d6e3
03-24 11:13:47.606 W/SchedBoost( 1824): SchedBoost continue: proc: 19178/20650
03-24 11:13:47.610 W/SchedBoost( 1824): SchedBoost begin: proc: 3048/3185, mode: 1 aff:[4, 5, 6]
03-24 11:13:47.618 D/RecentsAnimationListenerImpl( 3048): onAnimationStart, homeContentInsets=Rect(0, 96 - 0, 44), minimizedHomeBounds=null
03-24 11:13:47.618 D/RemoteAnimationTargetSet( 3048): 0, RemoteAnimationTargetCompat{taskId=2, mode=0, isTranslucent=false, clipRect=Rect(0, 0 - 1080, 2400), position=Point(0, 0), sourceContainerBounds=Rect(0, 0 - 1080, 2400), prefixOrderIndex=44, isNotInRecents=true, contentInsets=Rect(0, 96 - 0, 44), activityType=2, packageName=com.miui.home}
03-24 11:13:47.618 D/RemoteAnimationTargetSet( 3048): 1, RemoteAnimationTargetCompat{taskId=15224, mode=1, isTranslucent=false, clipRect=Rect(0, 0 - 1080, 2400), position=Point(0, 0), sourceContainerBounds=Rect(0, 0 - 1080, 2400), prefixOrderIndex=48, isNotInRecents=false, contentInsets=Rect(0, 96 - 0, 44), activityType=1, packageName=com.tencent.mm}
03-24 11:13:47.618 E/ClipAnimationHelper( 3048): updateSourceStack  mSourceInsets=Rect(0, 96 - 0, 44), mSourceStackBounds=Rect(0, 0 - 1080, 2400)
03-24 11:13:47.618 E/ClipAnimationHelper( 3048): updateHomeStack  mSourceInsets=Rect(0, 96 - 0, 44), mHomeStackBounds=Rect(0, 0 - 1080, 2400)
03-24 11:13:47.618 E/ClipAnimationHelper( 3048): updateTargetRect  mSourceRect=RectF(0.0, 96.0, 1080.0, 2454.4614)   mTargetRect=RectF(306.0, 96.0, 774.0, 1118.0)   mSourceWindowClipInsets=RectF(0.0, 96.0, 0.0, 0.0)   mHomeStackBounds=Rect(0, 0 - 1080, 2400)   targetRect=Rect(306, 96 - 774, 1118)
03-24 11:13:47.618 D/RecentsAnimationListenerImpl( 3048): mIsStart=true
03-24 11:13:47.626 W/GestureStateMachine( 3048): AppDragState msg=2
03-24 11:13:47.627 D/NavStubView( 3048): onTouchEvent: action=2, count=1
03-24 11:13:47.627 D/NavStubView( 3048): onPointEvent: rawX=344.26498   rawY=2229.8506   action=2   mIsInFsMode=false
03-24 11:13:47.629 W/CustomVerticalSwitcher(31780): startFlipping is not in minusScreen!
03-24 11:13:47.631 W/DimLayer( 3048): createDimLayer
03-24 11:13:47.631 I/chatty  (  998): uid=1000(system) Binder:998_1 expire 21 lines
03-24 11:13:47.631 W/GestureStateMachine( 3048): AppDragState msg=3
03-24 11:13:47.634 D/ImageWallpaperRenderer( 2668): OFFSET  x: 0.0  y: 0.0
03-24 11:13:47.634 I/Market-HomeKeyReceiver(14756): onReceive: action: android.intent.action.CLOSE_SYSTEM_DIALOGS
03-24 11:13:47.635 I/Market-HomeKeyReceiver(14756): reason: fs_gesture
03-24 11:13:47.640 D/Launcher.Lifecycle( 3048): onStart:UserHandle{0},cd049c0,false
03-24 11:13:47.641 D/LauncherOverlay(31780): setActivityState:1
03-24 11:13:47.646 D/AppChangedListener(15957): get package name by pid:com.miui.home
03-24 11:13:47.646 D/AppChangedListener(15957): packageName:com.miui.home,current:com.tencent.mm
03-24 11:13:47.646 D/AppChangedListener(15957): onAppChanged...com.miui.home
03-24 11:13:47.646 D/AppChangedListener(15957): onAppChanged notify listener:
03-24 11:13:47.646 D/AppChangedListener(15957): onAppChanged notify listener:g
03-24 11:13:47.646 E/AppBackListener(15957): onTopAppChanged newApp=com.miui.home,oldApp=com.tencent.mm,mPersistentApp=null,innerApp=false
03-24 11:13:47.647 W/LingXiViewManager(15957): hide failed for LingXiView is null
03-24 11:13:47.647 D/AppChangedListener(15957): onAppChanged notify listener:k
03-24 11:13:47.647 I/HybridLifecycleListener(15957): onTopAppChanged: newApp=com.miui.home from=com.tencent.mm fromPkg=com.miui.home
03-24 11:13:47.654 I/RenderThread( 3048): RenderThread resumed
03-24 11:13:47.654 I/RenderThread( 3048): All controllers paused.
03-24 11:13:47.654 I/RenderThread( 3048): RenderThread paused, waiting for signal
03-24 11:13:47.655 D/NavStubView( 3048): onTouchEvent: action=2, count=1
03-24 11:13:47.655 W/GestureStateMachine( 3048): AppDragState msg=2
03-24 11:13:47.655 D/NavStubView( 3048): onPointEvent: rawX=311.67313   rawY=2099.0193   action=2   mIsInFsMode=false
03-24 11:13:47.656 W/GestureStateMachine( 3048): AppDragState msg=3
03-24 11:13:47.658 D/ImageWallpaperRenderer( 2668): OFFSET  x: 0.0  y: 0.0
03-24 11:13:47.659 D/LauncherOverlay.Window(31780): onStart
03-24 11:13:47.661 D/ScreenView_ScreenView( 3048): dispatchDraw:0
03-24 11:13:47.661 D/ScreenView_Workspace( 3048): dispatchDraw:0
03-24 11:13:47.661 D/ScreenView_HotSeats( 3048): dispatchDraw:0
03-24 11:13:47.662 E/StateBroadcastUtils( 3048): sendFsStateBroadCast state=crossSafeArea   channel=gesture   packageName=
03-24 11:13:47.663 D/NavStubView( 3048): onTouchEvent: action=2, count=1
03-24 11:13:47.664 D/NavStubView( 3048): onTouchEvent: action=1, count=1
03-24 11:13:47.664 D/NavStubView( 3048): ACTION_UP: mIsGestureStarted: true
03-24 11:13:47.664 D/NavStubView( 3048): onPointEvent: rawX=260.0   rawY=1956.0   action=2   mIsInFsMode=false
03-24 11:13:47.665 D/NavStubView( 3048): onPointEvent: rawX=260.0   rawY=1956.0   action=1   mIsInFsMode=false
03-24 11:13:47.665 I/ANDR-PERF-LM(  950): LMPerfGlue: perfmodule_submit_request() 132: perfmodule_submit_request()
03-24 11:13:47.665 I/ANDR-PERF-LM(  950): Core: getInstance() 84: LM getInstance
03-24 11:13:47.665 D/ANDR-PERF-LM(  950): Feature: lookup() 101: Feature Name = AppClassifier, total featuers = 3, featureFound = 1
03-24 11:13:47.665 D/NavStubView( 3048): isFastPullUp  mPivotLocY=2196   mFollowTailY=2364.2188   TAIL_GAP=25   vx=-3.1702685   vy=-10.267779
03-24 11:13:47.665 D/ANDR-PERF-LM(  950): Feature: getData() 112: data.data = 3
03-24 11:13:47.665 I/ANDR-PERF-LM(  950): FeedbackAPI: getFeedback() 60: app:com.tencent.mm feature:AppClassifier feedback = 3
03-24 11:13:47.665 W/GestureStateMachine( 3048): AppDragState msg=3
03-24 11:13:47.666 I/ANDR-PERF-LM(  950): LMPerfGlue: perfmodule_submit_request() 132: perfmodule_submit_request()
03-24 11:13:47.666 I/ANDR-PERF-LM(  950): Core: getInstance() 84: LM getInstance
03-24 11:13:47.666 I/ANDR-PERF-LM(  950): WQ: push() 59: LMTriggerQ push() size=6
03-24 11:13:47.666 W/GestureStateMachine( 3048): AppDragState msg=5
03-24 11:13:47.666 I/ANDR-PERF-LM(  950): WQ: push() 61: LMTriggerQ push() done size=7
03-24 11:13:47.666 D/NavStubView( 3048): performAppToHome
03-24 11:13:47.666 D/NavStubView( 3048): startAppToHomeAnim, isQuickSwich=false, isUseSimpleAnim=false
03-24 11:13:47.666 D/NavStubView( 3048): ===>>>finalization executed from: performAppToHome
03-24 11:13:47.666 E/RotationHelper( 3048): setCurrentTransitionRequest: request=0
03-24 11:13:47.666 E/RotationHelper( 3048): notifyChange activityFlags=1, mMultiWindowRotationRequest=3, mCurrentTransitionRequest=0, mCurrentStateRequest=0
03-24 11:13:47.668 I/Launcher( 3048): notifyPowerKeeperGesture status: to_home
03-24 11:13:47.668 W/SchedBoost( 1824): SchedBoost continue: proc: 19178/20650
03-24 11:13:47.668 I/ANDR-PERF-LM(  950): LMPerfGlue: perfmodule_submit_request() 132: perfmodule_submit_request()
03-24 11:13:47.668 I/ANDR-PERF-LM(  950): Core: getInstance() 84: LM getInstance
03-24 11:13:47.668 D/ANDR-PERF-LM(  950): Feature: lookup() 101: Feature Name = AppClassifier, total featuers = 3, featureFound = 1
03-24 11:13:47.668 D/EventBus( 3048): No subscribers registered for event class com.miui.home.recents.messages.TaskSnapshotChangedEvent
03-24 11:13:47.668 D/EventBus( 3048): No subscribers registered for event class org.greenrobot.eventbus.NoSubscriberEvent
03-24 11:13:47.669 D/NavStubView( 3048): startHomeFadeInAnim
03-24 11:13:47.669 E/Launcher( 3048): changeViewByFsGestureState,  view=ShortcutMenuLayer,  alpha=0.0,  scale=0.75
03-24 11:13:47.669 E/BlurUtils( 3048): fastBlur ratio=0.0   withAnim=true   sBlurRatioValue=1.0
03-24 11:13:47.669 D/Launcher( 3048): onHomeIntentCallback:0
03-24 11:13:47.669 D/NavStubView( 3048): startAppToHomeInMainThread
03-24 11:13:47.669 E/FloatingIconView( 3048): recycle
03-24 11:13:47.669 D/FloatingIconView( 3048): init, icon=com.miui.home.launcher.ShortcutIcon{32448c2 VFE...CL. ........ 33,1312-236,1618}(寰俊), isOpening=false, mIsAdaptiveIcon=true
03-24 11:13:47.669 E/StateBroadcastUtils( 3048): sendFsStateBroadCast state=toHome   channel=gesture   packageName=
03-24 11:13:47.669 D/NavStubView( 3048): startAppToHomeInMainThread mAppToHomeAnim2 start, icon=com.miui.home.launcher.ShortcutIcon{32448c2 VFE...CL. ........ 33,1312-236,1618}(寰俊)
03-24 11:13:47.669 D/ANDR-PERF-LM(  950): Feature: getData() 112: data.data = 3
03-24 11:13:47.669 I/ANDR-PERF-LM(  950): FeedbackAPI: getFeedback() 60: app:com.tencent.mm feature:AppClassifier feedback = 3
03-24 11:13:47.670 I/ANDR-PERF-LM(  950): LMPerfGlue: perfmodule_submit_request() 132: perfmodule_submit_request()
03-24 11:13:47.670 I/ANDR-PERF-LM(  950): Core: getInstance() 84: LM getInstance
03-24 11:13:47.670 I/ANDR-PERF-LM(  950): WQ: push() 59: LMTriggerQ push() size=7
03-24 11:13:47.670 I/ANDR-PERF-LM(  950): WQ: push() 61: LMTriggerQ push() done size=8
03-24 11:13:47.670 I/ANDR-PERF-LM(  950): LMPerfGlue: perfmodule_submit_request() 132: perfmodule_submit_request()
03-24 11:13:47.670 I/ANDR-PERF-LM(  950): Core: getInstance() 84: LM getInstance
03-24 11:13:47.670 D/ANDR-PERF-LM(  950): Feature: lookup() 101: Feature Name = AppClassifier, total featuers = 3, featureFound = 1
03-24 11:13:47.670 D/ANDR-PERF-LM(  950): Feature: getData() 112: data.data = 3
03-24 11:13:47.670 I/ANDR-PERF-LM(  950): FeedbackAPI: getFeedback() 60: app:com.tencent.mm feature:AppClassifier feedback = 3
03-24 11:13:47.675 I/ANDR-PERF-LM(  950): LMPerfGlue: perfmodule_submit_request() 132: perfmodule_submit_request()
03-24 11:13:47.675 I/ANDR-PERF-LM(  950): Core: getInstance() 84: LM getInstance
03-24 11:13:47.675 I/ANDR-PERF-LM(  950): WQ: push() 59: LMTriggerQ push() size=8
03-24 11:13:47.675 I/ANDR-PERF-LM(  950): WQ: push() 61: LMTriggerQ push() done size=9
03-24 11:13:47.677 E/Launcher( 3048): changeViewByFsGestureState,  view=ShortcutMenuLayer,  alpha=0.0,  scale=0.75
03-24 11:13:47.679 D/ScreenView_Workspace( 3048): dispatchDraw:0
03-24 11:13:47.680 I/chatty  ( 1824): uid=1000(system) android.bg expire 1 line
03-24 11:13:47.680 D/LauncherClient.Service( 3048): service already connected:com.miui.personalassistant
03-24 11:13:47.691 W/dexoptanalyzer(20900): Required dex checksums not found. Assuming dex checksums are up to date.
03-24 11:13:47.692 W/dexoptanalyzer(20900): Current thread not detached in Runtime shutdown
03-24 11:13:47.694 E/Launcher( 3048): changeViewByFsGestureState,  view=ShortcutMenuLayer,  alpha=0.050276447,  scale=0.7625691
03-24 11:13:47.694 E/BlurUtils( 3048): fastBlurDirectly ratio=0.9886341   win=com.android.internal.policy.MiuiPhoneWindow@850d6e3
03-24 11:13:47.700 D/ImageWallpaperRenderer( 2668): OFFSET  x: 0.0  y: 0.0
03-24 11:13:47.705 I/cr.sandbox.lite1(10807): BrowserIOThread heartbeat, interval/index: 30s/138, render: 0(NONE), gpu: 1(IN_PROCESS)
03-24 11:13:47.711 E/Launcher( 3048): changeViewByFsGestureState,  view=ShortcutMenuLayer,  alpha=0.16061214,  scale=0.790153
03-24 11:13:47.714 D/installd( 1294): Processed secondary dex file /data/user/0/com.tencent.mm/app_xwalk_3195/apk/base.apk result=0
03-24 11:13:47.718 D/installd( 1294): Getting dex paths for context PCL[];PCL[]
03-24 11:13:47.720 D/ImageWallpaperRenderer( 2668): OFFSET  x: 0.0  y: 0.0
03-24 11:13:47.721 W/System  ( 3048): A resource failed to call release. 
03-24 11:13:47.721 I/chatty  ( 3048): uid=10082(com.miui.home) FinalizerDaemon identical 7 lines
03-24 11:13:47.724 D/IdProviderImpl(20562): getOAID
03-24 11:13:47.727 I/chatty  ( 3048): uid=10082(com.miui.home) expire 12 lines
03-24 11:13:47.731 D/ImageWallpaperRenderer( 2668): OFFSET  x: 0.0  y: 0.0
03-24 11:13:47.735 D/IdProviderImpl(20545): getOAID
03-24 11:13:47.741 I/chromium(20562): [0324/111347.741724:INFO:cronet_core.cc(38)] -> CronetCore
03-24 11:13:47.741 I/chromium(20562): [0324/111347.741822:INFO:cronet_task_manager.cc(48)] -> CronetTaskManager
03-24 11:13:47.741 I/chromium(20562): [0324/111347.741840:INFO:cronet_task_manager.cc(48)] <- CronetTaskManager +0
03-24 11:13:47.741 I/chromium(20562): [0324/111347.741850:INFO:http_with_cronet.cc(96)] cronet chromium SetUserCertVerify
03-24 11:13:47.741 I/chromium(20562): [0324/111347.741859:INFO:cronet_core.cc(38)] <- CronetCore +0
03-24 11:13:47.742 D/installd( 1294): Processing secondary dex path /data/user/0/com.tencent.mm/app_xwalk_3195/apk/base.apk
03-24 11:13:47.748 D/ImageWallpaperRenderer( 2668): OFFSET  x: 0.0  y: 0.0
03-24 11:13:47.750 I/ANDR-PERF-LM(  950): LMPerfGlue: perfmodule_submit_request() 132: perfmodule_submit_request()
03-24 11:13:47.750 I/ANDR-PERF-LM(  950): Core: getInstance() 84: LM getInstance
03-24 11:13:47.750 D/ANDR-PERF-LM(  950): Feature: lookup() 101: Feature Name = AppClassifier, total featuers = 3, featureFound = 1
03-24 11:13:47.750 D/ANDR-PERF-LM(  950): Feature: getData() 112: data.data = 3
03-24 11:13:47.750 I/ANDR-PERF-LM(  950): FeedbackAPI: getFeedback() 60: app:com.tencent.mm feature:AppClassifier feedback = 3
03-24 11:13:47.759 I/chatty  ( 2717): uid=1000(system) FinalizerDaemon expire 2 lines
03-24 11:13:47.763 D/ImageWallpaperRenderer( 2668): OFFSET  x: 0.0  y: 0.0
03-24 11:13:47.766 I/chatty  ( 3048): uid=10082(com.miui.home) UiThreadHelper expire 1 line
03-24 11:13:47.775 I/chromium(20545): [0324/111347.775700:INFO:cronet_core.cc(38)] -> CronetCore
03-24 11:13:47.775 I/chromium(20545): [0324/111347.775803:INFO:cronet_task_manager.cc(48)] -> CronetTaskManager
