03-24 11:14:18.683 D/Launcher_dispatchTouchEvent_View( 3048): 14:18.683 View= mHCells=5 mVCells=6 mTotalCells=30 mCellXY[0]=4 mCellXY[1]=5 childCount=19 EmptyCellsNum=11   [ tag 0 =com.miui.home.launcher.FolderIcon{540040e VFE...CL. ........ 33,361-236,667}| childWidth 0 =203| childHeight 0 =306| childTranslationX 0 =0.0| childTranslationY 0 =0.0| childX 0 =33.0|  childY 0 =361.0|  childAlpha 0 =1.0] [ tag 1 =com.miui.home.launcher.FolderIcon{d6312a5 VFE...CL. ........ 236,361-439,667}| childWidth 1 =203| childHeight 1 =306| childTranslationX 1 =0.0| childTranslationY 1 =0.0| childX 1 =236.0|  childY 1 =361.0|  childAlpha 1 =1.0] [ tag 2 =com.miui.home.launcher.FolderIcon{d3c6bd0 VFE...CL. ........ 642,361-845,667}| childWidth 2 =203| childHeight 2 =306| childTranslationX 2 =0.0| childTranslationY 2 =0.0| childX 2 =642.0|  childY 2 =361.0|  childAlpha 2 =1.0] [ tag 3 =com.miui.home.launcher.FolderIcon{cb2e373 VFE...CL. ........ 845,361-1048,667}| childWidth 3 =203| childHeight 3 =306| childTranslationX 3 =0.0| childTranslationY 3 =0.0| childX 3 =845.0|  childY 3 =361.0|  childAlpha 3 =1.0] [ tag 4 =com.miui.home.launcher.ShortcutIcon{6495365 VFE...CL. ........ 236,678-439,984}(缃戞槗閭澶у笀)| childWidth 4 =203| childHeight 4 =306| childTranslationX 4 =0.0| childTranslationY 4 =0.0| childX 4 =236.0|  childY 4 =678.0|  childAlpha 4 =1.0] [ tag 5 =com.miui.home.launcher.ShortcutIcon{a0c7653 VFE...CL. ...P.... 33,678-236,984}(缃戞槗浜戦煶涔?| childWidth 5 =203| childHeight 5 =306| childTranslationX 5 =0.0| childTranslationY 5 =0.0| childX 5 =33.0|  childY 5 =678.0|  childAlpha 5 =1.0] [ tag 6 =com.miui.home.launcher.ShortcutIcon{20603f2 VFE...CL. ........ 439,995-642,1301}(婀樻江鍑鸿)| childWidth 6 =203| childHeight 6 =306| childTranslationX 6 =0.0| childTranslationY 6 =0.0| childX 6 =439.0|  childY 6 =995.0|  childAlpha 6 =1.0] [ tag 7 =com.miui.home.launcher.ShortcutIcon{b5afd6d VFE...CL. ........ 33,995-236,1301}(鐧惧害鍦板浘)| childWidth 7 =203| childHeight 7 =306| childTranslationX 7 =0.0| childTranslationY 7 =0.0| childX 7 =33.0|  childY 7 =995.0|  childAlpha 7 =1.0] [ tag 8 =com.miui.home.launcher.ShortcutIcon{dff7623 VFE...CL. ........ 236,995-439,1301}(涓浗鍐滀笟閾惰)| childWidth 8 =203| childHeight 8 =306| childTranslationX 8 =0.0| childTranslationY 8 =0.0| childX 8 =236.0|  childY 8 =995.0|  childAlpha 8 =1.0] [ tag 9 =com.miui.home.launcher.ShortcutIcon{8dfccbd VFE...CL. ........ 642,995-845,1301}(璁剧疆)| childWidth 9 =203| childHeight 9 =306| childTranslationX 9 =0.0| childTranslationY 9 =0.0| childX 9 =642.0|  childY 9 =995.0|  childAlpha 9 =1.0] [ tag 10 =com.miui.home.launcher.ShortcutIcon{eca8244 VFE...CL. ........ 439,1312-642,1618}(瀛︿俊缃?| childWidth 10 =203| childHeight 10 =306| childTranslationX 10 =0.0| childTranslationY 10 =0.0| childX 10 =439.0|  childY 10 =1312.0|  childAlpha 10 =1.0] [ tag 11 =com.miui.home.launcher.ShortcutIcon{f750474 VFE...CL. ........ 33,1312-236,1618}(WeLink)| childWidth 11 =203| childHeight 11 =306| childTranslationX 11 =0.0| childTranslationY 11 =0.0| childX 11 =33.0|  childY 11 =1312.0|  childAlpha 11 =1.0] [ tag 12 =com.miui.home.launcher.ShortcutIcon{e9c72a4 VFE...CL. ........ 236,1312-439,1618}(鏀粯瀹?| childWidth 12 =203| childHeight 12 =306| childTranslationX 12 =0.0| childTranslationY 12 =0.0| childX 12 =236.0|  childY 12 =1312.0|  childAlpha 12 =1.0] [ tag 13 =com.miui.home.launcher.ShortcutIcon{b0efe7d VFE...CL. ........ 845,995-1048,1301}(浜戜箣瀹?| childWidth 13 =203| childHeight 13 =306| childTranslationX 13 =0.0| childTranslationY 13 =0.0| childX 13 =845.0|  childY 13 =995.0|  childAlpha 13 =1.0] [ tag 14 =com.miui.home.launcher.ShortcutIcon{7410b96 VFE...CL. ........ 642,1312-845,1618}(闃呰)| childWidth 14 =203| childHeight 14 =306| childTranslationX 14 =0.0| childTranslationY 14 =0.0| childX 14 =642.0|  childY 14 =1312.0|  childAlpha 14 =1.0] [ tag 15 =com.miui.home.launcher.ShortcutIcon{f7e4534 VFE...CL. ........ 33,1629-236,1935}(绗旇)| childWidth 15 =203| childHeight 15 =306| childTranslationX 15 =0.0
03-24 11:14:18.683 D/Launcher_dispatchTouchEvent_View( 3048): 14:18.683 View=com.miui.home.launcher.ShortcutIcon{a0c7653 VFE...CL. ...P.... 33,678-236,984}(缃戞槗浜戦煶涔?
03-24 11:14:18.709 I/cr.sandbox.lite1(10807): RenderMainThread heartbeat, interval/index: 30s/139, render: 0(NONE), gpu: 1(IN_PROCESS)
03-24 11:14:18.744 D/MIUIInput( 1824): [MotionEvent] publisher action=0x1, 45735870, channel 'f187363 com.miui.home/com.miui.home.launcher.Launcher (server)'
03-24 11:14:18.744 D/MIUIInput( 1824): [MotionEvent] publisher action=0x1, 45735870, channel '48290b9 com.miui.miwallpaper.wallpaperservice.MiuiKeyguardPictorialWallpaper (server)'
03-24 11:14:18.744 D/MIUIInput( 1824): [MotionEvent] publisher action=0x1, 45735870, channel '672ff12 com.miui.miwallpaper.wallpaperservice.ImageWallpaper (server)'
03-24 11:14:18.744 D/Launcher.Workspace( 3048): Workspace touch up or cancel
03-24 11:14:18.744 D/ScreenView_Workspace( 3048): oninterceput up
03-24 11:14:18.744 D/Launcher.itemIcon( 3048): folmeUp
03-24 11:14:18.745 E/QuickstepAppTransitionManagerImpl( 3048): getActivityLaunchOptions   iconLoc=Rect(60, 781 - 216, 937)
03-24 11:14:18.745 I/RenderThread( 3048): RenderThread resumed
03-24 11:14:18.745 I/RenderThread( 3048): All controllers paused.
03-24 11:14:18.745 I/RenderThread( 3048): RenderThread paused, waiting for signal
03-24 11:14:16.567 I/chatty  ( 1824): uid=1000(system) SchedBoostServi identical 1 line
03-24 11:14:18.676 W/SchedBoost( 1824): SchedBoost continue: proc: 3048/3185
03-24 11:14:18.745 I/Timeline( 3048): Timeline: Activity_launch_request time:45735872
03-24 11:14:18.746 D/Launcher.Boost( 3048): bindcore 200
03-24 11:14:18.747 I/ActivityTaskManager( 1824): START u0 {act=android.intent.action.MAIN cat=[android.intent.category.LAUNCHER] flg=0x10200000 cmp=com.netease.cloudmusic/.activity.LoadingActivity bnds=[60,781][216,937] (has extras)} from uid 10082
03-24 11:14:18.747 D/MiuiMultiWindowAdapter( 1824): MiuiMultiWindowAdapter::getFreeformBlackList::sSmallWindowBlackList = [com.miui.securitycenter, com.miui.weather2, com.miui.miservice, com.android.calendar, com.xiaomi.calendar, com.android.contacts, com.miui.mishare.connectivity, com.android.settings, com.android.printspooler, com.miui.backup, com.miui.huanji, com.miui.calculator, com.android.deskclock, com.android.thememanager, com.mfashiongallery.emag, com.miui.virtualsim, com.miui.smarttravel, com.mi.health, com.android.camera, com.lbe.security.miui, com.miui.cleanmaster, com.miui.newhome, com.miui.voiceassist, com.android.phone, com.miui.yellowpage, com.android.updater, com.miui.tsmclient, com.miui.securitycore, com.xiaomi.account, com.xiaomi.shop, com.xiaomi.smarthome, com.mipay.wallet, com.xiaomi.youpin, com.xiaomi.hm.health, com.miui.bugreport, com.xiaomi.mibrain.speech, com.xiaomi.mimoji, com.xiaomi.scanner, com.duokan.phone.remotecontroller, com.miui.hybrid, com.android.incallui, com.miui.video, com.miui.videoplayer, com.miui.player, com.miui.fm, com.miui.packageinstaller, com.mi.android.globallauncher, com.mi.android.globallauncher-poco, com.google.android.dialer, com.google.android.apps.magazines, com.miui.compass, com.miui.greenguard, com.kiteguard, com.google.android.apps.prodcasts, com.google.ar.lens, com.xiangkan.android, com.android.bankabc, com.sohu.inputmethod.sogou, com.tencent.mtt, com.shyz.toutiao, com.netease.mc.mi, com.outfit7.talkingtomgoldrun.mi, com.doudz.mi, com.wepie.snake.new.mi, cn.jj, com.standddz002.mi, com.miHoYo.bh3.mi, com.qqgame.hlddz, com.happyelements.AndroidAnimal, com.minitech.miniworld.TMobile.mi, com.mfp.jelly.xiaomi, com.lilithgames.afk.mi, com.tencent.peng, com.teenpatti.hd.gold, blockpuzzle.jewelgames.jewelslegend, com.playgendary.tanks, com.chillingo.robberybobfree.android.row, com.episodeinteractive.android.catalog, com.playrix.township, com.ansangha.drdriving, com.google.android.youtube, com.gbits.atm.mi, com.tencent.tetris, com.sukhavati.gotoplaying.bubble.BubbleShooter.mint, com.block.puzzle.game.hippo.mi, com.youzu.bs.mi, com.appsomniacs.da2, com.miHoYo.Yuanshen, com.baidu.BaiduMap, com.google.android.googlequicksearchbox]
03-24 11:14:18.764 I/ANDR-PERF-LM(  950): LMPerfGlue: perfmodule_submit_request() 132: perfmodule_submit_request()
03-24 11:14:18.764 I/ANDR-PERF-LM(  950): Core: getInstance() 84: LM getInstance
03-24 11:14:18.764 W/ANDR-PERF-LM(  950): WQ: push() 54: LMTriggerQ push() size=10 mFlushThreshold=10, Reached threshold => flooding detected, clearing Queue
03-24 11:14:18.764 I/ANDR-PERF-LM(  950): LMPerfGlue: perfmodule_submit_request() 132: perfmodule_submit_request()
03-24 11:14:18.764 I/ANDR-PERF-LM(  950): Core: getInstance() 84: LM getInstance
03-24 11:14:18.764 I/ANDR-PERF-LM(  950): WQ: push() 59: LMTriggerQ push() size=0
03-24 11:14:18.764 I/ANDR-PERF-LM(  950): WQ: push() 61: LMTriggerQ push() done size=1
03-24 11:14:18.764 I/ANDR-PERF-LM(  950): LMPerfGlue: perfmodule_submit_request() 132: perfmodule_submit_request()
03-24 11:14:18.765 I/ANDR-PERF-LM(  950): Core: getInstance() 84: LM getInstance
03-24 11:14:18.765 D/ANDR-PERF-LM(  950): Feature: lookup() 101: Feature Name = AppClassifier, total featuers = 3, featureFound = 1
03-24 11:14:18.765 D/ANDR-PERF-LM(  950): Feature: getData() 112: data.data = 1
03-24 11:14:18.765 I/ANDR-PERF-LM(  950): FeedbackAPI: getFeedback() 60: app:com.netease.cloudmusic feature:AppClassifier feedback = 1
03-24 11:14:18.765 E/ANDR-PERF-OPTSHANDLER(  950): Min bounds check failed
03-24 11:14:18.765 E/ANDR-PERF-OPTSHANDLER(  950): Error! Perflock failed, invalid request value 255
03-24 11:14:18.765 E/ANDR-PERF-RESOURCEQS(  950): Failed to apply optimization [6, 6]
03-24 11:14:18.765 I/ANDR-PERF-LM(  950): LMPerfGlue: perfmodule_submit_request() 132: perfmodule_submit_request()
03-24 11:14:18.765 I/ANDR-PERF-LM(  950): Core: getInstance() 84: LM getInstance
03-24 11:14:18.765 I/ANDR-PERF-LM(  950): WQ: push() 59: LMTriggerQ push() size=1
03-24 11:14:18.765 I/ANDR-PERF-LM(  950): WQ: push() 61: LMTriggerQ push() done size=2
03-24 11:14:18.765 E/ANDR-PERF-JNI( 1824): com_qualcomm_qtiperformance_native_perf_io_prefetch_start
03-24 11:14:18.767 I/ANDR-PERF-LM(  950): LMPerfGlue: perfmodule_submit_request() 132: perfmodule_submit_request()
03-24 11:14:18.767 I/ANDR-PERF-LM(  950): Core: getInstance() 84: LM getInstance
03-24 11:14:18.767 I/ANDR-PERF-LM(  950): WQ: push() 59: LMTriggerQ push() size=2
03-24 11:14:18.767 I/ANDR-PERF-LM(  950): WQ: push() 61: LMTriggerQ push() done size=3
03-24 11:14:18.768 E/ANDR-PERF-OPTSHANDLER(  950): Min bounds check failed
03-24 11:14:18.768 E/ANDR-PERF-OPTSHANDLER(  950): Error! Perflock failed, invalid request value 255
03-24 11:14:18.768 E/ANDR-PERF-RESOURCEQS(  950): Failed to apply optimization [6, 6]
03-24 11:14:18.768 I/ANDR-PERF-LM(  950): LMPerfGlue: perfmodule_submit_request() 132: perfmodule_submit_request()
03-24 11:14:18.768 I/ANDR-PERF-LM(  950): Core: getInstance() 84: LM getInstance
03-24 11:14:18.768 I/ANDR-PERF-LM(  950): WQ: push() 59: LMTriggerQ push() size=3
03-24 11:14:18.768 I/ANDR-PERF-LM(  950): WQ: push() 61: LMTriggerQ push() done size=4
03-24 11:14:18.768 E/ANDR-PERF-OPTSHANDLER(  950): Min bounds check failed
03-24 11:14:18.768 E/ANDR-PERF-OPTSHANDLER(  950): Error! Perflock failed, invalid request value 255
03-24 11:14:18.768 E/ANDR-PERF-RESOURCEQS(  950): Failed to apply optimization [6, 6]
03-24 11:14:18.770 D/CompatibilityInfo( 1824): mCompatibilityFlags - 0
03-24 11:14:18.770 D/CompatibilityInfo( 1824): applicationDensity - 440
03-24 11:14:18.770 D/CompatibilityInfo( 1824): applicationScale - 1.0
03-24 11:14:18.771 I/ANDR-PERF-LM(  950): LMPerfGlue: perfmodule_submit_request() 132: perfmodule_submit_request()
03-24 11:14:18.771 I/ANDR-PERF-LM(  950): Core: getInstance() 84: LM getInstance
03-24 11:14:18.771 I/ANDR-PERF-LM(  950): WQ: push() 59: LMTriggerQ push() size=4
03-24 11:14:18.771 I/ANDR-PERF-LM(  950): WQ: push() 61: LMTriggerQ push() done size=5
03-24 11:14:18.771 D/ActivityTrigger( 1824): ActivityTrigger activityPauseTrigger 
03-24 11:14:18.771 I/ANDR-PERF-LM(  950): LMPerfGlue: perfmodule_submit_request() 132: perfmodule_submit_request()
03-24 11:14:18.771 I/ANDR-PERF-LM(  950): Core: getInstance() 84: LM getInstance
03-24 11:14:18.771 I/ANDR-PERF-LM(  950): WQ: push() 59: LMTriggerQ push() size=5
03-24 11:14:18.771 I/ANDR-PERF-LM(  950): WQ: push() 61: LMTriggerQ push() done size=6
03-24 11:14:18.774 D/Launcher_dispatchTouchEvent( 3048): [motionEvent action:(rawX,rawY)]  14:18.683[0(129.0,911.0)] 14:18.773[1(129.0,911.0)] 
03-24 11:14:18.774 D/Launcher_Scrollto( 3048): [(rawX,rawY)|scrollX]  
03-24 11:14:18.777 D/Launcher.Lifecycle( 3048): onPause:UserHandle{0},cd049c0,true
03-24 11:14:18.777 D/Launcher_UnlockAnimationStateMachine( 3048): setState:PAUSE_WAIT
03-24 11:14:18.778 I/ANDR-PERF-LM(  950): LMPerfGlue: perfmodule_submit_request() 132: perfmodule_submit_request()
03-24 11:14:18.778 I/ANDR-PERF-LM(  950): Core: getInstance() 84: LM getInstance
03-24 11:14:18.778 I/ANDR-PERF-LM(  950): WQ: push() 59: LMTriggerQ push() size=6
03-24 11:14:18.778 I/ANDR-PERF-LM(  950): WQ: push() 61: LMTriggerQ push() done size=7
03-24 11:14:18.778 D/CompositionEngine(  998): writeOutputDependentGeometryStateToHWC layer[com.miui.miwallpaper.wallpaperservice.ImageWallpaper#0] set Z 134217728 miFodLayer 134217728
03-24 11:14:18.778 D/CompositionEngine(  998): writeOutputDependentGeometryStateToHWC layer[com.miui.home/com.miui.home.launcher.Launcher#0] set Z 134217729 miFodLayer 134217728
03-24 11:14:18.778 D/CompositionEngine(  998): writeOutputDependentGeometryStateToHWC layer[StatusBar#0] set Z 134217730 miFodLayer 134217728
03-24 11:14:18.778 D/CompositionEngine(  998): writeOutputDependentGeometryStateToHWC layer[NavigationBar0#0] set Z 134217731 miFodLayer 134217728
03-24 11:14:18.778 D/CompositionEngine(  998): writeOutputDependentGeometryStateToHWC layer[RoundCorner#0] set Z 134217732 miFodLayer 134217728
03-24 11:14:18.778 D/CompositionEngine(  998): writeOutputDependentGeometryStateToHWC layer[RoundCorner#1] set Z 134217733 miFodLayer 134217728
03-24 11:14:18.779 D/LauncherOverlay(31780): setActivityState:1
03-24 11:14:18.779 D/LauncherOverlay.Window(31780): onPause
03-24 11:14:18.779 E/ANDR-IOP(  949): io prefetch is disabled
03-24 11:14:18.785 D/StatusBarController( 3048): handleMessage: flag 800000  disable false
03-24 11:14:18.787 D/ImageWallpaperRenderer( 2668): OFFSET  x: 0.5  y: 0.0
03-24 11:14:18.790 I/MiuiNetworkPolicy( 1824): updateUidState uid = 10294, uidState = 19
03-24 11:14:18.790 D/DecorView( 1824): createDecorCaptionView windowingMode:1 mWindowMode 1 isFullscreen: true
03-24 11:14:18.794 D/Zygote  (  782): Forked child process 21170
03-24 11:14:18.795 D/Launcher_WallpaperUtils( 3048): changeStatusBarMode:false
03-24 11:14:18.795 D/CompositionEngine(  998): writeOutputDependentGeometryStateToHWC layer[com.miui.miwallpaper.wallpaperservice.ImageWallpaper#0] set Z 134217728 miFodLayer 134217728
03-24 11:14:18.795 D/CompositionEngine(  998): writeOutputDependentGeometryStateToHWC layer[com.miui.home/com.miui.home.launcher.Launcher#0] set Z 134217729 miFodLayer 134217728
03-24 11:14:18.795 D/CompositionEngine(  998): writeOutputDependentGeometryStateToHWC layer[StatusBar#0] set Z 134217730 miFodLayer 134217728
03-24 11:14:18.795 D/CompositionEngine(  998): writeOutputDependentGeometryStateToHWC layer[NavigationBar0#0] set Z 134217731 miFodLayer 134217728
03-24 11:14:18.795 D/CompositionEngine(  998): writeOutputDependentGeometryStateToHWC layer[RoundCorner#0] set Z 134217732 miFodLayer 134217728
03-24 11:14:18.795 D/CompositionEngine(  998): writeOutputDependentGeometryStateToHWC layer[RoundCorner#1] set Z 134217733 miFodLayer 134217728
03-24 11:14:18.796 W/Zygote  (21170): Unable to open libbeluga.so: dlopen failed: library "libbeluga.so" not found.
03-24 11:14:18.797 I/ActivityManager( 1824): Start proc 21170:com.netease.cloudmusic/u0a294 for pre-top-activity {com.netease.cloudmusic/com.netease.cloudmusic.activity.LoadingActivity} caller=com.miui.home
03-24 11:14:18.798 D/ImageWallpaperRenderer( 2668): OFFSET  x: 0.5  y: 0.0
03-24 11:14:18.798 I/libc    (21170): SetHeapTaggingLevel: tag level set to 0
03-24 11:14:18.802 E/ease.cloudmusi(21170): Not starting debugger since process cannot load the jdwp agent.
03-24 11:14:18.807 I/ANDR-PERF-LM(  950): LMPerfGlue: perfmodule_submit_request() 132: perfmodule_submit_request()
03-24 11:14:18.807 I/ANDR-PERF-LM(  950): Core: getInstance() 84: LM getInstance
03-24 11:14:18.807 I/ANDR-PERF-LM(  950): WQ: push() 59: LMTriggerQ push() size=7
03-24 11:14:18.807 I/ANDR-PERF-LM(  950): WQ: push() 61: LMTriggerQ push() done size=8
03-24 11:14:18.808 D/CompatibilityInfo( 1824): mCompatibilityFlags - 0
03-24 11:14:18.808 D/CompatibilityInfo( 1824): applicationDensity - 440
03-24 11:14:18.808 D/CompatibilityInfo( 1824): applicationScale - 1.0
03-24 11:14:18.810 D/CompatibilityInfo( 1824): mCompatibilityFlags - 0
03-24 11:14:18.810 D/CompatibilityInfo( 1824): applicationDensity - 440
03-24 11:14:18.810 D/CompatibilityInfo( 1824): applicationScale - 1.0
03-24 11:14:18.812 D/MIUIInput( 1824): [FoucsChange]: Display  0 FocusedWindow From Window{f187363 mode=1 rootTaskId=1 u0 com.miui.home/com.miui.home.launcher.Launcher}(1,1)  to null(0,0)
03-24 11:14:18.812 D/AutoInstallService(  327): onForegroundInfoChanged: com.netease.cloudmusic
03-24 11:14:18.812 D/Launcher.Lifecycle( 3048): onWindowFocusChanged:false,UserHandle{0},cd049c0,true
03-24 11:14:18.812 D/CompositionEngine(  998): writeOutputDependentGeometryStateToHWC layer[com.miui.miwallpaper.wallpaperservice.ImageWallpaper#0] set Z 134217728 miFodLayer 134217728
03-24 11:14:18.813 D/CompositionEngine(  998): writeOutputDependentGeometryStateToHWC layer[com.miui.home/com.miui.home.launcher.Launcher#0] set Z 134217729 miFodLayer 134217728
03-24 11:14:18.813 D/CompositionEngine(  998): writeOutputDependentGeometryStateToHWC layer[StatusBar#0] set Z 134217730 miFodLayer 134217728
03-24 11:14:18.813 D/CompositionEngine(  998): writeOutputDependentGeometryStateToHWC layer[NavigationBar0#0] set Z 134217731 miFodLayer 134217728
03-24 11:14:18.813 D/CompositionEngine(  998): writeOutputDependentGeometryStateToHWC layer[RoundCorner#0] set Z 134217732 miFodLayer 134217728
03-24 11:14:18.813 D/CompositionEngine(  998): writeOutputDependentGeometryStateToHWC layer[RoundCorner#1] set Z 134217733 miFodLayer 134217728
03-24 11:14:18.813 I/GST     ( 7001): forePkg: com.netease.cloudmusic, preForePkg: com.miui.home
03-24 11:14:18.813 D/ImageWallpaperRenderer( 2668): OFFSET  x: 0.5  y: 0.0
03-24 11:14:18.814 D/PerfEngineController( 6964): ForegroundInfo{mForegroundPackageName='com.netease.cloudmusic', mForegroundUid=10294, mForegroundPid=21170, mLastForegroundPackageName='com.miui.home', mLastForegroundUid=10082, mLastForegroundPid=3048, mMultiWindowForegroundPackageName='null', mMultiWindowForegroundUid=-1, mFlags=1}
03-24 11:14:18.815 I/ProcessMonitor( 4735): onForegroundInfoChanged: ForegroundInfo{mForegroundPackageName='com.netease.cloudmusic', mForegroundUid=10294, mForegroundPid=21170, mLastForegroundPackageName='com.miui.home', mLastForegroundUid=10082, mLastForegroundPid=3048, mMultiWindowForegroundPackageName='null', mMultiWindowForegroundUid=-1, mFlags=1}
03-24 11:14:18.815 I/GameBoosterService( 4735): onForegroundInfoChanged: Cur=com.netease.cloudmusic	 last=com.miui.home
03-24 11:14:18.817 I/MiuiNetworkPolicy( 1824): updateUidState uid = 10294, uidState = 2
03-24 11:14:18.819 I/vendor.qti.bluetooth@1.0-ibs_handler(  922): ProcessIbsCmd: Received IBS_WAKE_IND: 0xFD
03-24 11:14:18.819 D/vendor.qti.bluetooth@1.0-ibs_handler(  922): SerialClockVote: vote for UART CLK ON
03-24 11:14:18.820 D/vendor.qti.bluetooth@1.0-wake_lock(  922): Acquire wakelock is acquired 
03-24 11:14:18.820 I/vendor.qti.bluetooth@1.0-ibs_handler(  922): ProcessIbsCmd: Writing IBS_WAKE_ACK
03-24 11:14:18.821 D/ApplicationLoaders(21170): Returning zygote-cached class loader: /system/framework/android.test.base.jar
03-24 11:14:18.821 W/WakelockManagerService( 6964): uid: 10294 is unblock state
03-24 11:14:18.821 V/bt_stack( 2646): [VERBOSE1:btm_ble_gap.cc(1924)] btm_ble_process_ext_adv_pkt: bda=b8:8e:82:96:a8:f2
03-24 11:14:18.821 I/MiuiNetworkPolicyTrafficLimit( 1824): updateWhiteListUidForMobileTraffic uid=10294,add=true
03-24 11:14:18.821 V/bt_stack( 2646): [VERBOSE1:btm_ble_gap.cc(1848)] btm_ble_process_adv_addr: bda=b8:8e:82:96:a8:f2
03-24 11:14:18.821 V/bt_stack( 2646): [VERBOSE1:btm_inq.cc(1019)] BTM_InqDbRead: bd addr b8:8e:82:96:a8:f2
03-24 11:14:18.821 D/MiuiNetworkPolicyTrafficLimit( 1824): updateWhiteListUidForMobileTraffic rst=true
03-24 11:14:18.821 V/bt_stack( 2646): [VERBOSE1:btm_ble_gap.cc(1924)] btm_ble_process_ext_adv_pkt: bda=2e:da:9d:47:f6:46
03-24 11:14:18.821 V/bt_stack( 2646): [VERBOSE1:btm_ble_gap.cc(1848)] btm_ble_process_adv_addr: bda=2e:da:9d:47:f6:46
03-24 11:14:18.821 V/bt_stack( 2646): [VERBOSE1:btm_inq.cc(1019)] BTM_InqDbRead: bd addr 2e:da:9d:47:f6:46
03-24 11:14:18.821 V/bt_stack( 2646): [VERBOSE1:btm_ble_gap.cc(1924)] btm_ble_process_ext_adv_pkt: bda=b0:45:02:cd:1c:a7
03-24 11:14:18.821 V/bt_stack( 2646): [VERBOSE1:btm_ble_gap.cc(1848)] btm_ble_process_adv_addr: bda=b0:45:02:cd:1c:a7
03-24 11:14:18.821 V/bt_stack( 2646): [VERBOSE1:btm_inq.cc(1019)] BTM_InqDbRead: bd addr b0:45:02:cd:1c:a7
03-24 11:14:18.823 W/SchedBoost( 1824): SchedBoost continue: proc: 3048/3185
03-24 11:14:18.823 I/Timeline( 1824): Timeline: App_transition_ready time:45735950
03-24 11:14:18.828 D/MiuiPhoneStatusBarPolicy( 2717): updateManagedProfile: secondSpace = false
03-24 11:14:18.829 D/CompositionEngine(  998): writeOutputDependentGeometryStateToHWC layer[com.miui.miwallpaper.wallpaperservice.ImageWallpaper#0] set Z 134217728 miFodLayer 134217728
03-24 11:14:18.829 D/GameBoosterService( 4735): onGameStatusChange foreground:ForegroundInfo{mForegroundPackageName='com.netease.cloudmusic', mForegroundUid=10294, mForegroundPid=21170, mLastForegroundPackageName='com.miui.home', mLastForegroundUid=10082, mLastForegroundPid=3048, mMultiWindowForegroundPackageName='null', mMultiWindowForegroundUid=-1, mFlags=1}
03-24 11:14:18.829 I/GameBoosterService( 4735): onForegroundInfoChanged: Exit
03-24 11:14:18.829 D/CompositionEngine(  998): writeOutputDependentGeometryStateToHWC layer[com.miui.home/com.miui.home.launcher.Launcher#0] set Z 134217729 miFodLayer 134217728
03-24 11:14:18.829 D/CompositionEngine(  998): writeOutputDependentGeometryStateToHWC layer[StatusBar#0] set Z 134217730 miFodLayer 134217728
03-24 11:14:18.829 D/CompositionEngine(  998): writeOutputDependentGeometryStateToHWC layer[NavigationBar0#0] set Z 134217731 miFodLayer 134217728
03-24 11:14:18.829 I/VideoBoxUtils( 4735): isSupportVideoBox: false
03-24 11:14:18.829 D/CompositionEngine(  998): writeOutputDependentGeometryStateToHWC layer[RoundCorner#0] set Z 134217732 miFodLayer 134217728
03-24 11:14:18.829 D/CompositionEngine(  998): writeOutputDependentGeometryStateToHWC layer[RoundCorner#1] set Z 134217733 miFodLayer 134217728
03-24 11:14:18.831 I/VideoToolBoxService( 4735): onForegroundInfoChanged: Exit Vtb
03-24 11:14:18.832 D/ImageWallpaperRenderer( 2668): OFFSET  x: 0.5  y: 0.0
03-24 11:14:18.832 E/LauncherAnimationRunner( 3048): onAnimationStart
03-24 11:14:18.832 E/LauncherAnimationRunner( 3048): onAnimationStart:   mode=1   taskId=2
03-24 11:14:18.832 E/LauncherAnimationRunner( 3048): onAnimationStart:   mode=0   taskId=15246
03-24 11:14:18.833 E/QuickstepAppTransitionManagerImpl( 3048): startIconLaunchAnimator:launcherClosing=true   iconLoc=Rect(60, 781 - 216, 937)
03-24 11:14:18.833 E/QuickstepAppTransitionManagerImpl( 3048): startOpeningWindowAnimators:rotation0IconLoc=Rect(60, 781 - 216, 937)
03-24 11:14:18.833 E/ClipAnimationHelper( 3048): updateSourceStack  mSourceInsets=Rect(0, 0 - 0, 44), mSourceStackBounds=Rect(0, 0 - 1080, 2400)
03-24 11:14:18.833 E/ClipAnimationHelper( 3048): updateHomeStack  mSourceInsets=Rect(0, 0 - 0, 44), mHomeStackBounds=Rect(0, 0 - 1080, 2400)
03-24 11:14:18.833 E/ClipAnimationHelper( 3048): updateTargetRect  mSourceRect=RectF(0.0, 0.0, 1080.0, 2400.0)   mTargetRect=RectF(0.0, 0.0, 1080.0, 2400.0)   mSourceWindowClipInsets=RectF(0.0, 0.0, 0.0, 0.0)   mHomeStackBounds=Rect(0, 0 - 1080, 2400)   targetRect=Rect(0, 0 - 1080, 2400)
03-24 11:14:18.833 D/StatusBar( 2717): disable<e i a s b h r c s > disable2<q i n >
03-24 11:14:18.834 W/DimLayer( 3048): createDimLayer
03-24 11:14:18.834 E/QuickstepAppTransitionManagerImpl( 3048): startLauncherContentAnimator:isAppOpening=true
03-24 11:14:18.834 W/FloatingIconLayer( 3048): getFloatingIconLayer
03-24 11:14:18.834 E/BlurUtils( 3048): fastBlur ratio=1.0   withAnim=true   sBlurRatioValue=0.0
03-24 11:14:18.835 W/FloatingIconLayer( 3048): drawIcon
03-24 11:14:18.839 D/AppChangedListener(15957): get package name by pid:com.netease.cloudmusic
03-24 11:14:18.839 W/ActivityManager( 1824): Sending non-protected broadcast com.android.systemui.fullscreen.statechange from system 2717:com.android.systemui/1000 pkg com.android.systemui. Callers=
03-24 11:14:18.839 D/AppChangedListener(15957): packageName:com.netease.cloudmusic,current:com.miui.home
03-24 11:14:18.839 W/ActivityManager( 1824): Sending non-protected broadcast com.android.systemui.fullscreen.statechange from system 2717:com.android.systemui/1000 pkg com.android.systemui. Callers=
03-24 11:14:18.839 D/AppChangedListener(15957): onAppChanged...com.netease.cloudmusic
03-24 11:14:18.839 D/AppChangedListener(15957): onAppChanged notify listener:
03-24 11:14:18.839 D/AppChangedListener(15957): onAppChanged notify listener:g
03-24 11:14:18.839 E/AppBackListener(15957): onTopAppChanged newApp=com.netease.cloudmusic,oldApp=com.miui.home,mPersistentApp=null,innerApp=false
03-24 11:14:18.839 W/LingXiViewManager(15957): hide failed for LingXiView is null
03-24 11:14:18.840 D/AppChangedListener(15957): onAppChanged notify listener:k
03-24 11:14:18.840 I/HybridLifecycleListener(15957): onTopAppChanged: newApp=com.netease.cloudmusic from=com.miui.home fromPkg=com.netease.cloudmusic
03-24 11:14:18.843 D/ImageWallpaperRenderer( 2668): OFFSET  x: 0.5  y: 0.0
03-24 11:14:18.843 D/ImageWallpaperRenderer( 2668): OFFSET  x: 0.0  y: 0.0
03-24 11:14:18.844 D/GestureStubView( 3048): gatherTransparentRegion: need render w:54  h:1440
03-24 11:14:18.844 D/GestureStubView( 3048): gatherTransparentRegion: need render w:54  h:1440
03-24 11:14:18.844 D/NavStubView( 3048): gatherTransparentRegion: need render w:1080  h:68
03-24 11:14:18.844 W/NavStubView( 3048): onComputeInternalInsets  bounds=Rect(0, 0 - 1080, 68)   mHideGestureLine=false   mIsShowNavBar=true
03-24 11:14:18.844 I/AssistHolderView.Content(31780): forceFitSystemWindows pb = 0
03-24 11:14:18.846 D/CompositionEngine(  998): writeOutputDependentGeometryStateToHWC layer[com.miui.miwallpaper.wallpaperservice.ImageWallpaper#0] set Z 134217728 miFodLayer 134217728
03-24 11:14:18.846 D/CompositionEngine(  998): writeOutputDependentGeometryStateToHWC layer[com.miui.home/com.miui.home.launcher.Launcher#0] set Z 134217729 miFodLayer 134217728
03-24 11:14:18.846 D/CompositionEngine(  998): writeOutputDependentGeometryStateToHWC layer[StatusBar#0] set Z 134217730 miFodLayer 134217728
03-24 11:14:18.846 D/CompositionEngine(  998): writeOutputDependentGeometryStateToHWC layer[NavigationBar0#0] set Z 134217731 miFodLayer 134217728
03-24 11:14:18.846 D/CompositionEngine(  998): writeOutputDependentGeometryStateToHWC layer[RoundCorner#0] set Z 134217732 miFodLayer 134217728
03-24 11:14:18.846 D/CompositionEngine(  998): writeOutputDependentGeometryStateToHWC layer[RoundCorner#1] set Z 134217733 miFodLayer 134217728
03-24 11:14:18.847 D/RecentsContainer( 3048): onApplyWindowInsets, insets=WindowInsets{
03-24 11:14:18.847 D/RecentsContainer( 3048):     statusBars=Insets{left=0, top=96, right=0, bottom=0} max=Insets{left=0, top=96, right=0, bottom=0} vis=false
03-24 11:14:18.847 D/RecentsContainer( 3048):     navigationBars=Insets{left=0, top=0, right=0, bottom=44} max=Insets{left=0, top=0, right=0, bottom=44} vis=true
03-24 11:14:18.847 D/RecentsContainer( 3048):     =Insets{left=0, top=0, right=0, bottom=0} max=null vis=false
03-24 11:14:18.847 D/RecentsContainer( 3048):     ime=Insets{left=0, top=0, right=0, bottom=0} max=null vis=false
03-24 11:14:18.847 D/RecentsContainer( 3048):     systemGestures=Insets{left=0, top=96, right=0, bottom=44} max=Insets{left=0, top=96, right=0, bottom=44} vis=true
03-24 11:14:18.847 D/RecentsContainer( 3048):     mandatorySystemGestures=Insets{left=0, top=96, right=0, bottom=44} max=Insets{left=0, top=96, right=0, bottom=44} vis=true
03-24 11:14:18.847 D/RecentsContainer( 3048):     tappableElement=Insets{left=0, top=96, right=0, bottom=44} max=Insets{left=0, top=96, right=0, bottom=44} vis=true
03-24 11:14:18.847 D/RecentsContainer( 3048):     displayCutout=Insets{left=0, top=0, right=0, bottom=0} max=null vis=false
03-24 11:14:18.847 D/RecentsContainer( 3048):     windowDecor=null max=null vis=false
03-24 11:14:18.847 D/RecentsContainer( 3048):     
03-24 11:14:18.847 D/RecentsContainer( 3048):     }, rotation=0
03-24 11:14:18.848 D/ImageWallpaperRenderer( 2668): OFFSET  x: 0.5  y: 0.0
03-24 11:14:18.850 W/ExtendedOnScrollListener2(31780): calculateScrollY firstView is null!
03-24 11:14:18.852 D/ScreenView_ScreenView( 3048): dispatchDraw:0
03-24 11:14:18.852 D/ScreenView_Workspace( 3048): dispatchDraw:1080
03-24 11:14:18.852 D/ScreenView_HotSeats( 3048): dispatchDraw:0
03-24 11:14:18.853 W/AssistHolderView.Bg(31780): scrollWithAssistList no header bg!
03-24 11:14:18.861 E/BlurUtils( 3048): fastBlurDirectly ratio=0.01136592   win=com.android.internal.policy.MiuiPhoneWindow@850d6e3
03-24 11:14:18.861 W/SurfaceFlinger(  998): eEarlyWakeup is deprecated. Use eExplicitEarlyWakeup[Start|End]
03-24 11:14:18.862 W/SurfaceFlinger(  998): eEarlyWakeup is deprecated. Use eExplicitEarlyWakeup[Start|End]
03-24 11:14:18.863 D/CompositionEngine(  998): writeOutputDependentGeometryStateToHWC layer[com.miui.miwallpaper.wallpaperservice.ImageWallpaper#0] set Z 134217728 miFodLayer 134217728
03-24 11:14:18.863 D/CompositionEngine(  998): writeOutputDependentGeometryStateToHWC layer[com.miui.home/com.miui.home.launcher.Launcher#0] set Z 134217729 miFodLayer 134217728
03-24 11:14:18.863 D/CompositionEngine(  998): writeOutputDependentGeometryStateToHWC layer[StatusBar#0] set Z 134217730 miFodLayer 134217728
03-24 11:14:18.863 D/CompositionEngine(  998): writeOutputDependentGeometryStateToHWC layer[NavigationBar0#0] set Z 134217731 miFodLayer 134217728
03-24 11:14:18.863 D/CompositionEngine(  998): writeOutputDependentGeometryStateToHWC layer[RoundCorner#0] set Z 134217732 miFodLayer 134217728
03-24 11:14:18.863 D/CompositionEngine(  998): writeOutputDependentGeometryStateToHWC layer[RoundCorner#1] set Z 134217733 miFodLayer 134217728
03-24 11:14:18.863 D/ImageWallpaperRenderer( 2668): OFFSET  x: 0.5  y: 0.0
03-24 11:14:18.877 E/Layer   (  998): setupBlurSurface setupBlurSurface com.miui.home/com.miui.home.launcher.Launcher#0
03-24 11:14:18.878 W/SurfaceFlinger(  998): eEarlyWakeup is deprecated. Use eExplicitEarlyWakeup[Start|End]
03-24 11:14:18.879 D/CompositionEngine(  998): writeOutputDependentGeometryStateToHWC layer[com.miui.miwallpaper.wallpaperservice.ImageWallpaper#0] set Z 134217728 miFodLayer 134217728
03-24 11:14:18.879 D/CompositionEngine(  998): writeOutputDependentGeometryStateToHWC layer[com.miui.home/com.miui.home.launcher.Launcher#0] set Z 134217729 miFodLayer 134217728
03-24 11:14:18.879 D/CompositionEngine(  998): writeOutputDependentGeometryStateToHWC layer[Floating Icon#0] set Z 134217730 miFodLayer 134217728
03-24 11:14:18.879 D/CompositionEngine(  998): writeOutputDependentGeometryStateToHWC layer[StatusBar#0] set Z 134217731 miFodLayer 134217728
03-24 11:14:18.879 D/CompositionEngine(  998): writeOutputDependentGeometryStateToHWC layer[NavigationBar0#0] set Z 134217732 miFodLayer 134217728
03-24 11:14:18.879 D/CompositionEngine(  998): writeOutputDependentGeometryStateToHWC layer[RoundCorner#0] set Z 134217733 miFodLayer 134217728
03-24 11:14:18.880 D/CompositionEngine(  998): writeOutputDependentGeometryStateToHWC layer[RoundCorner#1] set Z 134217734 miFodLayer 134217728
03-24 11:14:18.882 D/ImageWallpaperRenderer( 2668): OFFSET  x: 0.5  y: 0.0
03-24 11:14:18.894 D/SlaveWifiManager( 1824): getWifiSlaveConnectionInfo
03-24 11:14:18.894 E/BlurUtils( 3048): fastBlurDirectly ratio=0.09549156   win=com.android.internal.policy.MiuiPhoneWindow@850d6e3
03-24 11:14:18.894 D/SlaveWifiManager( 1824): getWifiSlaveConnectionInfo
03-24 11:14:18.894 W/SurfaceFlinger(  998): eEarlyWakeup is deprecated. Use eExplicitEarlyWakeup[Start|End]
03-24 11:14:18.895 W/SurfaceFlinger(  998): eEarlyWakeup is deprecated. Use eExplicitEarlyWakeup[Start|End]
03-24 11:14:18.896 D/CompositionEngine(  998): writeOutputDependentGeometryStateToHWC layer[com.miui.miwallpaper.wallpaperservice.ImageWallpaper#0] set Z 134217728 miFodLayer 134217728
03-24 11:14:18.896 D/CompositionEngine(  998): writeOutputDependentGeometryStateToHWC layer[com.miui.home/com.miui.home.launcher.Launcher#0] set Z 134217729 miFodLayer 134217728
03-24 11:14:18.896 D/CompositionEngine(  998): writeOutputDependentGeometryStateToHWC layer[Floating Icon#0] set Z 134217730 miFodLayer 134217728
03-24 11:14:18.896 D/CompositionEngine(  998): writeOutputDependentGeometryStateToHWC layer[StatusBar#0] set Z 134217731 miFodLayer 134217728
03-24 11:14:18.896 D/CompositionEngine(  998): writeOutputDependentGeometryStateToHWC layer[NavigationBar0#0] set Z 134217732 miFodLayer 134217728
03-24 11:14:18.896 D/CompositionEngine(  998): writeOutputDependentGeometryStateToHWC layer[RoundCorner#0] set Z 134217733 miFodLayer 134217728
03-24 11:14:18.896 D/CompositionEngine(  998): writeOutputDependentGeometryStateToHWC layer[RoundCorner#1] set Z 134217734 miFodLayer 134217728
03-24 11:14:18.896 D/ImageWallpaperRenderer( 2668): OFFSET  x: 0.5  y: 0.0
03-24 11:14:18.898 I/SLAService( 4405): onCapabilitiesChanged name : WIFI
03-24 11:14:18.899 D/WifiScoreReportInjector( 1824): Fast switch not enabled
03-24 11:14:18.900 I/vendor.qti.bluetooth@1.0-ibs_handler(  922): ProcessIbsCmd: Received IBS_SLEEP_IND: 0xFE
03-24 11:14:18.900 D/vendor.qti.bluetooth@1.0-ibs_handler(  922): SerialClockVote: vote for UART CLK OFF
03-24 11:14:18.901 D/QCNEJ/WlanStaInfoRelay( 2995): Received action: android.net.wifi.RSSI_CHANGED
03-24 11:14:18.902 D/NetworkStateReceiver(15957): sWifiStrengthLevel = 4
03-24 11:14:18.902 D/NetworkController( 2717): onReceive: intent=Intent { act=android.net.wifi.RSSI_CHANGED flg=0x4000010 (has extras) }
03-24 11:14:18.906 I/Perf    (21170): Connecting to perf service.
03-24 11:14:18.908 I/Process (19178): Sending signal. PID: 20545 SIG: 9
03-24 11:14:18.911 W/SurfaceFlinger(  998): eEarlyWakeup is deprecated. Use eExplicitEarlyWakeup[Start|End]
03-24 11:14:18.911 W/SurfaceFlinger(  998): eEarlyWakeup is deprecated. Use eExplicitEarlyWakeup[Start|End]
03-24 11:14:18.913 D/CompositionEngine(  998): writeOutputDependentGeometryStateToHWC layer[com.miui.miwallpaper.wallpaperservice.ImageWallpaper#0] set Z 134217728 miFodLayer 134217728
03-24 11:14:18.913 D/CompositionEngine(  998): writeOutputDependentGeometryStateToHWC layer[com.miui.home/com.miui.home.launcher.Launcher#0] set Z 134217729 miFodLayer 134217728
03-24 11:14:18.913 D/CompositionEngine(  998): writeOutputDependentGeometryStateToHWC layer[Launcher Dim#0] set Z 134217730 miFodLayer 134217728
03-24 11:14:18.913 D/CompositionEngine(  998): writeOutputDependentGeometryStateToHWC layer[Floating Icon#0] set Z 134217731 miFodLayer 134217728
03-24 11:14:18.913 D/CompositionEngine(  998): writeOutputDependentGeometryStateToHWC layer[StatusBar#0] set Z 134217732 miFodLayer 134217728
03-24 11:14:18.913 D/CompositionEngine(  998): writeOutputDependentGeometryStateToHWC layer[NavigationBar0#0] set Z 134217733 miFodLayer 134217728
03-24 11:14:18.913 D/CompositionEngine(  998): writeOutputDependentGeometryStateToHWC layer[RoundCorner#0] set Z 134217734 miFodLayer 134217728
03-24 11:14:18.913 D/CompositionEngine(  998): writeOutputDependentGeometryStateToHWC layer[RoundCorner#1] set Z 134217735 miFodLayer 134217728
03-24 11:14:18.916 D/ImageWallpaperRenderer( 2668): OFFSET  x: 0.5  y: 0.0
03-24 11:14:18.919 D/NetworkSecurityConfig(21170): Using Network Security Config from resource m debugBuild: false
03-24 11:14:18.919 D/NetworkSecurityConfig(21170): Using Network Security Config from resource m debugBuild: false
03-24 11:14:18.921 I/Process (19178): Sending signal. PID: 20562 SIG: 9
03-24 11:14:18.928 E/BlurUtils( 3048): fastBlurDirectly ratio=0.2536363   win=com.android.internal.policy.MiuiPhoneWindow@850d6e3
03-24 11:14:18.928 W/SurfaceFlinger(  998): eEarlyWakeup is deprecated. Use eExplicitEarlyWakeup[Start|End]
03-24 11:14:18.928 W/SurfaceFlinger(  998): eEarlyWakeup is deprecated. Use eExplicitEarlyWakeup[Start|End]
03-24 11:14:18.929 D/ImageWallpaperRenderer( 2668): OFFSET  x: 0.5  y: 0.0
03-24 11:14:18.930 D/CompositionEngine(  998): writeOutputDependentGeometryStateToHWC layer[com.miui.miwallpaper.wallpaperservice.ImageWallpaper#0] set Z 134217728 miFodLayer 134217728
03-24 11:14:18.930 D/CompositionEngine(  998): writeOutputDependentGeometryStateToHWC layer[com.miui.home/com.miui.home.launcher.Launcher#0] set Z 134217729 miFodLayer 134217728
03-24 11:14:18.930 D/CompositionEngine(  998): writeOutputDependentGeometryStateToHWC layer[Launcher Dim#0] set Z 134217730 miFodLayer 134217728
03-24 11:14:18.930 D/CompositionEngine(  998): writeOutputDependentGeometryStateToHWC layer[Floating Icon#0] set Z 134217731 miFodLayer 134217728
03-24 11:14:18.930 D/CompositionEngine(  998): writeOutputDependentGeometryStateToHWC layer[Splash Screen com.netease.cloudmusic#0] set Z 134217732 miFodLayer 134217728
03-24 11:14:18.930 D/CompositionEngine(  998): writeOutputDependentGeometryStateToHWC layer[StatusBar#0] set Z 134217733 miFodLayer 134217728
03-24 11:14:18.930 D/CompositionEngine(  998): writeOutputDependentGeometryStateToHWC layer[NavigationBar0#0] set Z 134217734 miFodLayer 134217728
03-24 11:14:18.930 D/CompositionEngine(  998): writeOutputDependentGeometryStateToHWC layer[RoundCorner#0] set Z 134217735 miFodLayer 134217728
03-24 11:14:18.930 D/CompositionEngine(  998): writeOutputDependentGeometryStateToHWC layer[RoundCorner#1] set Z 134217736 miFodLayer 134217728
03-24 11:14:18.945 W/SurfaceFlinger(  998): eEarlyWakeup is deprecated. Use eExplicitEarlyWakeup[Start|End]
03-24 11:14:18.945 W/SurfaceFlinger(  998): eEarlyWakeup is deprecated. Use eExplicitEarlyWakeup[Start|End]
03-24 11:14:18.945 W/FloatingIconLayer( 3048): release
03-24 11:14:18.946 D/CompositionEngine(  998): writeOutputDependentGeometryStateToHWC layer[com.miui.miwallpaper.wallpaperservice.ImageWallpaper#0] set Z 134217728 miFodLayer 134217728
03-24 11:14:18.946 D/CompositionEngine(  998): writeOutputDependentGeometryStateToHWC layer[com.miui.home/com.miui.home.launcher.Launcher#0] set Z 134217729 miFodLayer 134217728
03-24 11:14:18.946 D/CompositionEngine(  998): writeOutputDependentGeometryStateToHWC layer[Launcher Dim#0] set Z 134217730 miFodLayer 134217728
03-24 11:14:18.946 D/CompositionEngine(  998): writeOutputDependentGeometryStateToHWC layer[Floating Icon#0] set Z 134217731 miFodLayer 134217728
03-24 11:14:18.946 D/CompositionEngine(  998): writeOutputDependentGeometryStateToHWC layer[Splash Screen com.netease.cloudmusic#0] set Z 134217732 miFodLayer 134217728
03-24 11:14:18.946 D/CompositionEngine(  998): writeOutputDependentGeometryStateToHWC layer[StatusBar#0] set Z 134217733 miFodLayer 134217728
03-24 11:14:18.946 D/CompositionEngine(  998): writeOutputDependentGeometryStateToHWC layer[NavigationBar0#0] set Z 134217734 miFodLayer 134217728
03-24 11:14:18.946 D/CompositionEngine(  998): writeOutputDependentGeometryStateToHWC layer[RoundCorner#0] set Z 134217735 miFodLayer 134217728
03-24 11:14:18.946 D/CompositionEngine(  998): writeOutputDependentGeometryStateToHWC layer[RoundCorner#1] set Z 134217736 miFodLayer 134217728
03-24 11:14:18.947 D/ImageWallpaperRenderer( 2668): OFFSET  x: 0.5  y: 0.0
03-24 11:14:18.961 E/BlurUtils( 3048): fastBlurDirectly ratio=0.44981903   win=com.android.internal.policy.MiuiPhoneWindow@850d6e3
03-24 11:14:18.961 W/SurfaceFlinger(  998): eEarlyWakeup is deprecated. Use eExplicitEarlyWakeup[Start|End]
03-24 11:14:18.962 W/SurfaceFlinger(  998): eEarlyWakeup is deprecated. Use eExplicitEarlyWakeup[Start|End]
03-24 11:14:18.963 D/ImageWallpaperRenderer( 2668): OFFSET  x: 0.5  y: 0.0
03-24 11:14:18.963 D/CompositionEngine(  998): writeOutputDependentGeometryStateToHWC layer[com.miui.miwallpaper.wallpaperservice.ImageWallpaper#0] set Z 134217728 miFodLayer 134217728
03-24 11:14:18.963 D/CompositionEngine(  998): writeOutputDependentGeometryStateToHWC layer[com.miui.home/com.miui.home.launcher.Launcher#0] set Z 134217729 miFodLayer 134217728
03-24 11:14:18.963 D/CompositionEngine(  998): writeOutputDependentGeometryStateToHWC layer[Launcher Dim#0] set Z 134217730 miFodLayer 134217728
03-24 11:14:18.963 D/CompositionEngine(  998): writeOutputDependentGeometryStateToHWC layer[Splash Screen com.netease.cloudmusic#0] set Z 134217731 miFodLayer 134217728
03-24 11:14:18.963 D/CompositionEngine(  998): writeOutputDependentGeometryStateToHWC layer[StatusBar#0] set Z 134217732 miFodLayer 134217728
03-24 11:14:18.963 D/CompositionEngine(  998): writeOutputDependentGeometryStateToHWC layer[NavigationBar0#0] set Z 134217733 miFodLayer 134217728
03-24 11:14:18.963 D/CompositionEngine(  998): writeOutputDependentGeometryStateToHWC layer[RoundCorner#0] set Z 134217734 miFodLayer 134217728
03-24 11:14:18.963 D/CompositionEngine(  998): writeOutputDependentGeometryStateToHWC layer[RoundCorner#1] set Z 134217735 miFodLayer 134217728
03-24 11:14:18.978 W/SurfaceFlinger(  998): eEarlyWakeup is deprecated. Use eExplicitEarlyWakeup[Start|End]
03-24 11:14:18.978 W/SurfaceFlinger(  998): eEarlyWakeup is deprecated. Use eExplicitEarlyWakeup[Start|End]
03-24 11:14:18.979 D/ImageWallpaperRenderer( 2668): OFFSET  x: 0.5  y: 0.0
03-24 11:14:18.979 D/CompositionEngine(  998): writeOutputDependentGeometryStateToHWC layer[com.miui.miwallpaper.wallpaperservice.ImageWallpaper#0] set Z 134217728 miFodLayer 134217728
03-24 11:14:18.979 D/CompositionEngine(  998): writeOutputDependentGeometryStateToHWC layer[com.miui.home/com.miui.home.launcher.Launcher#0] set Z 134217729 miFodLayer 134217728
03-24 11:14:18.979 D/CompositionEngine(  998): writeOutputDependentGeometryStateToHWC layer[Launcher Dim#0] set Z 134217730 miFodLayer 134217728
03-24 11:14:18.979 D/CompositionEngine(  998): writeOutputDependentGeometryStateToHWC layer[Splash Screen com.netease.cloudmusic#0] set Z 134217731 miFodLayer 134217728
03-24 11:14:18.979 D/CompositionEngine(  998): writeOutputDependentGeometryStateToHWC layer[StatusBar#0] set Z 134217732 miFodLayer 134217728
03-24 11:14:18.979 D/CompositionEngine(  998): writeOutputDependentGeometryStateToHWC layer[NavigationBar0#0] set Z 134217733 miFodLayer 134217728
03-24 11:14:18.979 D/CompositionEngine(  998): writeOutputDependentGeometryStateToHWC layer[RoundCorner#0] set Z 134217734 miFodLayer 134217728
03-24 11:14:18.979 D/CompositionEngine(  998): writeOutputDependentGeometryStateToHWC layer[RoundCorner#1] set Z 134217735 miFodLayer 134217728
03-24 11:14:18.995 E/BlurUtils( 3048): fastBlurDirectly ratio=0.6604718   win=com.android.internal.policy.MiuiPhoneWindow@850d6e3
03-24 11:14:18.995 W/SurfaceFlinger(  998): eEarlyWakeup is deprecated. Use eExplicitEarlyWakeup[Start|End]
03-24 11:14:18.995 W/SurfaceFlinger(  998): eEarlyWakeup is deprecated. Use eExplicitEarlyWakeup[Start|End]
03-24 11:14:18.996 D/ImageWallpaperRenderer( 2668): OFFSET  x: 0.5  y: 0.0
03-24 11:14:18.997 W/HMSSDK_PushPreferences(21170): get new sharedPreferences failed,start to get from context. 
03-24 11:14:18.997 D/CompositionEngine(  998): writeOutputDependentGeometryStateToHWC layer[com.miui.miwallpaper.wallpaperservice.ImageWallpaper#0] set Z 134217728 miFodLayer 134217728
03-24 11:14:18.997 D/CompositionEngine(  998): writeOutputDependentGeometryStateToHWC layer[com.miui.home/com.miui.home.launcher.Launcher#0] set Z 134217729 miFodLayer 134217728
03-24 11:14:18.997 D/CompositionEngine(  998): writeOutputDependentGeometryStateToHWC layer[Launcher Dim#0] set Z 134217730 miFodLayer 134217728
03-24 11:14:18.997 D/CompositionEngine(  998): writeOutputDependentGeometryStateToHWC layer[Splash Screen com.netease.cloudmusic#0] set Z 134217731 miFodLayer 134217728
03-24 11:14:18.997 D/CompositionEngine(  998): writeOutputDependentGeometryStateToHWC layer[StatusBar#0] set Z 134217732 miFodLayer 134217728
03-24 11:14:18.997 D/CompositionEngine(  998): writeOutputDependentGeometryStateToHWC layer[NavigationBar0#0] set Z 134217733 miFodLayer 134217728
03-24 11:14:18.997 D/CompositionEngine(  998): writeOutputDependentGeometryStateToHWC layer[RoundCorner#0] set Z 134217734 miFodLayer 134217728
03-24 11:14:18.997 D/CompositionEngine(  998): writeOutputDependentGeometryStateToHWC layer[RoundCorner#1] set Z 134217735 miFodLayer 134217728
03-24 11:14:19.004 I/keystore( 1299): del USRPKEY_eb5c0f21d18db59b1182f2abfa0cf58d 10294
03-24 11:14:19.004 I/keystore( 1299): del USRSKEY_eb5c0f21d18db59b1182f2abfa0cf58d 10294
03-24 11:14:19.004 I/keystore( 1299): del USRCERT_eb5c0f21d18db59b1182f2abfa0cf58d 10294
03-24 11:14:19.004 I/keystore( 1299): del CACERT_eb5c0f21d18db59b1182f2abfa0cf58d 10294
03-24 11:14:19.006 D/DrmLibTime(  610): got the req here! ret=0
03-24 11:14:19.006 D/DrmLibTime(  610): command id, time_cmd_id = 770
03-24 11:14:19.006 D/DrmLibTime(  610): time_getutcsec starts!
03-24 11:14:19.006 D/DrmLibTime(  610): QSEE Time Listener: time_getutcsec
03-24 11:14:19.006 D/DrmLibTime(  610): QSEE Time Listener: get_utc_seconds
03-24 11:14:19.006 D/DrmLibTime(  610): QSEE Time Listener: time_get_modem_time
03-24 11:14:19.006 D/DrmLibTime(  610): QSEE Time Listener: Checking if ATS_MODEM is set or not.
03-24 11:14:19.006 D/QC-time-services(  610): Lib:time_genoff_operation: pargs->base = 13
03-24 11:14:19.006 D/QC-time-services(  610): Lib:time_genoff_operation: pargs->operation = 2
03-24 11:14:19.006 D/QC-time-services(  610): Lib:time_genoff_operation: pargs->ts_val = 0
03-24 11:14:19.007 D/QC-time-services(  610): Lib:time_genoff_operation: Send to server  passed!!
03-24 11:14:19.007 D/QC-time-services(  774): Daemon: Connection accepted:time_genoff
03-24 11:14:19.008 D/QC-time-services(  774): Daemon:Received base = 13, unit = 1, operation = 2,value = 0
03-24 11:14:19.008 D/QC-time-services(  774): Daemon:genoff_opr: Base = 13, val = 0, operation = 2
03-24 11:14:19.008 D/QC-time-services(  774): offset is: 1 for base: 13
03-24 11:14:19.008 E/QC-time-services(  610): Receive Passed == base = 13, unit = 1, operation = 2, result = 0
03-24 11:14:19.008 D/DrmLibTime(  610): QSEE Time Listener: ATS_MODEM is set. Try to retrieve it.
03-24 11:14:19.008 E/QC-time-services(  774): Daemon: Time-services: Waiting to acceptconnection
03-24 11:14:19.008 D/QC-time-services(  774): Daemon: Connection accepted:time_genoff
03-24 11:14:19.008 D/QC-time-services(  774): Daemon:Received base = 13, unit = 1, operation = 1,value = 0
03-24 11:14:19.008 D/QC-time-services(  774): Daemon:genoff_opr: Base = 13, val = 0, operation = 1
03-24 11:14:19.008 D/QC-time-services(  774): Daemon: genoff get for 13
03-24 11:14:19.008 D/QC-time-services(  774): Daemon:Value read from QTimer mseconds = 130005511
03-24 11:14:19.008 D/QC-time-services(  774): Daemon:Value read from RTC mseconds on boot = 51486268000
03-24 11:14:19.008 D/QC-time-services(  774): Daemon:Value read from QTimer mseconds = 130005511
03-24 11:14:19.008 D/QC-time-services(  774): Daemon:Value read from generic offset = 1596475394349
03-24 11:14:19.008 D/QC-time-services(  774): Daemon:Delta read on boot mseconds = 51486259155
03-24 11:14:19.008 D/QC-time-services(  774): Daemon:Final Time = 1648091659015
03-24 11:14:19.008 D/DrmLibTime(  610): QSEE Time Listener: Time GenOff - seconds: 1648091659
03-24 11:14:19.008 D/DrmLibTime(  610): time_getutcsec returns 0, sec = 1648091659; nsec = 0
03-24 11:14:19.008 D/DrmLibTime(  610): time_getutcsec finished! 
03-24 11:14:19.009 D/DrmLibTime(  610): iotcl_continue_command finished! and return 0 
03-24 11:14:19.009 D/DrmLibTime(  610): before calling ioctl to read the next time_cmd
03-24 11:14:19.010 E/HMSSDK_HMSPackageManager(21170): Failed to find HMS apk
03-24 11:14:19.011 E/QC-time-services(  774): Daemon: Time-services: Waiting to acceptconnection
03-24 11:14:19.011 W/SurfaceFlinger(  998): eEarlyWakeup is deprecated. Use eExplicitEarlyWakeup[Start|End]
03-24 11:14:19.012 W/SurfaceFlinger(  998): eEarlyWakeup is deprecated. Use eExplicitEarlyWakeup[Start|End]
03-24 11:14:19.013 D/ImageWallpaperRenderer( 2668): OFFSET  x: 0.5  y: 0.0
03-24 11:14:19.013 D/CompositionEngine(  998): writeOutputDependentGeometryStateToHWC layer[com.miui.miwallpaper.wallpaperservice.ImageWallpaper#0] set Z 134217728 miFodLayer 134217728
03-24 11:14:19.013 D/CompositionEngine(  998): writeOutputDependentGeometryStateToHWC layer[com.miui.home/com.miui.home.launcher.Launcher#0] set Z 134217729 miFodLayer 134217728
03-24 11:14:19.013 D/CompositionEngine(  998): writeOutputDependentGeometryStateToHWC layer[Launcher Dim#0] set Z 134217730 miFodLayer 134217728
03-24 11:14:19.013 D/CompositionEngine(  998): writeOutputDependentGeometryStateToHWC layer[Splash Screen com.netease.cloudmusic#0] set Z 134217731 miFodLayer 134217728
03-24 11:14:19.013 D/CompositionEngine(  998): writeOutputDependentGeometryStateToHWC layer[StatusBar#0] set Z 134217732 miFodLayer 134217728
03-24 11:14:19.013 D/CompositionEngine(  998): writeOutputDependentGeometryStateToHWC layer[NavigationBar0#0] set Z 134217733 miFodLayer 134217728
